<html>
<body>
<pre>
<h1>µVision Build Log</h1>
<h2>Project:</h2>
E:\workspace\STM32\stm32f103_mini\USER\test01.uvproj
Project File Date:  04/25/2015

<h2>Output:</h2>
Load "..\\OBJ\\test01.AXF" 
Rebuild target 'stm32f103_test'
compiling main.c...
compiling stm32f10x_it.c...
compiling system_stm32f10x.c...
compiling core_cm3.c...
assembling startup_stm32f10x_md.s...
compiling misc.c...
compiling stm32f10x_adc.c...
compiling stm32f10x_bkp.c...
compiling stm32f10x_can.c...
compiling stm32f10x_cec.c...
compiling stm32f10x_crc.c...
compiling stm32f10x_dac.c...
compiling stm32f10x_dbgmcu.c...
compiling stm32f10x_dma.c...
compiling stm32f10x_exti.c...
compiling stm32f10x_flash.c...
compiling stm32f10x_fsmc.c...
compiling stm32f10x_gpio.c...
compiling stm32f10x_i2c.c...
compiling stm32f10x_iwdg.c...
compiling stm32f10x_pwr.c...
compiling stm32f10x_rcc.c...
compiling stm32f10x_rtc.c...
compiling stm32f10x_sdio.c...
compiling stm32f10x_spi.c...
compiling stm32f10x_tim.c...
compiling stm32f10x_usart.c...
compiling stm32f10x_wwdg.c...
compiling timer.c...
compiling dac.c...
compiling adc.c...
compiling dma.c...
compiling usart.c...
..\SYSTEM\usart\usart.c(57): warning:  #550-D: variable "Res" was set but never used
compiling sys.c...
compiling delay.c...
compiling usb_core.c...
compiling usb_init.c...
compiling usb_int.c...
compiling usb_mem.c...
compiling usb_regs.c...
compiling usb_sil.c...
compiling hw_config.c...
compiling usb_desc.c...
compiling usb_endp.c...
compiling usb_istr.c...
compiling usb_prop.c...
compiling usb_pwr.c...
linking...
Program Size: Code=18582 RO-data=434 RW-data=420 ZI-data=2316  
FromELF: creating hex file...
"..\OBJ\test01.axf" - 0 Error(s), 1 Warning(s).
Load "..\\OBJ\\test01.AXF" 
Erase Done.
Programming Done.
Verify OK.
Application running ...
Load "..\\OBJ\\test01.AXF" 
Load "..\\OBJ\\test01.AXF" 
Erase Done.
Programming Done.
Verify OK.
Application running ...
Build target 'stm32f103_test'
compiling main.c...
compiling stm32f10x_it.c...
compiling timer.c...
compiling usb_core.c...
compiling usb_init.c...
compiling usb_int.c...
compiling usb_mem.c...
compiling usb_regs.c...
compiling usb_sil.c...
compiling hw_config.c...
compiling usb_desc.c...
compiling usb_endp.c...
compiling usb_istr.c...
compiling usb_prop.c...
compiling usb_pwr.c...
linking...
Program Size: Code=18538 RO-data=434 RW-data=420 ZI-data=2316  
FromELF: creating hex file...
"..\OBJ\test01.axf" - 0 Error(s), 0 Warning(s).
Rebuild target 'stm32f103_test'
compiling main.c...
compiling stm32f10x_it.c...
compiling system_stm32f10x.c...
compiling core_cm3.c...
assembling startup_stm32f10x_md.s...
compiling misc.c...
compiling stm32f10x_adc.c...
compiling stm32f10x_bkp.c...
compiling stm32f10x_can.c...
compiling stm32f10x_cec.c...
compiling stm32f10x_crc.c...
compiling stm32f10x_dac.c...
compiling stm32f10x_dbgmcu.c...
compiling stm32f10x_dma.c...
compiling stm32f10x_exti.c...
compiling stm32f10x_flash.c...
compiling stm32f10x_fsmc.c...
compiling stm32f10x_gpio.c...
compiling stm32f10x_i2c.c...
compiling stm32f10x_iwdg.c...
compiling stm32f10x_pwr.c...
compiling stm32f10x_rcc.c...
compiling stm32f10x_rtc.c...
compiling stm32f10x_sdio.c...
compiling stm32f10x_spi.c...
compiling stm32f10x_tim.c...
compiling stm32f10x_usart.c...
compiling stm32f10x_wwdg.c...
compiling timer.c...
compiling dac.c...
compiling adc.c...
compiling dma.c...
compiling usart.c...
..\SYSTEM\usart\usart.c(57): warning:  #550-D: variable "Res" was set but never used
compiling sys.c...
compiling delay.c...
compiling usb_core.c...
compiling usb_init.c...
compiling usb_int.c...
compiling usb_mem.c...
compiling usb_regs.c...
compiling usb_sil.c...
compiling hw_config.c...
compiling usb_desc.c...
compiling usb_endp.c...
compiling usb_istr.c...
compiling usb_prop.c...
compiling usb_pwr.c...
linking...
Program Size: Code=18538 RO-data=434 RW-data=420 ZI-data=2316  
FromELF: creating hex file...
"..\OBJ\test01.axf" - 0 Error(s), 1 Warning(s).
Load "..\\OBJ\\test01.AXF" 
Erase Done.
Programming Done.
Verify OK.
Application running ...
Build target 'stm32f103_test'
compiling adc.c...
..\HARDWARE\ADC\adc.c(21): error:  #65: expected a ";"
Target not created
Build target 'stm32f103_test'
compiling adc.c...
linking...
Program Size: Code=18538 RO-data=434 RW-data=420 ZI-data=2316  
FromELF: creating hex file...
"..\OBJ\test01.axf" - 0 Error(s), 0 Warning(s).
Load "..\\OBJ\\test01.AXF" 
Erase Done.
Programming Done.
Verify OK.
Application running ...
Rebuild target 'stm32f103_test'
compiling main.c...
compiling stm32f10x_it.c...
compiling system_stm32f10x.c...
compiling core_cm3.c...
assembling startup_stm32f10x_md.s...
compiling misc.c...
compiling stm32f10x_adc.c...
compiling stm32f10x_bkp.c...
compiling stm32f10x_can.c...
compiling stm32f10x_cec.c...
compiling stm32f10x_crc.c...
compiling stm32f10x_dac.c...
compiling stm32f10x_dbgmcu.c...
compiling stm32f10x_dma.c...
compiling stm32f10x_exti.c...
compiling stm32f10x_flash.c...
compiling stm32f10x_fsmc.c...
compiling stm32f10x_gpio.c...
compiling stm32f10x_i2c.c...
compiling stm32f10x_iwdg.c...
compiling stm32f10x_pwr.c...
compiling stm32f10x_rcc.c...
compiling stm32f10x_rtc.c...
compiling stm32f10x_sdio.c...
compiling stm32f10x_spi.c...
compiling stm32f10x_tim.c...
compiling stm32f10x_usart.c...
compiling stm32f10x_wwdg.c...
compiling timer.c...
compiling dac.c...
compiling adc.c...
compiling dma.c...
compiling usart.c...
..\SYSTEM\usart\usart.c(57): warning:  #550-D: variable "Res" was set but never used
compiling sys.c...
compiling delay.c...
compiling usb_core.c...
compiling usb_init.c...
compiling usb_int.c...
compiling usb_mem.c...
compiling usb_regs.c...
compiling usb_sil.c...
compiling hw_config.c...
compiling usb_desc.c...
compiling usb_endp.c...
compiling usb_istr.c...
compiling usb_prop.c...
compiling usb_pwr.c...
linking...
Program Size: Code=18522 RO-data=434 RW-data=420 ZI-data=2316  
FromELF: creating hex file...
"..\OBJ\test01.axf" - 0 Error(s), 1 Warning(s).
Load "..\\OBJ\\test01.AXF" 
Erase Done.
Programming Done.
Verify OK.
Application running ...
Build target 'stm32f103_test'
compiling hw_config.c...
linking...
Program Size: Code=18538 RO-data=434 RW-data=420 ZI-data=2316  
FromELF: creating hex file...
"..\OBJ\test01.axf" - 0 Error(s), 0 Warning(s).
Load "..\\OBJ\\test01.AXF" 
Erase Done.
Programming Done.
Verify OK.
Application running ...
Build target 'stm32f103_test'
compiling timer.c...
linking...
Program Size: Code=18598 RO-data=434 RW-data=420 ZI-data=2316  
FromELF: creating hex file...
"..\OBJ\test01.axf" - 0 Error(s), 0 Warning(s).
Load "..\\OBJ\\test01.AXF" 
Erase Done.
Programming Done.
Verify OK.
Application running ...
Build target 'stm32f103_test'
linking...
Program Size: Code=18598 RO-data=434 RW-data=420 ZI-data=2316  
FromELF: creating hex file...
"..\OBJ\test01.axf" - 0 Error(s), 0 Warning(s).
Load "..\\OBJ\\test01.AXF" 
Erase Done.
Programming Done.
Verify OK.
Application running ...
Build target 'stm32f103_test'
compiling timer.c...
linking...
Program Size: Code=18538 RO-data=434 RW-data=420 ZI-data=2316  
FromELF: creating hex file...
"..\OBJ\test01.axf" - 0 Error(s), 0 Warning(s).
Load "..\\OBJ\\test01.AXF" 
Erase Done.
Programming Done.
Verify OK.
Application running ...
Build target 'stm32f103_test'
compiling usb_desc.c...
linking...
Program Size: Code=18538 RO-data=434 RW-data=420 ZI-data=2316  
FromELF: creating hex file...
"..\OBJ\test01.axf" - 0 Error(s), 0 Warning(s).
Load "..\\OBJ\\test01.AXF" 
Erase Done.
Programming Done.
Verify OK.
Application running ...
Build target 'stm32f103_test'
compiling usb_desc.c...
compiling usb_prop.c...
linking...
Program Size: Code=18538 RO-data=434 RW-data=420 ZI-data=2316  
FromELF: creating hex file...
"..\OBJ\test01.axf" - 0 Error(s), 0 Warning(s).
Load "..\\OBJ\\test01.AXF" 
Erase Done.
Programming Done.
Verify OK.
Application running ...
Build target 'stm32f103_test'
compiling hw_config.c...
compiling usb_prop.c...
linking...
..\OBJ\test01.axf: Error: L6218E: Undefined symbol Data_5_Package_Send (referred from timer.o).
Target not created
Build target 'stm32f103_test'
compiling hw_config.c...
linking...
Program Size: Code=18538 RO-data=434 RW-data=420 ZI-data=2316  
FromELF: creating hex file...
"..\OBJ\test01.axf" - 0 Error(s), 0 Warning(s).
Load "..\\OBJ\\test01.AXF" 
Erase Done.
Programming Done.
Verify OK.
Application running ...
Build target 'stm32f103_test'
compiling main.c...
compiling stm32f10x_it.c...
compiling stm32f10x_bkp.c...
compiling timer.c...
compiling usb_core.c...
compiling usb_init.c...
compiling usb_int.c...
compiling usb_mem.c...
compiling usb_regs.c...
compiling usb_sil.c...
compiling hw_config.c...
compiling usb_desc.c...
compiling usb_endp.c...
compiling usb_istr.c...
compiling usb_prop.c...
compiling usb_pwr.c...
linking...
Program Size: Code=18454 RO-data=434 RW-data=432 ZI-data=2184  
FromELF: creating hex file...
"..\OBJ\test01.axf" - 0 Error(s), 0 Warning(s).
Load "..\\OBJ\\test01.AXF" 
Erase Done.
Programming Done.
Verify OK.
Application running ...
Load "..\\OBJ\\test01.AXF" 
Erase Done.
Programming Done.
Verify OK.
Application running ...
Build target 'stm32f103_test'
compiling main.c...
linking...
Program Size: Code=18454 RO-data=434 RW-data=368 ZI-data=2184  
FromELF: creating hex file...
"..\OBJ\test01.axf" - 0 Error(s), 0 Warning(s).
Build target 'stm32f103_test'
compiling usb_desc.c...
linking...
Program Size: Code=18454 RO-data=434 RW-data=368 ZI-data=2184  
FromELF: creating hex file...
"..\OBJ\test01.axf" - 0 Error(s), 0 Warning(s).
Load "..\\OBJ\\test01.AXF" 
Erase Done.
Programming Done.
Verify OK.
Application running ...
Build target 'stm32f103_test'
compiling usb_desc.c...
linking...
Program Size: Code=18454 RO-data=434 RW-data=368 ZI-data=2184  
FromELF: creating hex file...
"..\OBJ\test01.axf" - 0 Error(s), 0 Warning(s).
Load "..\\OBJ\\test01.AXF" 
Build target 'stm32f103_test'
compiling usb_desc.c...
linking...
Program Size: Code=18454 RO-data=434 RW-data=368 ZI-data=2184  
FromELF: creating hex file...
"..\OBJ\test01.axf" - 0 Error(s), 0 Warning(s).
Load "..\\OBJ\\test01.AXF" 
Erase Done.
Programming Done.
Verify OK.
Application running ...
Build target 'stm32f103_test'
compiling usb_desc.c...
linking...
Program Size: Code=18454 RO-data=434 RW-data=368 ZI-data=2184  
FromELF: creating hex file...
"..\OBJ\test01.axf" - 0 Error(s), 0 Warning(s).
Load "..\\OBJ\\test01.AXF" 
Erase Done.
Programming Done.
Verify OK.
Application running ...
Build target 'stm32f103_test'
compiling usb_desc.c...
linking...
Program Size: Code=18454 RO-data=434 RW-data=368 ZI-data=2184  
FromELF: creating hex file...
"..\OBJ\test01.axf" - 0 Error(s), 0 Warning(s).
Load "..\\OBJ\\test01.AXF" 
Load "..\\OBJ\\test01.AXF" 
Erase Done.
Programming Done.
Verify OK.
Application running ...
Build target 'stm32f103_test'
compiling hw_config.c...
compiling usb_desc.c...
compiling usb_endp.c...
compiling usb_prop.c...
linking...
..\OBJ\test01.axf: Error: L6218E: Undefined symbol Data_5_Package_Send (referred from timer.o).
Target not created
Build target 'stm32f103_test'
compiling main.c...
compiling stm32f10x_it.c...
compiling timer.c...
compiling usb_core.c...
compiling usb_init.c...
compiling usb_int.c...
compiling usb_mem.c...
compiling usb_regs.c...
compiling usb_sil.c...
compiling hw_config.c...
compiling usb_desc.c...
compiling usb_endp.c...
compiling usb_istr.c...
compiling usb_prop.c...
compiling usb_pwr.c...
linking...
Program Size: Code=18454 RO-data=434 RW-data=356 ZI-data=2284  
FromELF: creating hex file...
"..\OBJ\test01.axf" - 0 Error(s), 0 Warning(s).
Load "..\\OBJ\\test01.AXF" 
Erase Done.
Programming Done.
Verify OK.
Application running ...
Build target 'stm32f103_test'
compiling timer.c...
..\HARDWARE\TIMER\timer.c(89): error:  #20: identifier "loopcnt" is undefined
Target not created
Build target 'stm32f103_test'
compiling timer.c...
linking...
Program Size: Code=18598 RO-data=434 RW-data=356 ZI-data=2340  
FromELF: creating hex file...
"..\OBJ\test01.axf" - 0 Error(s), 0 Warning(s).
Build target 'stm32f103_test'
compiling timer.c...
linking...
Program Size: Code=18598 RO-data=434 RW-data=356 ZI-data=2340  
FromELF: creating hex file...
"..\OBJ\test01.axf" - 0 Error(s), 0 Warning(s).
Load "..\\OBJ\\test01.AXF" 
Erase Done.
Programming Done.
Verify OK.
Application running ...
Build target 'stm32f103_test'
compiling timer.c...
linking...
Program Size: Code=18598 RO-data=434 RW-data=356 ZI-data=2340  
FromELF: creating hex file...
"..\OBJ\test01.axf" - 0 Error(s), 0 Warning(s).
Load "..\\OBJ\\test01.AXF" 
Erase Done.
Programming Done.
Verify OK.
Application running ...
Build target 'stm32f103_test'
compiling timer.c...
linking...
Program Size: Code=18598 RO-data=434 RW-data=360 ZI-data=2336  
FromELF: creating hex file...
"..\OBJ\test01.axf" - 0 Error(s), 0 Warning(s).
Load "..\\OBJ\\test01.AXF" 
Erase Done.
Programming Done.
Verify OK.
Application running ...
