<html>
<body>
<pre>
<h1>µVision Build Log</h1>
<h2>Project:</h2>
E:\workspace\STM32\stm32f103_139lcd\USER\test01.uvproj
Project File Date:  05/03/2015

<h2>Output:</h2>
Build target 'stm32f103_test'
compiling main.c...
compiling timer.c...
compiling dma.c...
compiling adc1.c...
compiling adc2.c...
..\HARDWARE\ADC\adc2.c(150): error:  #65: expected a ";"
Target not created
Build target 'stm32f103_test'
compiling adc2.c...
linking...
..\OBJ\test01.axf: Error: L6218E: Undefined symbol Get_Multi_Adc3 (referred from timer.o).
Target not created
Build target 'stm32f103_test'
compiling timer.c...
linking...
Program Size: Code=28510 RO-data=13094 RW-data=380 ZI-data=2364  
FromELF: creating hex file...
"..\OBJ\test01.axf" - 0 Error(s), 0 Warning(s).
Rebuild target 'stm32f103_test'
compiling main.c...
compiling stm32f10x_it.c...
compiling system_stm32f10x.c...
compiling core_cm3.c...
assembling startup_stm32f10x_md.s...
compiling misc.c...
compiling stm32f10x_adc.c...
compiling stm32f10x_bkp.c...
compiling stm32f10x_can.c...
compiling stm32f10x_cec.c...
compiling stm32f10x_crc.c...
compiling stm32f10x_dac.c...
compiling stm32f10x_dbgmcu.c...
compiling stm32f10x_dma.c...
compiling stm32f10x_exti.c...
compiling stm32f10x_flash.c...
compiling stm32f10x_fsmc.c...
compiling stm32f10x_gpio.c...
compiling stm32f10x_i2c.c...
compiling stm32f10x_iwdg.c...
compiling stm32f10x_pwr.c...
compiling stm32f10x_rcc.c...
compiling stm32f10x_rtc.c...
compiling stm32f10x_sdio.c...
compiling stm32f10x_spi.c...
compiling stm32f10x_tim.c...
compiling stm32f10x_usart.c...
compiling stm32f10x_wwdg.c...
compiling timer.c...
compiling capture.c...
compiling dac.c...
compiling spi.c...
compiling touch.c...
..\HARDWARE\TOUCH\touch.c(153): warning:  #223-D: function "abs" declared implicitly
compiling LCD.c...
..\HARDWARE\LCD\LCD.c(510): warning:  #223-D: function "sprintf" declared implicitly
compiling key.c...
compiling dma.c...
compiling adc1.c...
compiling adc2.c...
compiling usart.c...
..\SYSTEM\usart\usart.c(83): warning:  #550-D: variable "Res" was set but never used
compiling sys.c...
compiling delay.c...
compiling usb_core.c...
compiling usb_init.c...
compiling usb_int.c...
compiling usb_mem.c...
compiling usb_regs.c...
compiling usb_sil.c...
compiling hw_config.c...
compiling usb_endp.c...
compiling usb_istr.c...
compiling usb_pwr.c...
compiling usb_desc.c...
compiling usb_prop.c...
linking...
Program Size: Code=28510 RO-data=13094 RW-data=380 ZI-data=2364  
FromELF: creating hex file...
"..\OBJ\test01.axf" - 0 Error(s), 3 Warning(s).
Build target 'stm32f103_test'
compiling main.c...
linking...
..\OBJ\test01.axf: Error: L6218E: Undefined symbol Adc1_Multi_Enable (referred from main.o).
Target not created
Build target 'stm32f103_test'
compiling main.c...
linking...
..\OBJ\test01.axf: Error: L6218E: Undefined symbol Adc1_Multi_Enable (referred from main.o).
Target not created
Build target 'stm32f103_test'
compiling adc1.c...
linking...
Program Size: Code=28522 RO-data=13094 RW-data=380 ZI-data=2364  
FromELF: creating hex file...
"..\OBJ\test01.axf" - 0 Error(s), 0 Warning(s).
Load "..\\OBJ\\test01.AXF" 
Erase Done.
Programming Done.
Verify OK.
Application running ...
Build target 'stm32f103_test'
compiling touch.c...
..\HARDWARE\TOUCH\touch.c(153): warning:  #223-D: function "abs" declared implicitly
compiling LCD.c...
..\HARDWARE\LCD\LCD.c(510): warning:  #223-D: function "sprintf" declared implicitly
linking...
Program Size: Code=28418 RO-data=13094 RW-data=380 ZI-data=2364  
FromELF: creating hex file...
"..\OBJ\test01.axf" - 0 Error(s), 2 Warning(s).
Load "..\\OBJ\\test01.AXF" 
Erase Done.
Programming Done.
Verify OK.
Application running ...
Build target 'stm32f103_test'
compiling LCD.c...
..\HARDWARE\LCD\LCD.c(510): warning:  #223-D: function "sprintf" declared implicitly
linking...
Program Size: Code=28418 RO-data=13094 RW-data=380 ZI-data=2364  
FromELF: creating hex file...
"..\OBJ\test01.axf" - 0 Error(s), 1 Warning(s).
Load "..\\OBJ\\test01.AXF" 
Erase Done.
Programming Done.
Verify OK.
Application running ...
Build target 'stm32f103_test'
compiling touch.c...
..\HARDWARE\TOUCH\touch.c(153): warning:  #223-D: function "abs" declared implicitly
linking...
Program Size: Code=28418 RO-data=13094 RW-data=380 ZI-data=2364  
FromELF: creating hex file...
"..\OBJ\test01.axf" - 0 Error(s), 1 Warning(s).
Load "..\\OBJ\\test01.AXF" 
Erase Done.
Programming Done.
Verify OK.
Application running ...
Build target 'stm32f103_test'
compiling touch.c...
..\HARDWARE\TOUCH\touch.c(153): warning:  #223-D: function "abs" declared implicitly
linking...
Program Size: Code=28418 RO-data=13094 RW-data=380 ZI-data=2364  
FromELF: creating hex file...
"..\OBJ\test01.axf" - 0 Error(s), 1 Warning(s).
Load "..\\OBJ\\test01.AXF" 
Erase Done.
Programming Done.
Verify OK.
Application running ...
