ARM Linker, 5.02 [Build 28] [MDK-ARM Standard]

==============================================================================

Section Cross References

    main.o(.text) refers to stm32f10x_rcc.o(.text) for RCC_APB2PeriphClockCmd
    main.o(.text) refers to sys.o(.text) for NVIC_Configuration
    main.o(.text) refers to delay.o(.text) for delay_init
    main.o(.text) refers to key.o(.text) for KEY_Init
    main.o(.text) refers to lcd.o(.text) for LCD_Init
    main.o(.text) refers to touch.o(.text) for Touch_Init
    main.o(.text) refers to adc1.o(.text) for Adc1_Multi_Init
    main.o(.text) refers to adc2.o(.text) for Adc2_Multi_Init
    main.o(.text) refers to dma.o(.text) for DMA_ADC_Config
    main.o(.text) refers to usart.o(.text) for uart_init
    main.o(.text) refers to hw_config.o(.text) for USB_Interrupts_Config
    main.o(.text) refers to usb_init.o(.text) for USB_Init
    main.o(.text) refers to timer.o(.text) for TIM4_Int_Init
    main.o(.text) refers to stm32f10x_gpio.o(.text) for GPIO_ReadInputDataBit
    main.o(.text) refers to main.o(.bss) for AD_Value
    main.o(.text) refers to main.o(.data) for SendBuff
    stm32f10x_it.o(.text) refers to usb_istr.o(.text) for USB_Istr
    system_stm32f10x.o(.text) refers to system_stm32f10x.o(.data) for SystemCoreClock
    startup_stm32f10x_md.o(STACK) refers (Special) to heapauxi.o(.text) for __use_two_region_memory
    startup_stm32f10x_md.o(HEAP) refers (Special) to heapauxi.o(.text) for __use_two_region_memory
    startup_stm32f10x_md.o(RESET) refers (Special) to heapauxi.o(.text) for __use_two_region_memory
    startup_stm32f10x_md.o(RESET) refers to startup_stm32f10x_md.o(STACK) for __initial_sp
    startup_stm32f10x_md.o(RESET) refers to startup_stm32f10x_md.o(.text) for Reset_Handler
    startup_stm32f10x_md.o(RESET) refers to stm32f10x_it.o(.text) for NMI_Handler
    startup_stm32f10x_md.o(RESET) refers to touch.o(.text) for EXTI9_5_IRQHandler
    startup_stm32f10x_md.o(RESET) refers to capture.o(.text) for TIM2_IRQHandler
    startup_stm32f10x_md.o(RESET) refers to timer.o(.text) for TIM3_IRQHandler
    startup_stm32f10x_md.o(RESET) refers to usart.o(.text) for USART1_IRQHandler
    startup_stm32f10x_md.o(.text) refers (Special) to heapauxi.o(.text) for __use_two_region_memory
    startup_stm32f10x_md.o(.text) refers to system_stm32f10x.o(.text) for SystemInit
    startup_stm32f10x_md.o(.text) refers to __main.o(!!!main) for __main
    startup_stm32f10x_md.o(.text) refers to startup_stm32f10x_md.o(HEAP) for Heap_Mem
    startup_stm32f10x_md.o(.text) refers to startup_stm32f10x_md.o(STACK) for Stack_Mem
    stm32f10x_adc.o(.text) refers to stm32f10x_rcc.o(.text) for RCC_APB2PeriphResetCmd
    stm32f10x_bkp.o(.text) refers to stm32f10x_rcc.o(.text) for RCC_BackupResetCmd
    stm32f10x_can.o(.text) refers to stm32f10x_rcc.o(.text) for RCC_APB1PeriphResetCmd
    stm32f10x_cec.o(.text) refers to stm32f10x_rcc.o(.text) for RCC_APB1PeriphResetCmd
    stm32f10x_dac.o(.text) refers to stm32f10x_rcc.o(.text) for RCC_APB1PeriphResetCmd
    stm32f10x_gpio.o(.text) refers to stm32f10x_rcc.o(.text) for RCC_APB2PeriphResetCmd
    stm32f10x_i2c.o(.text) refers to stm32f10x_rcc.o(.text) for RCC_APB1PeriphResetCmd
    stm32f10x_pwr.o(.text) refers to stm32f10x_rcc.o(.text) for RCC_APB1PeriphResetCmd
    stm32f10x_rcc.o(.text) refers to stm32f10x_rcc.o(.data) for APBAHBPrescTable
    stm32f10x_spi.o(.text) refers to stm32f10x_rcc.o(.text) for RCC_APB2PeriphResetCmd
    stm32f10x_tim.o(.text) refers to stm32f10x_rcc.o(.text) for RCC_APB2PeriphResetCmd
    stm32f10x_usart.o(.text) refers to stm32f10x_rcc.o(.text) for RCC_APB2PeriphResetCmd
    stm32f10x_wwdg.o(.text) refers to stm32f10x_rcc.o(.text) for RCC_APB1PeriphResetCmd
    timer.o(.text) refers to stm32f10x_rcc.o(.text) for RCC_APB1PeriphClockCmd
    timer.o(.text) refers to stm32f10x_tim.o(.text) for TIM_TimeBaseInit
    timer.o(.text) refers to misc.o(.text) for NVIC_Init
    timer.o(.text) refers to adc1.o(.text) for Get_Multi_Adc1
    timer.o(.text) refers to adc2.o(.text) for Get_Multi_Adc2
    timer.o(.text) refers to dma.o(.text) for DMA_USART_Enable
    timer.o(.text) refers to lcd.o(.text) for LCD_Color_Fill
    timer.o(.text) refers to touch.o(.data) for AdcChannel
    timer.o(.text) refers to timer.o(.data) for adcValue
    timer.o(.text) refers to timer.o(.bss) for data
    timer.o(.text) refers to main.o(.data) for SendBuff
    capture.o(.text) refers to stm32f10x_rcc.o(.text) for RCC_APB1PeriphClockCmd
    capture.o(.text) refers to stm32f10x_gpio.o(.text) for GPIO_Init
    capture.o(.text) refers to stm32f10x_tim.o(.text) for TIM_TimeBaseInit
    capture.o(.text) refers to misc.o(.text) for NVIC_Init
    capture.o(.text) refers to capture.o(.bss) for TIM2_ICInitStructure
    capture.o(.text) refers to capture.o(.data) for TIM2CH1_CAPTURE_STA
    dac.o(.text) refers to stm32f10x_rcc.o(.text) for RCC_APB2PeriphClockCmd
    dac.o(.text) refers to stm32f10x_gpio.o(.text) for GPIO_Init
[...]
    .text                                    0x08006acc   Section        0  _printf_char_common.o(.text)
    _printf_input_char                       0x08006acd   Thumb Code    10  _printf_char_common.o(.text)
    .text                                    0x08006afc   Section        0  _sputc.o(.text)
    .text                                    0x08006b06   Section       74  sys_stackheap_outer.o(.text)
    .text                                    0x08006b50   Section        0  exit.o(.text)
    .text                                    0x08006b5c   Section        8  libspace.o(.text)
    .text                                    0x08006b64   Section        0  sys_exit.o(.text)
    .text                                    0x08006b70   Section        2  use_no_semi.o(.text)
    .text                                    0x08006b72   Section        0  indicate_semi.o(.text)
    i.LCD_SetCursor                          0x08006b72   Section        0  lcd.o(i.LCD_SetCursor)
    x$fpl$fadd                               0x08006b90   Section      196  faddsub_clz.o(x$fpl$fadd)
    _fadd1                                   0x08006b9f   Thumb Code     0  faddsub_clz.o(x$fpl$fadd)
    x$fpl$fdiv                               0x08006c54   Section      388  fdiv.o(x$fpl$fdiv)
    _fdiv1                                   0x08006c55   Thumb Code     0  fdiv.o(x$fpl$fdiv)
    x$fpl$ffixu                              0x08006dd8   Section       62  ffixu.o(x$fpl$ffixu)
    x$fpl$fflt                               0x08006e18   Section       48  fflt_clz.o(x$fpl$fflt)
    x$fpl$ffltu                              0x08006e48   Section       38  fflt_clz.o(x$fpl$ffltu)
    x$fpl$fnaninf                            0x08006e6e   Section      140  fnaninf.o(x$fpl$fnaninf)
    x$fpl$fretinf                            0x08006efa   Section       10  fretinf.o(x$fpl$fretinf)
    x$fpl$fsub                               0x08006f04   Section      234  faddsub_clz.o(x$fpl$fsub)
    _fsub1                                   0x08006f13   Thumb Code     0  faddsub_clz.o(x$fpl$fsub)
    .constdata                               0x08006fee   Section    12660  lcd.o(.constdata)
    x$fpl$usenofp                            0x08006fee   Section        0  usenofp.o(x$fpl$usenofp)
    .constdata                               0x0800a162   Section      166  usb_desc.o(.constdata)
    .data                                    0x20000000   Section        5  main.o(.data)
    .data                                    0x20000008   Section       20  system_stm32f10x.o(.data)
    .data                                    0x2000001c   Section       20  stm32f10x_rcc.o(.data)
    APBAHBPrescTable                         0x2000001c   Data          16  stm32f10x_rcc.o(.data)
    ADCPrescTable                            0x2000002c   Data           4  stm32f10x_rcc.o(.data)
    .data                                    0x20000030   Section       35  timer.o(.data)
    .data                                    0x20000054   Section        4  capture.o(.data)
    .data                                    0x20000058   Section       20  touch.o(.data)
    .data                                    0x2000006c   Section        2  lcd.o(.data)
    .data                                    0x2000006e   Section        1  key.o(.data)
    key_up                                   0x2000006e   Data           1  key.o(.data)
    .data                                    0x20000070   Section        2  dma.o(.data)
    .data                                    0x20000072   Section        4  delay.o(.data)
    fac_us                                   0x20000072   Data           1  delay.o(.data)
    fac_ms                                   0x20000074   Data           2  delay.o(.data)
    .data                                    0x20000076   Section        4  usb_core.o(.data)
    .data                                    0x2000007c   Section       20  usb_init.o(.data)
    .data                                    0x20000090   Section        4  usb_int.o(.data)
    .data                                    0x20000094   Section        1  usb_endp.o(.data)
    .data                                    0x20000098   Section       34  usb_istr.o(.data)
    .data                                    0x200000bc   Section        7  usb_pwr.o(.data)
    .data                                    0x200000c3   Section       26  usb_desc.o(.data)
    .data                                    0x200000e0   Section      156  usb_prop.o(.data)
    .bss                                     0x2000017c   Section       16  main.o(.bss)
    .bss                                     0x2000018c   Section      480  timer.o(.bss)
    .bss                                     0x2000036c   Section       10  capture.o(.bss)
    .bss                                     0x20000376   Section       20  touch.o(.bss)
    .bss                                     0x2000038c   Section       44  dma.o(.bss)
    .bss                                     0x200003b8   Section       28  usb_init.o(.bss)
    .bss                                     0x200003d4   Section      128  usb_endp.o(.bss)
    .bss                                     0x20000454   Section       96  libspace.o(.bss)
    HEAP                                     0x200004b8   Section      512  startup_stm32f10x_md.o(HEAP)
    Heap_Mem                                 0x200004b8   Data         512  startup_stm32f10x_md.o(HEAP)
    STACK                                    0x200006b8   Section     1024  startup_stm32f10x_md.o(STACK)
    Stack_Mem                                0x200006b8   Data        1024  startup_stm32f10x_md.o(STACK)
    __initial_sp                             0x20000ab8   Data           0  startup_stm32f10x_md.o(STACK)

    Global Symbols

    Symbol Name                              Value     Ov Type        Size  Object(Section)

    BuildAttributes$$THM_ISAv4$P$D$K$B$S$PE$A:L22UL41UL21$X:L11$S22US41US21$IEEE1$IW$USESV6$~STKCKD$USESV7$~SHL$OSPACE$ROPI$EBA8$UX$STANDARDLIB$REQ8$PRES8$EABIv2 0x00000000   Number         0  anon$$obj.o ABSOLUTE
    __ARM_use_no_argv                        0x00000000   Number         0  main.o ABSOLUTE
    __ARM_exceptions_init                     - Undefined Weak Reference
    __alloca_initialize                       - Undefined Weak Reference
    __cpp_initialize__aeabi_                  - Undefined Weak Reference
    __cxa_finalize                            - Undefined Weak Reference
    __rt_locale                               - Undefined Weak Reference
    __sigvec_lookup                           - Undefined Weak Reference
    _atexit_init                              - Undefined Weak Reference
    _call_atexit_fns                          - Undefined Weak Reference
    _clock_init                               - Undefined Weak Reference
    _fp_trap_init                             - Undefined Weak Reference
    _fp_trap_shutdown                         - Undefined Weak Reference
    _get_lc_collate                           - Undefined Weak Reference
    _get_lc_ctype                             - Undefined Weak Reference
    _get_lc_monetary                          - Undefined Weak Reference
    _get_lc_numeric                           - Undefined Weak Reference
    _get_lc_time                              - Undefined Weak Reference
    _getenv_init                              - Undefined Weak Reference
    _handle_redirection                       - Undefined Weak Reference
    _init_alloc                               - Undefined Weak Reference
    _init_user_alloc                          - Undefined Weak Reference
    _initio                                   - Undefined Weak Reference
    _printf_post_padding                      - Undefined Weak Reference
    _printf_pre_padding                       - Undefined Weak Reference
    _printf_truncate_signed                   - Undefined Weak Reference
    _printf_truncate_unsigned                 - Undefined Weak Reference
    _rand_init                                - Undefined Weak Reference
    _signal_finish                            - Undefined Weak Reference
    _signal_init                              - Undefined Weak Reference
    _terminate_alloc                          - Undefined Weak Reference
    _terminate_user_alloc                     - Undefined Weak Reference
    _terminateio                              - Undefined Weak Reference
    __Vectors_Size                           0x000000ec   Number         0  startup_stm32f10x_md.o ABSOLUTE
    __Vectors                                0x08000000   Data           4  startup_stm32f10x_md.o(RESET)
    __Vectors_End                            0x080000ec   Data           0  startup_stm32f10x_md.o(RESET)
    __main                                   0x080000ed   Thumb Code     8  __main.o(!!!main)
    __scatterload                            0x080000f5   Thumb Code     0  __scatter.o(!!!scatter)
    __scatterload_rt2                        0x080000f5   Thumb Code    44  __scatter.o(!!!scatter)
    __scatterload_rt2_thumb_only             0x080000f5   Thumb Code     0  __scatter.o(!!!scatter)
    __scatterload_null                       0x08000103   Thumb Code     0  __scatter.o(!!!scatter)
    __decompress                             0x08000129   Thumb Code    90  __dczerorl2.o(!!dczerorl2)
    __decompress1                            0x08000129   Thumb Code     0  __dczerorl2.o(!!dczerorl2)
    __scatterload_zeroinit                   0x08000185   Thumb Code    28  __scatter_zi.o(!!handler_zi)
    _printf_d                                0x080001a1   Thumb Code     0  _printf_d.o(.ARM.Collect$$_printf_percent$$00000009)
    _printf_percent                          0x080001a1   Thumb Code     0  _printf_percent.o(.ARM.Collect$$_printf_percent$$00000000)
    _printf_percent_end                      0x080001a7   Thumb Code     0  _printf_percent_end.o(.ARM.Collect$$_printf_percent$$00000017)
    __rt_lib_init                            0x080001ab   Thumb Code     0  libinit.o(.ARM.Collect$$libinit$$00000000)
    __rt_lib_init_alloca_1                   0x080001ad   Thumb Code     0  libinit2.o(.ARM.Collect$$libinit$$0000002C)
    __rt_lib_init_argv_1                     0x080001ad   Thumb Code     0  libinit2.o(.ARM.Collect$$libinit$$0000002A)
    __rt_lib_init_atexit_1                   0x080001ad   Thumb Code     0  libinit2.o(.ARM.Collect$$libinit$$00000019)
    __rt_lib_init_clock_1                    0x080001ad   Thumb Code     0  libinit2.o(.ARM.Collect$$libinit$$0000001F)
    __rt_lib_init_cpp_1                      0x080001ad   Thumb Code     0  libinit2.o(.ARM.Collect$$libinit$$00000030)
    __rt_lib_init_exceptions_1               0x080001ad   Thumb Code     0  libinit2.o(.ARM.Collect$$libinit$$0000002E)
    __rt_lib_init_fp_1                       0x080001ad   Thumb Code     0  libinit2.o(.ARM.Collect$$libinit$$00000002)
    __rt_lib_init_fp_trap_1                  0x080001ad   Thumb Code     0  libinit2.o(.ARM.Collect$$libinit$$0000001D)
    __rt_lib_init_getenv_1                   0x080001ad   Thumb Code     0  libinit2.o(.ARM.Collect$$libinit$$00000021)
    __rt_lib_init_heap_1                     0x080001ad   Thumb Code     0  libinit2.o(.ARM.Collect$$libinit$$00000008)
    __rt_lib_init_lc_collate_1               0x080001ad   Thumb Code     0  libinit2.o(.ARM.Collect$$libinit$$0000000F)
    __rt_lib_init_lc_ctype_1                 0x080001ad   Thumb Code     0  libinit2.o(.ARM.Collect$$libinit$$00000011)
    __rt_lib_init_lc_monetary_1              0x080001ad   Thumb Code     0  libinit2.o(.ARM.Collect$$libinit$$00000013)
    __rt_lib_init_lc_numeric_1               0x080001ad   Thumb Code     0  libinit2.o(.ARM.Collect$$libinit$$00000015)
    __rt_lib_init_lc_time_1                  0x080001ad   Thumb Code     0  libinit2.o(.ARM.Collect$$libinit$$00000017)
    __rt_lib_init_rand_1                     0x080001ad   Thumb Code     0  libinit2.o(.ARM.Collect$$libinit$$0000000C)
    __rt_lib_init_return                     0x080001ad   Thumb Code     0  libinit2.o(.ARM.Collect$$libinit$$00000031)
    __rt_lib_init_signal_1                   0x080001ad   Thumb Code     0  libinit2.o(.ARM.Collect$$libinit$$0000001B)
    __rt_lib_init_stdio_1                    0x080001ad   Thumb Code     0  libinit2.o(.ARM.Collect$$libinit$$00000023)
    __rt_lib_init_user_alloc_1               0x080001ad   Thumb Code     0  libinit2.o(.ARM.Collect$$libinit$$0000000A)
    __rt_lib_shutdown                        0x080001af   Thumb Code     0  libshutdown.o(.ARM.Collect$$libshutdown$$00000000)
    __rt_lib_shutdown_fp_trap_1              0x080001b1   Thumb Code     0  libshutdown2.o(.ARM.Collect$$libshutdown$$00000006)
    __rt_lib_shutdown_heap_1                 0x080001b1   Thumb Code     0  libshutdown2.o(.ARM.Collect$$libshutdown$$0000000E)
    __rt_lib_shutdown_return                 0x080001b1   Thumb Code     0  libshutdown2.o(.ARM.Collect$$libshutdown$$0000000F)
    __rt_lib_shutdown_signal_1               0x080001b1   Thumb Code     0  libshutdown2.o(.ARM.Collect$$libshutdown$$00000009)
    __rt_lib_shutdown_stdio_1                0x080001b1   Thumb Code     0  libshutdown2.o(.ARM.Collect$$libshutdown$$00000003)
    __rt_lib_shutdown_user_alloc_1           0x080001b1   Thumb Code     0  libshutdown2.o(.ARM.Collect$$libshutdown$$0000000B)
    __rt_entry                               0x080001b3   Thumb Code     0  rtentry.o(.ARM.Collect$$rtentry$$00000000)
    __rt_entry_presh_1                       0x080001b3   Thumb Code     0  rtentry2.o(.ARM.Collect$$rtentry$$00000002)
    __rt_entry_sh                            0x080001b3   Thumb Code     0  rtentry4.o(.ARM.Collect$$rtentry$$00000004)
    __rt_entry_li                            0x080001b9   Thumb Code     0  rtentry2.o(.ARM.Collect$$rtentry$$0000000A)
    __rt_entry_postsh_1                      0x080001b9   Thumb Code     0  rtentry2.o(.ARM.Collect$$rtentry$$00000009)
    __rt_entry_main                          0x080001bd   Thumb Code     0  rtentry2.o(.ARM.Collect$$rtentry$$0000000D)
    __rt_entry_postli_1                      0x080001bd   Thumb Code     0  rtentry2.o(.ARM.Collect$$rtentry$$0000000C)
    __rt_exit                                0x080001c5   Thumb Code     0  rtexit.o(.ARM.Collect$$rtexit$$00000000)
    __rt_exit_ls                             0x080001c7   Thumb Code     0  rtexit2.o(.ARM.Collect$$rtexit$$00000003)
    __rt_exit_prels_1                        0x080001c7   Thumb Code     0  rtexit2.o(.ARM.Collect$$rtexit$$00000002)
    __rt_exit_exit                           0x080001cb   Thumb Code     0  rtexit2.o(.ARM.Collect$$rtexit$$00000004)
    usb_port_set                             0x080001d1   Thumb Code    74  main.o(.text)
    main                                     0x0800021b   Thumb Code   198  main.o(.text)
    NMI_Handler                              0x08000301   Thumb Code     2  stm32f10x_it.o(.text)
    HardFault_Handler                        0x08000303   Thumb Code     4  stm32f10x_it.o(.text)
    MemManage_Handler                        0x08000307   Thumb Code     4  stm32f10x_it.o(.text)
    BusFault_Handler                         0x0800030b   Thumb Code     4  stm32f10x_it.o(.text)
    UsageFault_Handler                       0x0800030f   Thumb Code     4  stm32f10x_it.o(.text)
    SVC_Handler                              0x08000313   Thumb Code     2  stm32f10x_it.o(.text)
    DebugMon_Handler                         0x08000315   Thumb Code     2  stm32f10x_it.o(.text)
    PendSV_Handler                           0x08000317   Thumb Code     2  stm32f10x_it.o(.text)
    SysTick_Handler                          0x08000319   Thumb Code     2  stm32f10x_it.o(.text)
    USB_LP_CAN1_RX0_IRQHandler               0x0800031b   Thumb Code     8  stm32f10x_it.o(.text)
    SystemInit                               0x080003ed   Thumb Code    78  system_stm32f10x.o(.text)
    SystemCoreClockUpdate                    0x0800043b   Thumb Code   142  system_stm32f10x.o(.text)
    Reset_Handler                            0x080004ed   Thumb Code     8  startup_stm32f10x_md.o(.text)
    ADC1_2_IRQHandler                        0x08000507   Thumb Code     0  startup_stm32f10x_md.o(.text)
    CAN1_RX1_IRQHandler                      0x08000507   Thumb Code     0  startup_stm32f10x_md.o(.text)
    CAN1_SCE_IRQHandler                      0x08000507   Thumb Code     0  startup_stm32f10x_md.o(.text)
    DMA1_Channel1_IRQHandler                 0x08000507   Thumb Code     0  startup_stm32f10x_md.o(.text)
    DMA1_Channel2_IRQHandler                 0x08000507   Thumb Code     0  startup_stm32f10x_md.o(.text)
    DMA1_Channel3_IRQHandler                 0x08000507   Thumb Code     0  startup_stm32f10x_md.o(.text)
    DMA1_Channel4_IRQHandler                 0x08000507   Thumb Code     0  startup_stm32f10x_md.o(.text)
    DMA1_Channel5_IRQHandler                 0x08000507   Thumb Code     0  startup_stm32f10x_md.o(.text)
    DMA1_Channel6_IRQHandler                 0x08000507   Thumb Code     0  startup_stm32f10x_md.o(.text)
    DMA1_Channel7_IRQHandler                 0x08000507   Thumb Code     0  startup_stm32f10x_md.o(.text)
    EXTI0_IRQHandler                         0x08000507   Thumb Code     0  startup_stm32f10x_md.o(.text)
    EXTI15_10_IRQHandler                     0x08000507   Thumb Code     0  startup_stm32f10x_md.o(.text)
    EXTI1_IRQHandler                         0x08000507   Thumb Code     0  startup_stm32f10x_md.o(.text)
    EXTI2_IRQHandler                         0x08000507   Thumb Code     0  startup_stm32f10x_md.o(.text)
    EXTI3_IRQHandler                         0x08000507   Thumb Code     0  startup_stm32f10x_md.o(.text)
    EXTI4_IRQHandler                         0x08000507   Thumb Code     0  startup_stm32f10x_md.o(.text)
    FLASH_IRQHandler                         0x08000507   Thumb Code     0  startup_stm32f10x_md.o(.text)
    I2C1_ER_IRQHandler                       0x08000507   Thumb Code     0  startup_stm32f10x_md.o(.text)
    I2C1_EV_IRQHandler                       0x08000507   Thumb Code     0  startup_stm32f10x_md.o(.text)
    I2C2_ER_IRQHandler                       0x08000507   Thumb Code     0  startup_stm32f10x_md.o(.text)
    I2C2_EV_IRQHandler                       0x08000507   Thumb Code     0  startup_stm32f10x_md.o(.text)
    PVD_IRQHandler                           0x08000507   Thumb Code     0  startup_stm32f10x_md.o(.text)
    RCC_IRQHandler                           0x08000507   Thumb Code     0  startup_stm32f10x_md.o(.text)
    RTCAlarm_IRQHandler                      0x08000507   Thumb Code     0  startup_stm32f10x_md.o(.text)
    RTC_IRQHandler                           0x08000507   Thumb Code     0  startup_stm32f10x_md.o(.text)
    SPI1_IRQHandler                          0x08000507   Thumb Code     0  startup_stm32f10x_md.o(.text)
    SPI2_IRQHandler                          0x08000507   Thumb Code     0  startup_stm32f10x_md.o(.text)
    TAMPER_IRQHandler                        0x08000507   Thumb Code     0  startup_stm32f10x_md.o(.text)
    TIM1_BRK_IRQHandler                      0x08000507   Thumb Code     0  startup_stm32f10x_md.o(.text)
    TIM1_CC_IRQHandler                       0x08000507   Thumb Code     0  startup_stm32f10x_md.o(.text)
    TIM1_TRG_COM_IRQHandler                  0x08000507   Thumb Code     0  startup_stm32f10x_md.o(.text)
    TIM1_UP_IRQHandler                       0x08000507   Thumb Code     0  startup_stm32f10x_md.o(.text)
    USART2_IRQHandler                        0x08000507   Thumb Code     0  startup_stm32f10x_md.o(.text)
    USART3_IRQHandler                        0x08000507   Thumb Code     0  startup_stm32f10x_md.o(.text)
    USBWakeUp_IRQHandler                     0x08000507   Thumb Code     0  startup_stm32f10x_md.o(.text)
    USB_HP_CAN1_TX_IRQHandler                0x08000507   Thumb Code     0  startup_stm32f10x_md.o(.text)
    WWDG_IRQHandler                          0x08000507   Thumb Code     0  startup_stm32f10x_md.o(.text)
    __user_initial_stackheap                 0x08000509   Thumb Code     0  startup_stm32f10x_md.o(.text)
    NVIC_PriorityGroupConfig                 0x0800052d   Thumb Code    10  misc.o(.text)
    NVIC_Init                                0x08000537   Thumb Code   102  misc.o(.text)
    NVIC_SetVectorTable                      0x0800059d   Thumb Code    14  misc.o(.text)
    NVIC_SystemLPConfig                      0x080005ab   Thumb Code    34  misc.o(.text)
    SysTick_CLKSourceConfig                  0x080005cd   Thumb Code    40  misc.o(.text)
    ADC_DeInit                               0x08000609   Thumb Code    78  stm32f10x_adc.o(.text)
    ADC_Init                                 0x08000657   Thumb Code    70  stm32f10x_adc.o(.text)
    ADC_StructInit                           0x0800069d   Thumb Code    18  stm32f10x_adc.o(.text)
    ADC_Cmd                                  0x080006af   Thumb Code    22  stm32f10x_adc.o(.text)
    ADC_DMACmd                               0x080006c5   Thumb Code    22  stm32f10x_adc.o(.text)
    ADC_ITConfig                             0x080006db   Thumb Code    24  stm32f10x_adc.o(.text)
    ADC_ResetCalibration                     0x080006f3   Thumb Code    10  stm32f10x_adc.o(.text)
    ADC_GetResetCalibrationStatus            0x080006fd   Thumb Code    20  stm32f10x_adc.o(.text)
    ADC_StartCalibration                     0x08000711   Thumb Code    10  stm32f10x_adc.o(.text)
    ADC_GetCalibrationStatus                 0x0800071b   Thumb Code    20  stm32f10x_adc.o(.text)
    ADC_SoftwareStartConvCmd                 0x0800072f   Thumb Code    22  stm32f10x_adc.o(.text)
    ADC_GetSoftwareStartConvStatus           0x08000745   Thumb Code    20  stm32f10x_adc.o(.text)
    ADC_DiscModeChannelCountConfig           0x08000759   Thumb Code    24  stm32f10x_adc.o(.text)
    ADC_DiscModeCmd                          0x08000771   Thumb Code    22  stm32f10x_adc.o(.text)
    ADC_RegularChannelConfig                 0x08000787   Thumb Code   184  stm32f10x_adc.o(.text)
    ADC_ExternalTrigConvCmd                  0x0800083f   Thumb Code    22  stm32f10x_adc.o(.text)
    ADC_GetConversionValue                   0x08000855   Thumb Code     8  stm32f10x_adc.o(.text)
    ADC_GetDualModeConversionValue           0x0800085d   Thumb Code     8  stm32f10x_adc.o(.text)
    ADC_AutoInjectedConvCmd                  0x08000865   Thumb Code    22  stm32f10x_adc.o(.text)
    ADC_InjectedDiscModeCmd                  0x0800087b   Thumb Code    22  stm32f10x_adc.o(.text)
    ADC_ExternalTrigInjectedConvConfig       0x08000891   Thumb Code    16  stm32f10x_adc.o(.text)
    ADC_ExternalTrigInjectedConvCmd          0x080008a1   Thumb Code    22  stm32f10x_adc.o(.text)
    ADC_SoftwareStartInjectedConvCmd         0x080008b7   Thumb Code    22  stm32f10x_adc.o(.text)
    ADC_GetSoftwareStartInjectedConvCmdStatus 0x080008cd   Thumb Code    20  stm32f10x_adc.o(.text)
    ADC_InjectedChannelConfig                0x080008e1   Thumb Code   130  stm32f10x_adc.o(.text)
    ADC_InjectedSequencerLengthConfig        0x08000963   Thumb Code    24  stm32f10x_adc.o(.text)
    ADC_SetInjectedOffset                    0x0800097b   Thumb Code    12  stm32f10x_adc.o(.text)
    ADC_GetInjectedConversionValue           0x08000987   Thumb Code    18  stm32f10x_adc.o(.text)
    ADC_AnalogWatchdogCmd                    0x08000999   Thumb Code    16  stm32f10x_adc.o(.text)
    ADC_AnalogWatchdogThresholdsConfig       0x080009a9   Thumb Code     6  stm32f10x_adc.o(.text)
    ADC_AnalogWatchdogSingleChannelConfig    0x080009af   Thumb Code    16  stm32f10x_adc.o(.text)
    ADC_TempSensorVrefintCmd                 0x080009bf   Thumb Code    38  stm32f10x_adc.o(.text)
    ADC_GetFlagStatus                        0x080009e5   Thumb Code    44  stm32f10x_adc.o(.text)
    ADC_ClearFlag                            0x08000a11   Thumb Code     6  stm32f10x_adc.o(.text)
    ADC_GetITStatus                          0x08000a17   Thumb Code    36  stm32f10x_adc.o(.text)
    ADC_ClearITPendingBit                    0x08000a3b   Thumb Code    10  stm32f10x_adc.o(.text)
    DMA_DeInit                               0x08000a45   Thumb Code   324  stm32f10x_dma.o(.text)
    DMA_Init                                 0x08000b89   Thumb Code    60  stm32f10x_dma.o(.text)
    DMA_StructInit                           0x08000bc5   Thumb Code    26  stm32f10x_dma.o(.text)
    DMA_Cmd                                  0x08000bdf   Thumb Code    24  stm32f10x_dma.o(.text)
    DMA_ITConfig                             0x08000bf7   Thumb Code    18  stm32f10x_dma.o(.text)
    DMA_SetCurrDataCounter                   0x08000c09   Thumb Code     4  stm32f10x_dma.o(.text)
    DMA_GetCurrDataCounter                   0x08000c0d   Thumb Code     8  stm32f10x_dma.o(.text)
    DMA_GetFlagStatus                        0x08000c15   Thumb Code    38  stm32f10x_dma.o(.text)
    DMA_ClearFlag                            0x08000c3b   Thumb Code    22  stm32f10x_dma.o(.text)
    DMA_GetITStatus                          0x08000c51   Thumb Code    38  stm32f10x_dma.o(.text)
    DMA_ClearITPendingBit                    0x08000c77   Thumb Code    22  stm32f10x_dma.o(.text)
    EXTI_DeInit                              0x08000c95   Thumb Code    28  stm32f10x_exti.o(.text)
    EXTI_Init                                0x08000cb1   Thumb Code   142  stm32f10x_exti.o(.text)
    EXTI_StructInit                          0x08000d3f   Thumb Code    16  stm32f10x_exti.o(.text)
    EXTI_GenerateSWInterrupt                 0x08000d4f   Thumb Code    16  stm32f10x_exti.o(.text)
    EXTI_GetFlagStatus                       0x08000d5f   Thumb Code    22  stm32f10x_exti.o(.text)
    EXTI_ClearFlag                           0x08000d75   Thumb Code     8  stm32f10x_exti.o(.text)
    EXTI_GetITStatus                         0x08000d7d   Thumb Code    34  stm32f10x_exti.o(.text)
    EXTI_ClearITPendingBit                   0x08000d9f   Thumb Code     8  stm32f10x_exti.o(.text)
    FSMC_NORSRAMDeInit                       0x08000db1   Thumb Code    56  stm32f10x_fsmc.o(.text)
    FSMC_NANDDeInit                          0x08000de9   Thumb Code    62  stm32f10x_fsmc.o(.text)
    FSMC_PCCARDDeInit                        0x08000e27   Thumb Code    40  stm32f10x_fsmc.o(.text)
    FSMC_NORSRAMInit                         0x08000e4f   Thumb Code   224  stm32f10x_fsmc.o(.text)
    FSMC_NANDInit                            0x08000f2f   Thumb Code   130  stm32f10x_fsmc.o(.text)
    FSMC_PCCARDInit                          0x08000fb1   Thumb Code   124  stm32f10x_fsmc.o(.text)
    FSMC_NORSRAMStructInit                   0x0800102d   Thumb Code   114  stm32f10x_fsmc.o(.text)
    FSMC_NANDStructInit                      0x0800109f   Thumb Code    54  stm32f10x_fsmc.o(.text)
    FSMC_PCCARDStructInit                    0x080010d5   Thumb Code    60  stm32f10x_fsmc.o(.text)
    FSMC_NORSRAMCmd                          0x08001111   Thumb Code    46  stm32f10x_fsmc.o(.text)
    FSMC_NANDCmd                             0x0800113f   Thumb Code    86  stm32f10x_fsmc.o(.text)
    FSMC_PCCARDCmd                           0x08001195   Thumb Code    40  stm32f10x_fsmc.o(.text)
    FSMC_NANDECCCmd                          0x080011bd   Thumb Code   118  stm32f10x_fsmc.o(.text)
    FSMC_GetECC                              0x08001233   Thumb Code    22  stm32f10x_fsmc.o(.text)
    FSMC_ITConfig                            0x08001249   Thumb Code   128  stm32f10x_fsmc.o(.text)
    FSMC_GetFlagStatus                       0x080012c9   Thumb Code    48  stm32f10x_fsmc.o(.text)
    FSMC_ClearFlag                           0x080012f9   Thumb Code    62  stm32f10x_fsmc.o(.text)
    FSMC_GetITStatus                         0x08001337   Thumb Code    60  stm32f10x_fsmc.o(.text)
    FSMC_ClearITPendingBit                   0x08001373   Thumb Code    64  stm32f10x_fsmc.o(.text)
    GPIO_DeInit                              0x080013c9   Thumb Code   172  stm32f10x_gpio.o(.text)
    GPIO_AFIODeInit                          0x08001475   Thumb Code    20  stm32f10x_gpio.o(.text)
    GPIO_Init                                0x08001489   Thumb Code   274  stm32f10x_gpio.o(.text)
    GPIO_StructInit                          0x0800159b   Thumb Code    16  stm32f10x_gpio.o(.text)
    GPIO_ReadInputDataBit                    0x080015ab   Thumb Code    18  stm32f10x_gpio.o(.text)
    GPIO_ReadInputData                       0x080015bd   Thumb Code     8  stm32f10x_gpio.o(.text)
    GPIO_ReadOutputDataBit                   0x080015c5   Thumb Code    18  stm32f10x_gpio.o(.text)
    GPIO_ReadOutputData                      0x080015d7   Thumb Code     8  stm32f10x_gpio.o(.text)
    GPIO_SetBits                             0x080015df   Thumb Code     4  stm32f10x_gpio.o(.text)
    GPIO_ResetBits                           0x080015e3   Thumb Code     4  stm32f10x_gpio.o(.text)
    GPIO_WriteBit                            0x080015e7   Thumb Code    10  stm32f10x_gpio.o(.text)
    GPIO_Write                               0x080015f1   Thumb Code     4  stm32f10x_gpio.o(.text)
    GPIO_PinLockConfig                       0x080015f5   Thumb Code    18  stm32f10x_gpio.o(.text)
    GPIO_EventOutputConfig                   0x08001607   Thumb Code    26  stm32f10x_gpio.o(.text)
    GPIO_EventOutputCmd                      0x08001621   Thumb Code     6  stm32f10x_gpio.o(.text)
    GPIO_PinRemapConfig                      0x08001627   Thumb Code   138  stm32f10x_gpio.o(.text)
    GPIO_EXTILineConfig                      0x080016b1   Thumb Code    66  stm32f10x_gpio.o(.text)
    GPIO_ETH_MediaInterfaceConfig            0x080016f3   Thumb Code     6  stm32f10x_gpio.o(.text)
    RCC_DeInit                               0x08001721   Thumb Code    64  stm32f10x_rcc.o(.text)
    RCC_HSEConfig                            0x08001761   Thumb Code    70  stm32f10x_rcc.o(.text)
    RCC_GetFlagStatus                        0x080017a7   Thumb Code    56  stm32f10x_rcc.o(.text)
    RCC_WaitForHSEStartUp                    0x080017df   Thumb Code    48  stm32f10x_rcc.o(.text)
    RCC_AdjustHSICalibrationValue            0x0800180f   Thumb Code    20  stm32f10x_rcc.o(.text)
    RCC_HSICmd                               0x08001823   Thumb Code     6  stm32f10x_rcc.o(.text)
    RCC_PLLConfig                            0x08001829   Thumb Code    24  stm32f10x_rcc.o(.text)
    RCC_PLLCmd                               0x08001841   Thumb Code     6  stm32f10x_rcc.o(.text)
    RCC_SYSCLKConfig                         0x08001847   Thumb Code    18  stm32f10x_rcc.o(.text)
    RCC_GetSYSCLKSource                      0x08001859   Thumb Code    10  stm32f10x_rcc.o(.text)
    RCC_HCLKConfig                           0x08001863   Thumb Code    18  stm32f10x_rcc.o(.text)
    RCC_PCLK1Config                          0x08001875   Thumb Code    18  stm32f10x_rcc.o(.text)
    RCC_PCLK2Config                          0x08001887   Thumb Code    20  stm32f10x_rcc.o(.text)
    RCC_ITConfig                             0x0800189b   Thumb Code    26  stm32f10x_rcc.o(.text)
    RCC_USBCLKConfig                         0x080018b5   Thumb Code     6  stm32f10x_rcc.o(.text)
    RCC_ADCCLKConfig                         0x080018bb   Thumb Code    18  stm32f10x_rcc.o(.text)
    RCC_LSEConfig                            0x080018cd   Thumb Code    44  stm32f10x_rcc.o(.text)
    RCC_LSICmd                               0x080018f9   Thumb Code     6  stm32f10x_rcc.o(.text)
    RCC_RTCCLKConfig                         0x080018ff   Thumb Code    12  stm32f10x_rcc.o(.text)
    RCC_RTCCLKCmd                            0x0800190b   Thumb Code     8  stm32f10x_rcc.o(.text)
    RCC_GetClocksFreq                        0x08001913   Thumb Code   192  stm32f10x_rcc.o(.text)
    RCC_AHBPeriphClockCmd                    0x080019d3   Thumb Code    26  stm32f10x_rcc.o(.text)
    RCC_APB2PeriphClockCmd                   0x080019ed   Thumb Code    26  stm32f10x_rcc.o(.text)
    RCC_APB1PeriphClockCmd                   0x08001a07   Thumb Code    26  stm32f10x_rcc.o(.text)
    RCC_APB2PeriphResetCmd                   0x08001a21   Thumb Code    26  stm32f10x_rcc.o(.text)
    RCC_APB1PeriphResetCmd                   0x08001a3b   Thumb Code    26  stm32f10x_rcc.o(.text)
    RCC_BackupResetCmd                       0x08001a55   Thumb Code     8  stm32f10x_rcc.o(.text)
    RCC_ClockSecuritySystemCmd               0x08001a5d   Thumb Code     6  stm32f10x_rcc.o(.text)
    RCC_MCOConfig                            0x08001a63   Thumb Code     6  stm32f10x_rcc.o(.text)
    RCC_ClearFlag                            0x08001a69   Thumb Code    14  stm32f10x_rcc.o(.text)
    RCC_GetITStatus                          0x08001a77   Thumb Code    20  stm32f10x_rcc.o(.text)
    RCC_ClearITPendingBit                    0x08001a8b   Thumb Code     6  stm32f10x_rcc.o(.text)
    SPI_I2S_DeInit                           0x08001abd   Thumb Code    76  stm32f10x_spi.o(.text)
    SPI_Init                                 0x08001b09   Thumb Code    60  stm32f10x_spi.o(.text)
    I2S_Init                                 0x08001b45   Thumb Code   226  stm32f10x_spi.o(.text)
    SPI_StructInit                           0x08001c27   Thumb Code    24  stm32f10x_spi.o(.text)
    I2S_StructInit                           0x08001c3f   Thumb Code    20  stm32f10x_spi.o(.text)
    SPI_Cmd                                  0x08001c53   Thumb Code    24  stm32f10x_spi.o(.text)
    I2S_Cmd                                  0x08001c6b   Thumb Code    24  stm32f10x_spi.o(.text)
    SPI_I2S_ITConfig                         0x08001c83   Thumb Code    32  stm32f10x_spi.o(.text)
    SPI_I2S_DMACmd                           0x08001ca3   Thumb Code    18  stm32f10x_spi.o(.text)
    SPI_I2S_SendData                         0x08001cb5   Thumb Code     4  stm32f10x_spi.o(.text)
    SPI_I2S_ReceiveData                      0x08001cb9   Thumb Code     6  stm32f10x_spi.o(.text)
    SPI_NSSInternalSoftwareConfig            0x08001cbf   Thumb Code    30  stm32f10x_spi.o(.text)
    SPI_SSOutputCmd                          0x08001cdd   Thumb Code    24  stm32f10x_spi.o(.text)
    SPI_DataSizeConfig                       0x08001cf5   Thumb Code    18  stm32f10x_spi.o(.text)
    SPI_TransmitCRC                          0x08001d07   Thumb Code    10  stm32f10x_spi.o(.text)
    SPI_CalculateCRC                         0x08001d11   Thumb Code    24  stm32f10x_spi.o(.text)
    SPI_GetCRC                               0x08001d29   Thumb Code    16  stm32f10x_spi.o(.text)
    SPI_GetCRCPolynomial                     0x08001d39   Thumb Code     6  stm32f10x_spi.o(.text)
    SPI_BiDirectionalLineConfig              0x08001d3f   Thumb Code    28  stm32f10x_spi.o(.text)
    SPI_I2S_GetFlagStatus                    0x08001d5b   Thumb Code    18  stm32f10x_spi.o(.text)
    SPI_I2S_ClearFlag                        0x08001d6d   Thumb Code     6  stm32f10x_spi.o(.text)
    SPI_I2S_GetITStatus                      0x08001d73   Thumb Code    52  stm32f10x_spi.o(.text)
    SPI_I2S_ClearITPendingBit                0x08001da7   Thumb Code    20  stm32f10x_spi.o(.text)
    TIM_DeInit                               0x08001dc9   Thumb Code   424  stm32f10x_tim.o(.text)
    TIM_TimeBaseInit                         0x08001f71   Thumb Code   122  stm32f10x_tim.o(.text)
    TIM_OC1Init                              0x08001feb   Thumb Code   132  stm32f10x_tim.o(.text)
    TIM_OC2Init                              0x0800206f   Thumb Code   154  stm32f10x_tim.o(.text)
    TIM_OC3Init                              0x08002109   Thumb Code   150  stm32f10x_tim.o(.text)
    TIM_OC4Init                              0x0800219f   Thumb Code   182  stm32f10x_tim.o(.text)
    TIM_SetIC4Prescaler                      0x08002255   Thumb Code    26  stm32f10x_tim.o(.text)
    TIM_SetIC3Prescaler                      0x080022f1   Thumb Code    18  stm32f10x_tim.o(.text)
    TIM_SetIC2Prescaler                      0x0800237d   Thumb Code    26  stm32f10x_tim.o(.text)
    TIM_SetIC1Prescaler                      0x08002419   Thumb Code    18  stm32f10x_tim.o(.text)
    TIM_ICInit                               0x08002497   Thumb Code   150  stm32f10x_tim.o(.text)
    TIM_PWMIConfig                           0x0800252d   Thumb Code   124  stm32f10x_tim.o(.text)
    TIM_BDTRConfig                           0x080025a9   Thumb Code    32  stm32f10x_tim.o(.text)
    TIM_TimeBaseStructInit                   0x080025c9   Thumb Code    18  stm32f10x_tim.o(.text)
    TIM_OCStructInit                         0x080025db   Thumb Code    20  stm32f10x_tim.o(.text)
    TIM_ICStructInit                         0x080025ef   Thumb Code    18  stm32f10x_tim.o(.text)
    TIM_BDTRStructInit                       0x08002601   Thumb Code    40  stm32f10x_tim.o(.text)
    TIM_Cmd                                  0x08002629   Thumb Code    24  stm32f10x_tim.o(.text)
    TIM_CtrlPWMOutputs                       0x08002641   Thumb Code    30  stm32f10x_tim.o(.text)
    TIM_ITConfig                             0x0800265f   Thumb Code    18  stm32f10x_tim.o(.text)
    TIM_GenerateEvent                        0x08002671   Thumb Code     4  stm32f10x_tim.o(.text)
    TIM_DMAConfig                            0x08002675   Thumb Code    10  stm32f10x_tim.o(.text)
    TIM_DMACmd                               0x0800267f   Thumb Code    18  stm32f10x_tim.o(.text)
    TIM_InternalClockConfig                  0x08002691   Thumb Code    12  stm32f10x_tim.o(.text)
    TIM_SelectInputTrigger                   0x0800269d   Thumb Code    18  stm32f10x_tim.o(.text)
    TIM_ITRxExternalClockConfig              0x080026af   Thumb Code    24  stm32f10x_tim.o(.text)
    TIM_TIxExternalClockConfig               0x080026c7   Thumb Code    62  stm32f10x_tim.o(.text)
    TIM_ETRConfig                            0x08002705   Thumb Code    28  stm32f10x_tim.o(.text)
    TIM_ETRClockMode1Config                  0x08002721   Thumb Code    54  stm32f10x_tim.o(.text)
    TIM_ETRClockMode2Config                  0x08002757   Thumb Code    32  stm32f10x_tim.o(.text)
    TIM_PrescalerConfig                      0x08002777   Thumb Code     6  stm32f10x_tim.o(.text)
    TIM_CounterModeConfig                    0x0800277d   Thumb Code    18  stm32f10x_tim.o(.text)
    TIM_EncoderInterfaceConfig               0x0800278f   Thumb Code    66  stm32f10x_tim.o(.text)
    TIM_ForcedOC1Config                      0x080027d1   Thumb Code    18  stm32f10x_tim.o(.text)
    TIM_ForcedOC2Config                      0x080027e3   Thumb Code    26  stm32f10x_tim.o(.text)
    TIM_ForcedOC3Config                      0x080027fd   Thumb Code    18  stm32f10x_tim.o(.text)
    TIM_ForcedOC4Config                      0x0800280f   Thumb Code    26  stm32f10x_tim.o(.text)
    TIM_ARRPreloadConfig                     0x08002829   Thumb Code    24  stm32f10x_tim.o(.text)
    TIM_SelectCOM                            0x08002841   Thumb Code    24  stm32f10x_tim.o(.text)
    TIM_SelectCCDMA                          0x08002859   Thumb Code    24  stm32f10x_tim.o(.text)
    TIM_CCPreloadControl                     0x08002871   Thumb Code    24  stm32f10x_tim.o(.text)
    TIM_OC1PreloadConfig                     0x08002889   Thumb Code    18  stm32f10x_tim.o(.text)
    TIM_OC2PreloadConfig                     0x0800289b   Thumb Code    26  stm32f10x_tim.o(.text)
    TIM_OC3PreloadConfig                     0x080028b5   Thumb Code    18  stm32f10x_tim.o(.text)
    TIM_OC4PreloadConfig                     0x080028c7   Thumb Code    26  stm32f10x_tim.o(.text)
    TIM_OC1FastConfig                        0x080028e1   Thumb Code    18  stm32f10x_tim.o(.text)
    TIM_OC2FastConfig                        0x080028f3   Thumb Code    26  stm32f10x_tim.o(.text)
    TIM_OC3FastConfig                        0x0800290d   Thumb Code    18  stm32f10x_tim.o(.text)
    TIM_OC4FastConfig                        0x0800291f   Thumb Code    26  stm32f10x_tim.o(.text)
    TIM_ClearOC1Ref                          0x08002939   Thumb Code    18  stm32f10x_tim.o(.text)
    TIM_ClearOC2Ref                          0x0800294b   Thumb Code    24  stm32f10x_tim.o(.text)
    TIM_ClearOC3Ref                          0x08002963   Thumb Code    18  stm32f10x_tim.o(.text)
    TIM_ClearOC4Ref                          0x08002975   Thumb Code    24  stm32f10x_tim.o(.text)
    TIM_OC1PolarityConfig                    0x0800298d   Thumb Code    18  stm32f10x_tim.o(.text)
    TIM_OC1NPolarityConfig                   0x0800299f   Thumb Code    18  stm32f10x_tim.o(.text)
    TIM_OC2PolarityConfig                    0x080029b1   Thumb Code    26  stm32f10x_tim.o(.text)
    TIM_OC2NPolarityConfig                   0x080029cb   Thumb Code    26  stm32f10x_tim.o(.text)
    TIM_OC3PolarityConfig                    0x080029e5   Thumb Code    26  stm32f10x_tim.o(.text)
    TIM_OC3NPolarityConfig                   0x080029ff   Thumb Code    26  stm32f10x_tim.o(.text)
    TIM_OC4PolarityConfig                    0x08002a19   Thumb Code    26  stm32f10x_tim.o(.text)
    TIM_CCxCmd                               0x08002a33   Thumb Code    30  stm32f10x_tim.o(.text)
    TIM_CCxNCmd                              0x08002a51   Thumb Code    30  stm32f10x_tim.o(.text)
    TIM_SelectOCxM                           0x08002a6f   Thumb Code    82  stm32f10x_tim.o(.text)
    TIM_UpdateDisableConfig                  0x08002ac1   Thumb Code    24  stm32f10x_tim.o(.text)
    TIM_UpdateRequestConfig                  0x08002ad9   Thumb Code    24  stm32f10x_tim.o(.text)
    TIM_SelectHallSensor                     0x08002af1   Thumb Code    24  stm32f10x_tim.o(.text)
    TIM_SelectOnePulseMode                   0x08002b09   Thumb Code    18  stm32f10x_tim.o(.text)
    TIM_SelectOutputTrigger                  0x08002b1b   Thumb Code    18  stm32f10x_tim.o(.text)
    TIM_SelectSlaveMode                      0x08002b2d   Thumb Code    18  stm32f10x_tim.o(.text)
    TIM_SelectMasterSlaveMode                0x08002b3f   Thumb Code    18  stm32f10x_tim.o(.text)
    TIM_SetCounter                           0x08002b51   Thumb Code     4  stm32f10x_tim.o(.text)
    TIM_SetAutoreload                        0x08002b55   Thumb Code     4  stm32f10x_tim.o(.text)
    TIM_SetCompare1                          0x08002b59   Thumb Code     4  stm32f10x_tim.o(.text)
    TIM_SetCompare2                          0x08002b5d   Thumb Code     4  stm32f10x_tim.o(.text)
    TIM_SetCompare3                          0x08002b61   Thumb Code     4  stm32f10x_tim.o(.text)
    TIM_SetCompare4                          0x08002b65   Thumb Code     6  stm32f10x_tim.o(.text)
    TIM_SetClockDivision                     0x08002b6b   Thumb Code    18  stm32f10x_tim.o(.text)
    TIM_GetCapture1                          0x08002b7d   Thumb Code     6  stm32f10x_tim.o(.text)
    TIM_GetCapture2                          0x08002b83   Thumb Code     6  stm32f10x_tim.o(.text)
    TIM_GetCapture3                          0x08002b89   Thumb Code     6  stm32f10x_tim.o(.text)
    TIM_GetCapture4                          0x08002b8f   Thumb Code     8  stm32f10x_tim.o(.text)
    TIM_GetCounter                           0x08002b97   Thumb Code     6  stm32f10x_tim.o(.text)
    TIM_GetPrescaler                         0x08002b9d   Thumb Code     6  stm32f10x_tim.o(.text)
    TIM_GetFlagStatus                        0x08002ba3   Thumb Code    18  stm32f10x_tim.o(.text)
    TIM_ClearFlag                            0x08002bb5   Thumb Code     6  stm32f10x_tim.o(.text)
    TIM_GetITStatus                          0x08002bbb   Thumb Code    34  stm32f10x_tim.o(.text)
    TIM_ClearITPendingBit                    0x08002bdd   Thumb Code     6  stm32f10x_tim.o(.text)
    USART_DeInit                             0x08002be5   Thumb Code   134  stm32f10x_usart.o(.text)
    USART_Init                               0x08002c6b   Thumb Code   210  stm32f10x_usart.o(.text)
    USART_StructInit                         0x08002d3d   Thumb Code    24  stm32f10x_usart.o(.text)
    USART_ClockInit                          0x08002d55   Thumb Code    34  stm32f10x_usart.o(.text)
    USART_ClockStructInit                    0x08002d77   Thumb Code    12  stm32f10x_usart.o(.text)
    USART_Cmd                                0x08002d83   Thumb Code    24  stm32f10x_usart.o(.text)
    USART_ITConfig                           0x08002d9b   Thumb Code    74  stm32f10x_usart.o(.text)
    USART_DMACmd                             0x08002de5   Thumb Code    18  stm32f10x_usart.o(.text)
    USART_SetAddress                         0x08002df7   Thumb Code    18  stm32f10x_usart.o(.text)
    USART_WakeUpConfig                       0x08002e09   Thumb Code    18  stm32f10x_usart.o(.text)
    USART_ReceiverWakeUpCmd                  0x08002e1b   Thumb Code    24  stm32f10x_usart.o(.text)
    USART_LINBreakDetectLengthConfig         0x08002e33   Thumb Code    18  stm32f10x_usart.o(.text)
    USART_LINCmd                             0x08002e45   Thumb Code    24  stm32f10x_usart.o(.text)
    USART_SendData                           0x08002e5d   Thumb Code     8  stm32f10x_usart.o(.text)
    USART_ReceiveData                        0x08002e65   Thumb Code    10  stm32f10x_usart.o(.text)
    USART_SendBreak                          0x08002e6f   Thumb Code    10  stm32f10x_usart.o(.text)
    USART_SetGuardTime                       0x08002e79   Thumb Code    16  stm32f10x_usart.o(.text)
    USART_SetPrescaler                       0x08002e89   Thumb Code    16  stm32f10x_usart.o(.text)
    USART_SmartCardCmd                       0x08002e99   Thumb Code    24  stm32f10x_usart.o(.text)
    USART_SmartCardNACKCmd                   0x08002eb1   Thumb Code    24  stm32f10x_usart.o(.text)
    USART_HalfDuplexCmd                      0x08002ec9   Thumb Code    24  stm32f10x_usart.o(.text)
    USART_OverSampling8Cmd                   0x08002ee1   Thumb Code    22  stm32f10x_usart.o(.text)
    USART_OneBitMethodCmd                    0x08002ef7   Thumb Code    24  stm32f10x_usart.o(.text)
    USART_IrDAConfig                         0x08002f0f   Thumb Code    18  stm32f10x_usart.o(.text)
    USART_IrDACmd                            0x08002f21   Thumb Code    24  stm32f10x_usart.o(.text)
    USART_GetFlagStatus                      0x08002f39   Thumb Code    26  stm32f10x_usart.o(.text)
    USART_ClearFlag                          0x08002f53   Thumb Code    18  stm32f10x_usart.o(.text)
    USART_GetITStatus                        0x08002f65   Thumb Code    84  stm32f10x_usart.o(.text)
    USART_ClearITPendingBit                  0x08002fb9   Thumb Code    52  stm32f10x_usart.o(.text)
    TIM4_Int_Init                            0x08002fed   Thumb Code    90  timer.o(.text)
    TIM3_Int_Init                            0x08003047   Thumb Code    90  timer.o(.text)
    TIM4_IRQHandler                          0x080030a1   Thumb Code   206  timer.o(.text)
    drawMap                                  0x0800316f   Thumb Code   166  timer.o(.text)
    TIM3_IRQHandler                          0x08003215   Thumb Code    58  timer.o(.text)
    TIM2_Cap_Init                            0x08003275   Thumb Code   158  capture.o(.text)
    TIM2_IRQHandler                          0x08003313   Thumb Code   184  capture.o(.text)
    SPI2_Init                                0x080033dd   Thumb Code   132  spi.o(.text)
    CSPin_init                               0x08003461   Thumb Code   126  spi.o(.text)
    SPI2_ReadWriteByte                       0x080034df   Thumb Code    80  spi.o(.text)
    ADS_Read                                 0x0800353d   Thumb Code    76  touch.o(.text)
    Read_XY                                  0x08003589   Thumb Code   138  touch.o(.text)
    Read_X                                   0x08003613   Thumb Code    68  touch.o(.text)
    Read_Y                                   0x08003657   Thumb Code    68  touch.o(.text)
    Touch_Init                               0x0800369b   Thumb Code   120  touch.o(.text)
    LCD_Adjustd                              0x08003713   Thumb Code  1206  touch.o(.text)
    touch_show                               0x08003bc9   Thumb Code   148  touch.o(.text)
    EXTI9_5_IRQHandler                       0x08003c5d   Thumb Code    14  touch.o(.text)
    LCD_WriteReg                             0x08003cb9   Thumb Code    10  lcd.o(.text)
    LCD_ReadReg                              0x08003cc3   Thumb Code    18  lcd.o(.text)
    LCD_FSMC                                 0x08003cd5   Thumb Code    94  lcd.o(.text)
    LCD_guanjiao                             0x08003d33   Thumb Code   160  lcd.o(.text)
    LCD_Init                                 0x08003dd3   Thumb Code   466  lcd.o(.text)
    LCD_WriteRAM_Prepare                     0x08003fa5   Thumb Code    10  lcd.o(.text)
    LCD_Clear                                0x08003faf   Thumb Code    38  lcd.o(.text)
    LCD_WriteRAM                             0x08003fd5   Thumb Code     8  lcd.o(.text)
    LCD_SetPoint                             0x08003fdd   Thumb Code    44  lcd.o(.text)
    LCD_ReadRAM                              0x08004009   Thumb Code    16  lcd.o(.text)
    LCD_BGR2RGB                              0x08004019   Thumb Code    26  lcd.o(.text)
    LCD_GetPoint                             0x08004033   Thumb Code    44  lcd.o(.text)
    LCD_DrawLine                             0x0800405f   Thumb Code   172  lcd.o(.text)
    LCD_DrawRectangle                        0x0800410b   Thumb Code    94  lcd.o(.text)
    LCD_Draw_Circle                          0x08004169   Thumb Code   198  lcd.o(.text)
    LCD_Color_Fill                           0x0800422f   Thumb Code    92  lcd.o(.text)
    LCD_Draw_Button                          0x0800428b   Thumb Code   280  lcd.o(.text)
    LCD_Draw_Target                          0x080043a3   Thumb Code    62  lcd.o(.text)
    LCD_ShowChar                             0x080043e1   Thumb Code   136  lcd.o(.text)
    LCD_printString                          0x08004469   Thumb Code    66  lcd.o(.text)
    LCD_ShowNum                              0x080044ab   Thumb Code    42  lcd.o(.text)
    LCD_WriteFullBMP                         0x080044d5   Thumb Code    28  lcd.o(.text)
    Add_Button                               0x080044f1   Thumb Code   128  lcd.o(.text)
    KEY_Init                                 0x080045a5   Thumb Code    40  key.o(.text)
    KEY_Scan                                 0x080045cd   Thumb Code    78  key.o(.text)
    DMA_USART_Config                         0x08004629   Thumb Code    82  dma.o(.text)
    DMA_USART_Enable                         0x0800467b   Thumb Code    32  dma.o(.text)
    DMA_ADC_Config                           0x0800469b   Thumb Code    80  dma.o(.text)
    DMA_ADC_Enable                           0x080046eb   Thumb Code    22  dma.o(.text)
    Adc1_Init                                0x08004709   Thumb Code   160  adc1.o(.text)
    Adc1_Multi_Init                          0x080047a9   Thumb Code   148  adc1.o(.text)
    Adc1_Multi_Enable                        0x0800483d   Thumb Code    56  adc1.o(.text)
    Get_Adc1                                 0x08004875   Thumb Code    52  adc1.o(.text)
    Get_Adc1_Average                         0x080048a9   Thumb Code    46  adc1.o(.text)
    Get_Multi_Adc1                           0x080048d7   Thumb Code    30  adc1.o(.text)
    Adc2_Init                                0x08004901   Thumb Code   160  adc2.o(.text)
    Adc2_Multi_Init                          0x080049a1   Thumb Code   148  adc2.o(.text)
    Adc2_Multi_Enable                        0x08004a35   Thumb Code    48  adc2.o(.text)
    Get_Adc2                                 0x08004a65   Thumb Code    52  adc2.o(.text)
    Get_Adc2_Average                         0x08004a99   Thumb Code    46  adc2.o(.text)
    Get_Multi_Adc2                           0x08004ac7   Thumb Code    36  adc2.o(.text)
    uart_init                                0x08004afd   Thumb Code   168  usart.o(.text)
    USART1_IRQHandler                        0x08004ba5   Thumb Code    26  usart.o(.text)
    NVIC_Configuration                       0x08004bc9   Thumb Code    12  sys.o(.text)
    delay_init                               0x08004bd5   Thumb Code    50  delay.o(.text)
    delay_us                                 0x08004c07   Thumb Code    70  delay.o(.text)
    delay_ms                                 0x08004c4d   Thumb Code    70  delay.o(.text)
    Standard_GetConfiguration                0x08004ca5   Thumb Code    34  usb_core.o(.text)
    Standard_SetConfiguration                0x08004cc7   Thumb Code    60  usb_core.o(.text)
    Standard_GetInterface                    0x08004d03   Thumb Code    34  usb_core.o(.text)
    Standard_SetInterface                    0x08004d25   Thumb Code    96  usb_core.o(.text)
    Standard_GetStatus                       0x08004d85   Thumb Code   230  usb_core.o(.text)
    Standard_ClearFeature                    0x08004e6b   Thumb Code   308  usb_core.o(.text)
    Standard_SetEndPointFeature              0x08004f9f   Thumb Code   168  usb_core.o(.text)
    Standard_SetDeviceFeature                0x08005047   Thumb Code    30  usb_core.o(.text)
    Standard_GetDescriptorData               0x08005065   Thumb Code    32  usb_core.o(.text)
    Post0_Process                            0x080055a5   Thumb Code    54  usb_core.o(.text)
    Setup0_Process                           0x080055db   Thumb Code   170  usb_core.o(.text)
    SetDeviceAddress                         0x08005685   Thumb Code    66  usb_core.o(.text)
    In0_Process                              0x080056c7   Thumb Code    98  usb_core.o(.text)
    Out0_Process                             0x08005729   Thumb Code    70  usb_core.o(.text)
    NOP_Process                              0x0800576f   Thumb Code     2  usb_core.o(.text)
    USB_Init                                 0x08005799   Thumb Code    36  usb_init.o(.text)
    CTR_LP                                   0x080057d5   Thumb Code   552  usb_int.o(.text)
    CTR_HP                                   0x080059fd   Thumb Code   142  usb_int.o(.text)
    UserToPMABufferCopy                      0x08005aa5   Thumb Code    52  usb_mem.o(.text)
    PMAToUserBufferCopy                      0x08005ad9   Thumb Code    34  usb_mem.o(.text)
    SetCNTR                                  0x08005b01   Thumb Code     6  usb_regs.o(.text)
    GetCNTR                                  0x08005b07   Thumb Code     8  usb_regs.o(.text)
    SetISTR                                  0x08005b0f   Thumb Code     8  usb_regs.o(.text)
    GetISTR                                  0x08005b17   Thumb Code    10  usb_regs.o(.text)
    GetFNR                                   0x08005b21   Thumb Code    10  usb_regs.o(.text)
    SetDADDR                                 0x08005b2b   Thumb Code     8  usb_regs.o(.text)
    GetDADDR                                 0x08005b33   Thumb Code    10  usb_regs.o(.text)
    SetBTABLE                                0x08005b3d   Thumb Code    14  usb_regs.o(.text)
    GetBTABLE                                0x08005b4b   Thumb Code    10  usb_regs.o(.text)
    SetENDPOINT                              0x08005b55   Thumb Code    10  usb_regs.o(.text)
    GetENDPOINT                              0x08005b5f   Thumb Code    14  usb_regs.o(.text)
    SetEPType                                0x08005b6d   Thumb Code    26  usb_regs.o(.text)
    GetEPType                                0x08005b87   Thumb Code    16  usb_regs.o(.text)
    SetEPTxStatus                            0x08005b97   Thumb Code    56  usb_regs.o(.text)
    SetEPRxStatus                            0x08005bcf   Thumb Code    56  usb_regs.o(.text)
    SetDouBleBuffEPStall                     0x08005c07   Thumb Code    50  usb_regs.o(.text)
    GetEPTxStatus                            0x08005c39   Thumb Code    16  usb_regs.o(.text)
    GetEPRxStatus                            0x08005c49   Thumb Code    16  usb_regs.o(.text)
    SetEPTxValid                             0x08005c59   Thumb Code    42  usb_regs.o(.text)
    SetEPRxValid                             0x08005c83   Thumb Code    42  usb_regs.o(.text)
    SetEP_KIND                               0x08005cad   Thumb Code    34  usb_regs.o(.text)
    ClearEP_KIND                             0x08005ccf   Thumb Code    30  usb_regs.o(.text)
    Clear_Status_Out                         0x08005ced   Thumb Code    30  usb_regs.o(.text)
    Set_Status_Out                           0x08005d0b   Thumb Code    34  usb_regs.o(.text)
    SetEPDoubleBuff                          0x08005d2d   Thumb Code    34  usb_regs.o(.text)
    ClearEPDoubleBuff                        0x08005d4f   Thumb Code    30  usb_regs.o(.text)
    GetTxStallStatus                         0x08005d6d   Thumb Code    26  usb_regs.o(.text)
    GetRxStallStatus                         0x08005d87   Thumb Code    28  usb_regs.o(.text)
    ClearEP_CTR_RX                           0x08005da3   Thumb Code    28  usb_regs.o(.text)
    ClearEP_CTR_TX                           0x08005dbf   Thumb Code    24  usb_regs.o(.text)
    ToggleDTOG_RX                            0x08005dd7   Thumb Code    30  usb_regs.o(.text)
    ToggleDTOG_TX                            0x08005df5   Thumb Code    30  usb_regs.o(.text)
    ClearDTOG_RX                             0x08005e13   Thumb Code    44  usb_regs.o(.text)
    ClearDTOG_TX                             0x08005e3f   Thumb Code    44  usb_regs.o(.text)
    SetEPAddress                             0x08005e6b   Thumb Code    32  usb_regs.o(.text)
    GetEPAddress                             0x08005e8b   Thumb Code    16  usb_regs.o(.text)
    SetEPTxAddr                              0x08005e9b   Thumb Code    26  usb_regs.o(.text)
    SetEPRxAddr                              0x08005eb5   Thumb Code    28  usb_regs.o(.text)
    GetEPTxAddr                              0x08005ed1   Thumb Code    32  usb_regs.o(.text)
    GetEPRxAddr                              0x08005ef1   Thumb Code    24  usb_regs.o(.text)
    SetEPTxCount                             0x08005f09   Thumb Code    20  usb_regs.o(.text)
    SetEPCountRxReg                          0x08005f1d   Thumb Code    48  usb_regs.o(.text)
    SetEPRxCount                             0x08005f4d   Thumb Code    68  usb_regs.o(.text)
    GetEPTxCount                             0x08005f91   Thumb Code    26  usb_regs.o(.text)
    GetEPRxCount                             0x08005fab   Thumb Code    26  usb_regs.o(.text)
    SetEPDblBuffAddr                         0x08005fc5   Thumb Code    44  usb_regs.o(.text)
    SetEPDblBuf0Addr                         0x08005ff1   Thumb Code    24  usb_regs.o(.text)
    SetEPDblBuf1Addr                         0x08006009   Thumb Code    26  usb_regs.o(.text)
    GetEPDblBuf0Addr                         0x08006023   Thumb Code    22  usb_regs.o(.text)
    GetEPDblBuf1Addr                         0x08006039   Thumb Code    24  usb_regs.o(.text)
    SetEPDblBuffCount                        0x08006051   Thumb Code   186  usb_regs.o(.text)
    SetEPDblBuf0Count                        0x0800610b   Thumb Code    96  usb_regs.o(.text)
    SetEPDblBuf1Count                        0x0800616b   Thumb Code    96  usb_regs.o(.text)
    GetEPDblBuf0Count                        0x080061cb   Thumb Code    26  usb_regs.o(.text)
    GetEPDblBuf1Count                        0x080061e5   Thumb Code    26  usb_regs.o(.text)
    GetEPDblBufDir                           0x080061ff   Thumb Code    62  usb_regs.o(.text)
    FreeUserBuffer                           0x0800623d   Thumb Code    68  usb_regs.o(.text)
    ToWord                                   0x08006281   Thumb Code     8  usb_regs.o(.text)
    ByteSwap                                 0x08006289   Thumb Code    12  usb_regs.o(.text)
    Set_USBClock                             0x0800629d   Thumb Code    18  hw_config.o(.text)
    Enter_LowPowerMode                       0x080062af   Thumb Code     8  hw_config.o(.text)
    Leave_LowPowerMode                       0x080062b7   Thumb Code    22  hw_config.o(.text)
    USB_Interrupts_Config                    0x080062cd   Thumb Code    92  hw_config.o(.text)
    Data_64_Package_Send                     0x08006329   Thumb Code    32  hw_config.o(.text)
    USB_SendString                           0x08006349   Thumb Code    82  hw_config.o(.text)
    Get_SerialNum                            0x080063d9   Thumb Code    42  hw_config.o(.text)
    EP1_OUT_Callback                         0x0800641d   Thumb Code    30  usb_endp.o(.text)
    USB_Istr                                 0x08006445   Thumb Code   222  usb_istr.o(.text)
    PowerOn                                  0x0800653d   Thumb Code    40  usb_pwr.o(.text)
    PowerOff                                 0x08006565   Thumb Code    22  usb_pwr.o(.text)
    Suspend                                  0x0800657b   Thumb Code    34  usb_pwr.o(.text)
    Resume_Init                              0x0800659d   Thumb Code    30  usb_pwr.o(.text)
    Resume                                   0x080065bb   Thumb Code   168  usb_pwr.o(.text)
    CustomHID_init                           0x08006671   Thumb Code    50  usb_prop.o(.text)
    CustomHID_Reset                          0x080066a3   Thumb Code   238  usb_prop.o(.text)
    CustomHID_SetConfiguration               0x08006791   Thumb Code    16  usb_prop.o(.text)
    CustomHID_SetDeviceAddress               0x080067a1   Thumb Code     8  usb_prop.o(.text)
    CustomHID_Status_In                      0x080067a9   Thumb Code     2  usb_prop.o(.text)
    CustomHID_Status_Out                     0x080067ab   Thumb Code     2  usb_prop.o(.text)
    CustomHID_GetProtocolValue               0x080067ad   Thumb Code    20  usb_prop.o(.text)
    CustomHID_GetHIDDescriptor               0x080067c1   Thumb Code    14  usb_prop.o(.text)
    CustomHID_GetReportDescriptor            0x080067cf   Thumb Code    14  usb_prop.o(.text)
    CustomHID_Data_Setup                     0x080067dd   Thumb Code   114  usb_prop.o(.text)
    CustomHID_SetProtocol                    0x0800684f   Thumb Code    14  usb_prop.o(.text)
    CustomHID_NoData_Setup                   0x0800685d   Thumb Code    32  usb_prop.o(.text)
    CustomHID_GetDeviceDescriptor            0x0800687d   Thumb Code    14  usb_prop.o(.text)
    CustomHID_GetConfigDescriptor            0x0800688b   Thumb Code    14  usb_prop.o(.text)
    CustomHID_GetStringDescriptor            0x08006899   Thumb Code    32  usb_prop.o(.text)
    CustomHID_Get_Interface_Setting          0x080068b9   Thumb Code    22  usb_prop.o(.text)
    __2sprintf                               0x08006901   Thumb Code    34  noretval__2sprintf.o(.text)
    __printf                                 0x08006929   Thumb Code   106  __printf.o(.text)
    _printf_int_dec                          0x08006995   Thumb Code   102  _printf_dec.o(.text)
    __use_two_region_memory                  0x08006a0d   Thumb Code     2  heapauxi.o(.text)
    __rt_heap_escrow$2region                 0x08006a0f   Thumb Code     2  heapauxi.o(.text)
    __rt_heap_expand$2region                 0x08006a11   Thumb Code     2  heapauxi.o(.text)
    _printf_int_common                       0x08006a13   Thumb Code   184  _printf_intcommon.o(.text)
    _printf_char_common                      0x08006ad7   Thumb Code    32  _printf_char_common.o(.text)
    _sputc                                   0x08006afd   Thumb Code    10  _sputc.o(.text)
    __user_setup_stackheap                   0x08006b07   Thumb Code    74  sys_stackheap_outer.o(.text)
    exit                                     0x08006b51   Thumb Code    12  exit.o(.text)
    __user_libspace                          0x08006b5d   Thumb Code     8  libspace.o(.text)
    __user_perproc_libspace                  0x08006b5d   Thumb Code     0  libspace.o(.text)
    __user_perthread_libspace                0x08006b5d   Thumb Code     0  libspace.o(.text)
    _sys_exit                                0x08006b65   Thumb Code     8  sys_exit.o(.text)
    __I$use$semihosting                      0x08006b71   Thumb Code     0  use_no_semi.o(.text)
    __use_no_semihosting_swi                 0x08006b71   Thumb Code     2  use_no_semi.o(.text)
    LCD_SetCursor                            0x08006b73   Thumb Code    30  lcd.o(i.LCD_SetCursor)
    __semihosting_library_function           0x08006b73   Thumb Code     0  indicate_semi.o(.text)
    __aeabi_fadd                             0x08006b91   Thumb Code     0  faddsub_clz.o(x$fpl$fadd)
    _fadd                                    0x08006b91   Thumb Code   196  faddsub_clz.o(x$fpl$fadd)
    __aeabi_fdiv                             0x08006c55   Thumb Code     0  fdiv.o(x$fpl$fdiv)
    _fdiv                                    0x08006c55   Thumb Code   384  fdiv.o(x$fpl$fdiv)
    __aeabi_f2uiz                            0x08006dd9   Thumb Code     0  ffixu.o(x$fpl$ffixu)
    _ffixu                                   0x08006dd9   Thumb Code    62  ffixu.o(x$fpl$ffixu)
    __aeabi_i2f                              0x08006e19   Thumb Code     0  fflt_clz.o(x$fpl$fflt)
    _fflt                                    0x08006e19   Thumb Code    48  fflt_clz.o(x$fpl$fflt)
    __aeabi_ui2f                             0x08006e49   Thumb Code     0  fflt_clz.o(x$fpl$ffltu)
    _ffltu                                   0x08006e49   Thumb Code    38  fflt_clz.o(x$fpl$ffltu)
    __fpl_fnaninf                            0x08006e6f   Thumb Code   140  fnaninf.o(x$fpl$fnaninf)
    __fpl_fretinf                            0x08006efb   Thumb Code    10  fretinf.o(x$fpl$fretinf)
    __aeabi_fsub                             0x08006f05   Thumb Code     0  faddsub_clz.o(x$fpl$fsub)
    _fsub                                    0x08006f05   Thumb Code   234  faddsub_clz.o(x$fpl$fsub)
    __I$use$fp                               0x08006fee   Number         0  usenofp.o(x$fpl$usenofp)
    ascii_8x16                               0x08006fee   Data       11520  lcd.o(.constdata)
    asc2_1206                                0x08009cee   Data        1140  lcd.o(.constdata)
    CustomHID_DeviceDescriptor               0x0800a162   Data          18  usb_desc.o(.constdata)
    CustomHID_ConfigDescriptor               0x0800a174   Data          41  usb_desc.o(.constdata)
    CustomHID_ReportDescriptor               0x0800a19d   Data          33  usb_desc.o(.constdata)
    CustomHID_StringLangID                   0x0800a1be   Data           4  usb_desc.o(.constdata)
    CustomHID_StringVendor                   0x0800a1c2   Data          38  usb_desc.o(.constdata)
    CustomHID_StringProduct                  0x0800a1e8   Data          32  usb_desc.o(.constdata)
    Region$$Table$$Base                      0x0800a208   Number         0  anon$$obj.o(Region$$Table)
    Region$$Table$$Limit                     0x0800a228   Number         0  anon$$obj.o(Region$$Table)
    SendBuff                                 0x20000000   Data           5  main.o(.data)
    SystemCoreClock                          0x20000008   Data           4  system_stm32f10x.o(.data)
    AHBPrescTable                            0x2000000c   Data          16  system_stm32f10x.o(.data)
    adcValue                                 0x20000030   Data           2  timer.o(.data)
    cursor                                   0x20000032   Data           1  timer.o(.data)
    HexTable                                 0x20000033   Data          16  timer.o(.data)
    USBTable                                 0x20000043   Data          16  timer.o(.data)
    TIM2CH1_CAPTURE_STA                      0x20000054   Data           1  capture.o(.data)
    TIM2CH1_CAPTURE_VAL                      0x20000056   Data           2  capture.o(.data)
    KX                                       0x20000058   Data           4  touch.o(.data)
    KY                                       0x2000005c   Data           4  touch.o(.data)
    XLC                                      0x20000060   Data           2  touch.o(.data)
    YLC                                      0x20000062   Data           2  touch.o(.data)
    XC                                       0x20000064   Data           2  touch.o(.data)
    YC                                       0x20000066   Data           2  touch.o(.data)
    AdcChannel                               0x20000068   Data           1  touch.o(.data)
    dacValue                                 0x2000006a   Data           2  touch.o(.data)
    DeviceCode                               0x2000006c   Data           2  lcd.o(.data)
    DMA1_MEM_LEN                             0x20000070   Data           2  dma.o(.data)
    Data_Mul_MaxPacketSize                   0x20000076   Data           1  usb_core.o(.data)
    StatusInfo                               0x20000078   Data           2  usb_core.o(.data)
    EPindex                                  0x2000007c   Data           1  usb_init.o(.data)
    pInformation                             0x20000080   Data           4  usb_init.o(.data)
    pProperty                                0x20000084   Data           4  usb_init.o(.data)
    SaveState                                0x20000088   Data           2  usb_init.o(.data)
    wInterrupt_Mask                          0x2000008a   Data           2  usb_init.o(.data)
    pUser_Standard_Requests                  0x2000008c   Data           4  usb_init.o(.data)
    SaveRState                               0x20000090   Data           2  usb_int.o(.data)
    SaveTState                               0x20000092   Data           2  usb_int.o(.data)
    USB_ReceiveFlg                           0x20000094   Data           1  usb_endp.o(.data)
    bIntPackSOF                              0x20000098   Data           1  usb_istr.o(.data)
    pEpInt_OUT                               0x2000009c   Data          28  usb_istr.o(.data)
    wIstr                                    0x200000b8   Data           2  usb_istr.o(.data)
    bDeviceState                             0x200000bc   Data           4  usb_pwr.o(.data)
    fSuspendEnabled                          0x200000c0   Data           1  usb_pwr.o(.data)
    ResumeS                                  0x200000c1   Data           2  usb_pwr.o(.data)
    CustomHID_StringSerial                   0x200000c3   Data          26  usb_desc.o(.data)
    Device_Table                             0x200000e0   Data           2  usb_prop.o(.data)
    Device_Property                          0x200000e4   Data          48  usb_prop.o(.data)
    User_Standard_Requests                   0x20000114   Data          36  usb_prop.o(.data)
    Device_Descriptor                        0x20000138   Data           8  usb_prop.o(.data)
    Config_Descriptor                        0x20000140   Data           8  usb_prop.o(.data)
    CustomHID_Report_Descriptor              0x20000148   Data           8  usb_prop.o(.data)
    CustomHID_Hid_Descriptor                 0x20000150   Data           8  usb_prop.o(.data)
    String_Descriptor                        0x20000158   Data          32  usb_prop.o(.data)
    ProtocolValue                            0x20000178   Data           4  usb_prop.o(.data)
    AD_Value                                 0x2000017c   Data          16  main.o(.bss)
    data                                     0x2000018c   Data         480  timer.o(.bss)
    TIM2_ICInitStructure                     0x2000036c   Data          10  capture.o(.bss)
    y                                        0x20000376   Data          10  touch.o(.bss)
    x                                        0x20000380   Data          10  touch.o(.bss)
    DMA_InitStructure                        0x2000038c   Data          44  dma.o(.bss)
    Device_Info                              0x200003b8   Data          28  usb_init.o(.bss)
    Receive_Buffer                           0x200003d4   Data          64  usb_endp.o(.bss)
    Transi_Buffer                            0x20000414   Data          64  usb_endp.o(.bss)
    __libspace_start                         0x20000454   Data          96  libspace.o(.bss)
    __temporary_stack_top$libspace           0x200004b4   Data           0  libspace.o(.bss)



==============================================================================

Memory Map of the image

  Image Entry point : 0x080000ed

  Load Region LR_IROM1 (Base: 0x08000000, Size: 0x0000a3a4, Max: 0x00080000, ABSOLUTE, COMPRESSED[0x0000a2f4])

    Execution Region ER_IROM1 (Base: 0x08000000, Size: 0x0000a228, Max: 0x00080000, ABSOLUTE)

    Base Addr    Size         Type   Attr      Idx    E Section Name        Object

    0x08000000   0x000000ec   Data   RO          203    RESET               startup_stm32f10x_md.o
    0x080000ec   0x00000008   Code   RO         1008  * !!!main             c_w.l(__main.o)
    0x080000f4   0x00000034   Code   RO         1212    !!!scatter          c_w.l(__scatter.o)
    0x08000128   0x0000005a   Code   RO         1210    !!dczerorl2         c_w.l(__dczerorl2.o)
    0x08000182   0x00000002   PAD
    0x08000184   0x0000001c   Code   RO         1214    !!handler_zi        c_w.l(__scatter_zi.o)
    0x080001a0   0x00000000   Code   RO         1005    .ARM.Collect$$_printf_percent$$00000000  c_w.l(_printf_percent.o)
    0x080001a0   0x00000006   Code   RO         1004    .ARM.Collect$$_printf_percent$$00000009  c_w.l(_printf_d.o)
    0x080001a6   0x00000004   Code   RO         1047    .ARM.Collect$$_printf_percent$$00000017  c_w.l(_printf_percent_end.o)
    0x080001aa   0x00000002   Code   RO         1083    .ARM.Collect$$libinit$$00000000  c_w.l(libinit.o)
    0x080001ac   0x00000000   Code   RO         1090    .ARM.Collect$$libinit$$00000002  c_w.l(libinit2.o)
    0x080001ac   0x00000000   Code   RO         1093    .ARM.Collect$$libinit$$00000008  c_w.l(libinit2.o)
    0x080001ac   0x00000000   Code   RO         1095    .ARM.Collect$$libinit$$0000000A  c_w.l(libinit2.o)
    0x080001ac   0x00000000   Code   RO         1097    .ARM.Collect$$libinit$$0000000C  c_w.l(libinit2.o)
    0x080001ac   0x00000000   Code   RO         1100    .ARM.Collect$$libinit$$0000000F  c_w.l(libinit2.o)
    0x080001ac   0x00000000   Code   RO         1102    .ARM.Collect$$libinit$$00000011  c_w.l(libinit2.o)
    0x080001ac   0x00000000   Code   RO         1104    .ARM.Collect$$libinit$$00000013  c_w.l(libinit2.o)
    0x080001ac   0x00000000   Code   RO         1106    .ARM.Collect$$libinit$$00000015  c_w.l(libinit2.o)
    0x080001ac   0x00000000   Code   RO         1108    .ARM.Collect$$libinit$$00000017  c_w.l(libinit2.o)
    0x080001ac   0x00000000   Code   RO         1110    .ARM.Collect$$libinit$$00000019  c_w.l(libinit2.o)
    0x080001ac   0x00000000   Code   RO         1112    .ARM.Collect$$libinit$$0000001B  c_w.l(libinit2.o)
    0x080001ac   0x00000000   Code   RO         1114    .ARM.Collect$$libinit$$0000001D  c_w.l(libinit2.o)
    0x080001ac   0x00000000   Code   RO         1116    .ARM.Collect$$libinit$$0000001F  c_w.l(libinit2.o)
    0x080001ac   0x00000000   Code   RO         1118    .ARM.Collect$$libinit$$00000021  c_w.l(libinit2.o)
    0x080001ac   0x00000000   Code   RO         1120    .ARM.Collect$$libinit$$00000023  c_w.l(libinit2.o)
    0x080001ac   0x00000000   Code   RO         1124    .ARM.Collect$$libinit$$0000002A  c_w.l(libinit2.o)
    0x080001ac   0x00000000   Code   RO         1126    .ARM.Collect$$libinit$$0000002C  c_w.l(libinit2.o)
    0x080001ac   0x00000000   Code   RO         1128    .ARM.Collect$$libinit$$0000002E  c_w.l(libinit2.o)
    0x080001ac   0x00000000   Code   RO         1130    .ARM.Collect$$libinit$$00000030  c_w.l(libinit2.o)
    0x080001ac   0x00000002   Code   RO         1131    .ARM.Collect$$libinit$$00000031  c_w.l(libinit2.o)
    0x080001ae   0x00000002   Code   RO         1151    .ARM.Collect$$libshutdown$$00000000  c_w.l(libshutdown.o)
    0x080001b0   0x00000000   Code   RO         1165    .ARM.Collect$$libshutdown$$00000003  c_w.l(libshutdown2.o)
    0x080001b0   0x00000000   Code   RO         1168    .ARM.Collect$$libshutdown$$00000006  c_w.l(libshutdown2.o)
    0x080001b0   0x00000000   Code   RO         1171    .ARM.Collect$$libshutdown$$00000009  c_w.l(libshutdown2.o)
    0x080001b0   0x00000000   Code   RO         1173    .ARM.Collect$$libshutdown$$0000000B  c_w.l(libshutdown2.o)
    0x080001b0   0x00000000   Code   RO         1176    .ARM.Collect$$libshutdown$$0000000E  c_w.l(libshutdown2.o)
    0x080001b0   0x00000002   Code   RO         1177    .ARM.Collect$$libshutdown$$0000000F  c_w.l(libshutdown2.o)
    0x080001b2   0x00000000   Code   RO         1040    .ARM.Collect$$rtentry$$00000000  c_w.l(rtentry.o)
    0x080001b2   0x00000000   Code   RO         1058    .ARM.Collect$$rtentry$$00000002  c_w.l(rtentry2.o)
    0x080001b2   0x00000006   Code   RO         1070    .ARM.Collect$$rtentry$$00000004  c_w.l(rtentry4.o)
    0x080001b8   0x00000000   Code   RO         1060    .ARM.Collect$$rtentry$$00000009  c_w.l(rtentry2.o)
    0x080001b8   0x00000004   Code   RO         1061    .ARM.Collect$$rtentry$$0000000A  c_w.l(rtentry2.o)
    0x080001bc   0x00000000   Code   RO         1063    .ARM.Collect$$rtentry$$0000000C  c_w.l(rtentry2.o)
    0x080001bc   0x00000008   Code   RO         1064    .ARM.Collect$$rtentry$$0000000D  c_w.l(rtentry2.o)
    0x080001c4   0x00000002   Code   RO         1087    .ARM.Collect$$rtexit$$00000000  c_w.l(rtexit.o)
    0x080001c6   0x00000000   Code   RO         1133    .ARM.Collect$$rtexit$$00000002  c_w.l(rtexit2.o)
    0x080001c6   0x00000004   Code   RO         1134    .ARM.Collect$$rtexit$$00000003  c_w.l(rtexit2.o)
    0x080001ca   0x00000006   Code   RO         1135    .ARM.Collect$$rtexit$$00000004  c_w.l(rtexit2.o)
    0x080001d0   0x00000130   Code   RO            1    .text               main.o
    0x08000300   0x00000022   Code   RO          147    .text               stm32f10x_it.o
    0x08000322   0x00000002   PAD
    0x08000324   0x000001c8   Code   RO          172    .text               system_stm32f10x.o
    0x080004ec   0x00000040   Code   RO          204    .text               startup_stm32f10x_md.o
    0x0800052c   0x000000dc   Code   RO          208    .text               misc.o
    0x08000608   0x0000043c   Code   RO          243    .text               stm32f10x_adc.o
    0x08000a44   0x00000250   Code   RO          342    .text               stm32f10x_dma.o
    0x08000c94   0x0000011c   Code   RO          354    .text               stm32f10x_exti.o
    0x08000db0   0x00000618   Code   RO          381    .text               stm32f10x_fsmc.o
    0x080013c8   0x00000358   Code   RO          393    .text               stm32f10x_gpio.o
    0x08001720   0x0000039c   Code   RO          450    .text               stm32f10x_rcc.o
    0x08001abc   0x0000030c   Code   RO          494    .text               stm32f10x_spi.o
    0x08001dc8   0x00000e1a   Code   RO          506    .text               stm32f10x_tim.o
    0x08002be2   0x00000002   PAD
    0x08002be4   0x00000408   Code   RO          518    .text               stm32f10x_usart.o
    0x08002fec   0x00000288   Code   RO          545    .text               timer.o
    0x08003274   0x00000168   Code   RO          565    .text               capture.o
    0x080033dc   0x00000160   Code   RO          599    .text               spi.o
    0x0800353c   0x0000077c   Code   RO          614    .text               touch.o
    0x08003cb8   0x000008ec   Code   RO          634    .text               lcd.o
    0x080045a4   0x00000084   Code   RO          661    .text               key.o
    0x08004628   0x000000e0   Code   RO          674    .text               dma.o
    0x08004708   0x000001f8   Code   RO          690    .text               adc1.o
    0x08004900   0x000001fc   Code   RO          703    .text               adc2.o
    0x08004afc   0x000000cc   Code   RO          716    .text               usart.o
    0x08004bc8   0x0000000c   Code   RO          735    .text               sys.o
    0x08004bd4   0x000000d0   Code   RO          747    .text               delay.o
    0x08004ca4   0x00000af4   Code   RO          761    .text               usb_core.o
    0x08005798   0x0000003c   Code   RO          776    .text               usb_init.o
    0x080057d4   0x000002d0   Code   RO          799    .text               usb_int.o
    0x08005aa4   0x0000005c   Code   RO          823    .text               usb_mem.o
    0x08005b00   0x0000079c   Code   RO          835    .text               usb_regs.o
    0x0800629c   0x00000180   Code   RO          859    .text               hw_config.o
    0x0800641c   0x00000028   Code   RO          883    .text               usb_endp.o
    0x08006444   0x000000f8   Code   RO          899    .text               usb_istr.o
    0x0800653c   0x00000134   Code   RO          920    .text               usb_pwr.o
    0x08006670   0x00000290   Code   RO          951    .text               usb_prop.o
    0x08006900   0x00000028   Code   RO          978    .text               c_w.l(noretval__2sprintf.o)
    0x08006928   0x0000006a   Code   RO          980    .text               c_w.l(__printf.o)
    0x08006992   0x00000002   PAD
    0x08006994   0x00000078   Code   RO          982    .text               c_w.l(_printf_dec.o)
    0x08006a0c   0x00000006   Code   RO         1006    .text               c_w.l(heapauxi.o)
    0x08006a12   0x000000b8   Code   RO         1041    .text               c_w.l(_printf_intcommon.o)
    0x08006aca   0x00000002   PAD
    0x08006acc   0x00000030   Code   RO         1043    .text               c_w.l(_printf_char_common.o)
    0x08006afc   0x0000000a   Code   RO         1045    .text               c_w.l(_sputc.o)
    0x08006b06   0x0000004a   Code   RO         1074    .text               c_w.l(sys_stackheap_outer.o)
    0x08006b50   0x0000000c   Code   RO         1076    .text               c_w.l(exit.o)
    0x08006b5c   0x00000008   Code   RO         1084    .text               c_w.l(libspace.o)
    0x08006b64   0x0000000c   Code   RO         1143    .text               c_w.l(sys_exit.o)
    0x08006b70   0x00000002   Code   RO         1154    .text               c_w.l(use_no_semi.o)
    0x08006b72   0x00000000   Code   RO         1156    .text               c_w.l(indicate_semi.o)
    0x08006b72   0x0000001e   Code   RO          647    i.LCD_SetCursor     lcd.o
    0x08006b90   0x000000c4   Code   RO         1018    x$fpl$fadd          fz_ws.l(faddsub_clz.o)
    0x08006c54   0x00000184   Code   RO         1025    x$fpl$fdiv          fz_ws.l(fdiv.o)
    0x08006dd8   0x0000003e   Code   RO         1028    x$fpl$ffixu         fz_ws.l(ffixu.o)
    0x08006e16   0x00000002   PAD
    0x08006e18   0x00000030   Code   RO         1033    x$fpl$fflt          fz_ws.l(fflt_clz.o)
    0x08006e48   0x00000026   Code   RO         1032    x$fpl$ffltu         fz_ws.l(fflt_clz.o)
    0x08006e6e   0x0000008c   Code   RO         1052    x$fpl$fnaninf       fz_ws.l(fnaninf.o)
    0x08006efa   0x0000000a   Code   RO         1054    x$fpl$fretinf       fz_ws.l(fretinf.o)
    0x08006f04   0x000000ea   Code   RO         1020    x$fpl$fsub          fz_ws.l(faddsub_clz.o)
    0x08006fee   0x00000000   Code   RO         1056    x$fpl$usenofp       fz_ws.l(usenofp.o)
    0x08006fee   0x00003174   Data   RO          635    .constdata          lcd.o
    0x0800a162   0x000000a6   Data   RO          938    .constdata          usb_desc.o
    0x0800a208   0x00000020   Data   RO         1208    Region$$Table       anon$$obj.o


    Execution Region RW_IRAM1 (Base: 0x20000000, Size: 0x00000ab8, Max: 0x00010000, ABSOLUTE, COMPRESSED[0x000000cc])

    Base Addr    Size         Type   Attr      Idx    E Section Name        Object

    0x20000000   0x00000005   Data   RW            3    .data               main.o
    0x20000005   0x00000003   PAD
    0x20000008   0x00000014   Data   RW          173    .data               system_stm32f10x.o
    0x2000001c   0x00000014   Data   RW          451    .data               stm32f10x_rcc.o
    0x20000030   0x00000023   Data   RW          547    .data               timer.o
    0x20000053   0x00000001   PAD
    0x20000054   0x00000004   Data   RW          567    .data               capture.o
    0x20000058   0x00000014   Data   RW          616    .data               touch.o
    0x2000006c   0x00000002   Data   RW          636    .data               lcd.o
    0x2000006e   0x00000001   Data   RW          662    .data               key.o
    0x2000006f   0x00000001   PAD
    0x20000070   0x00000002   Data   RW          676    .data               dma.o
    0x20000072   0x00000004   Data   RW          748    .data               delay.o
    0x20000076   0x00000004   Data   RW          762    .data               usb_core.o
    0x2000007a   0x00000002   PAD
    0x2000007c   0x00000014   Data   RW          778    .data               usb_init.o
    0x20000090   0x00000004   Data   RW          800    .data               usb_int.o
    0x20000094   0x00000001   Data   RW          885    .data               usb_endp.o
    0x20000095   0x00000003   PAD
    0x20000098   0x00000022   Data   RW          900    .data               usb_istr.o
    0x200000ba   0x00000002   PAD
    0x200000bc   0x00000007   Data   RW          921    .data               usb_pwr.o
    0x200000c3   0x0000001a   Data   RW          939    .data               usb_desc.o
    0x200000dd   0x00000003   PAD
    0x200000e0   0x0000009c   Data   RW          952    .data               usb_prop.o
    0x2000017c   0x00000010   Zero   RW            2    .bss                main.o
    0x2000018c   0x000001e0   Zero   RW          546    .bss                timer.o
    0x2000036c   0x0000000a   Zero   RW          566    .bss                capture.o
    0x20000376   0x00000014   Zero   RW          615    .bss                touch.o
    0x2000038a   0x00000002   PAD
    0x2000038c   0x0000002c   Zero   RW          675    .bss                dma.o
    0x200003b8   0x0000001c   Zero   RW          777    .bss                usb_init.o
    0x200003d4   0x00000080   Zero   RW          884    .bss                usb_endp.o
    0x20000454   0x00000060   Zero   RW         1085    .bss                c_w.l(libspace.o)
    0x200004b4   0x00000004   PAD
    0x200004b8   0x00000200   Zero   RW          202    HEAP                startup_stm32f10x_md.o
    0x200006b8   0x00000400   Zero   RW          201    STACK               startup_stm32f10x_md.o


==============================================================================

Image component sizes


      Code (inc. data)   RO Data    RW Data    ZI Data      Debug   Object Name

       504         12          0          0          0       1735   adc1.o
       508         18          0          0          0       1675   adc2.o
       360         18          0          4         10       1215   capture.o
         0          0          0          0          0         32   core_cm3.o
       208         18          0          4          0        899   delay.o
       224          8          0          2         44       1715   dma.o
       384         26          0          0          0       2476   hw_config.o
       132         14          0          1          0        688   key.o
      2314         72      12660          2          0       8369   lcd.o
       304         32          0          5         16     286428   main.o
       220         20          0          0          0     217353   misc.o
       352         14          0          0          0       1062   spi.o
        64         26        236          0       1536        740   startup_stm32f10x_md.o
      1084         26          0          0          0      10697   stm32f10x_adc.o
       592          8          0          0          0       4206   stm32f10x_dma.o
       284         10          0          0          0       2119   stm32f10x_exti.o
      1560         54          0          0          0       5227   stm32f10x_fsmc.o
       856         40          0          0          0       5533   stm32f10x_gpio.o
        34          0          0          0          0       1609   stm32f10x_it.o
       924         44          0         20          0       8640   stm32f10x_rcc.o
       780         14          0          0          0       6414   stm32f10x_spi.o
      3610         88          0          0          0      22016   stm32f10x_tim.o
      1032         22          0          0          0       8256   stm32f10x_usart.o
        12          0          0          0          0        393   sys.o
       456         36          0         20          0       1571   system_stm32f10x.o
       648         38          0         35        480       2189   timer.o
      1916        154          0         20         20       3472   touch.o
       204         10          0          0          0        810   usart.o
      2804        102          0          4          0       7815   usb_core.o
         0          0        166         26          0        928   usb_desc.o
        40         10          0          1        128       1021   usb_endp.o
        60         24          0         20         28       3738   usb_init.o
       720         26          0          4          0       1569   usb_int.o
       248         26          0         34          0       1086   usb_istr.o
        92          6          0          0          0       1198   usb_mem.o
       656         50          0        156          0       7351   usb_prop.o
       308         22          0          7          0       2305   usb_pwr.o
      1948         16          0          0          0      11361   usb_regs.o

    ----------------------------------------------------------------------
     26446       1104      13094        380       2264     645911   Object Totals
         0          0         32          0          0          0   (incl. Generated)
         4          0          0         15          2          0   (incl. Padding)

    ----------------------------------------------------------------------

      Code (inc. data)   RO Data    RW Data    ZI Data      Debug   Library Member Name

        90          0          0          0          0          0   __dczerorl2.o
         8          0          0          0          0         68   __main.o
       106          0          0          0          0         84   __printf.o
        52          8          0          0          0          0   __scatter.o
        28          0          0          0          0          0   __scatter_zi.o
        48          6          0          0          0         96   _printf_char_common.o
         6          0          0          0          0          0   _printf_d.o
       120         18          0          0          0         92   _printf_dec.o
       184          0          0          0          0         88   _printf_intcommon.o
         0          0          0          0          0          0   _printf_percent.o
         4          0          0          0          0          0   _printf_percent_end.o
        10          0          0          0          0         68   _sputc.o
        12          0          0          0          0         72   exit.o
         6          0          0          0          0        152   heapauxi.o
         0          0          0          0          0          0   indicate_semi.o
         2          0          0          0          0          0   libinit.o
         2          0          0          0          0          0   libinit2.o
         2          0          0          0          0          0   libshutdown.o
         2          0          0          0          0          0   libshutdown2.o
         8          4          0          0         96         68   libspace.o
        40          6          0          0          0         84   noretval__2sprintf.o
         0          0          0          0          0          0   rtentry.o
        12          0          0          0          0          0   rtentry2.o
         6          0          0          0          0          0   rtentry4.o
         2          0          0          0          0          0   rtexit.o
        10          0          0          0          0          0   rtexit2.o
        12          4          0          0          0         68   sys_exit.o
        74          0          0          0          0         80   sys_stackheap_outer.o
         2          0          0          0          0         68   use_no_semi.o
       430          8          0          0          0        168   faddsub_clz.o
       388         76          0          0          0         96   fdiv.o
        62          4          0          0          0         84   ffixu.o
        86          0          0          0          0        136   fflt_clz.o
       140          4          0          0          0         84   fnaninf.o
        10          0          0          0          0         68   fretinf.o
         0          0          0          0          0          0   usenofp.o

    ----------------------------------------------------------------------
      1972        138          0          0        100       1724   Library Totals
         8          0          0          0          4          0   (incl. Padding)

    ----------------------------------------------------------------------

      Code (inc. data)   RO Data    RW Data    ZI Data      Debug   Library Name

       848         46          0          0         96       1088   c_w.l
      1116         92          0          0          0        636   fz_ws.l

    ----------------------------------------------------------------------
      1972        138          0          0        100       1724   Library Totals

    ----------------------------------------------------------------------

==============================================================================


      Code (inc. data)   RO Data    RW Data    ZI Data      Debug   

     28418       1242      13094        380       2364     643111   Grand Totals
     28418       1242      13094        204       2364     643111   ELF Image Totals (compressed)
     28418       1242      13094        204          0          0   ROM Totals

==============================================================================

    Total RO  Size (Code + RO Data)                41512 (  40.54kB)
    Total RW  Size (RW Data + ZI Data)              2744 (   2.68kB)
    Total ROM Size (Code + RO Data + RW Data)      41716 (  40.74kB)

==============================================================================

