ARM Linker, 5.02 [Build 28] [MDK-ARM Standard]

==============================================================================

Section Cross References

    main.o(.text) refers to stm32f10x_rcc.o(.text) for RCC_APB2PeriphClockCmd
    main.o(.text) refers to sys.o(.text) for NVIC_Configuration
    main.o(.text) refers to delay.o(.text) for delay_init
    main.o(.text) refers to key.o(.text) for KEY_Init
    main.o(.text) refers to dac.o(.text) for Dac1_Init
    main.o(.text) refers to lcd.o(.text) for LCD_Init
    main.o(.text) refers to touch.o(.text) for Touch_Init
    main.o(.text) refers to adc.o(.text) for Adc_Multi_Init
    main.o(.text) refers to dma.o(.text) for DMA_USART_Config
    main.o(.text) refers to usart.o(.text) for uart_init
    main.o(.text) refers to hw_config.o(.text) for USB_Interrupts_Config
    main.o(.text) refers to usb_init.o(.text) for USB_Init
    main.o(.text) refers to timer.o(.text) for TIM4_Int_Init
    main.o(.text) refers to stm32f10x_gpio.o(.text) for GPIO_ReadInputDataBit
    main.o(.text) refers to main.o(.data) for SendBuff
    stm32f10x_it.o(.text) refers to usb_istr.o(.text) for USB_Istr
    system_stm32f10x.o(.text) refers to system_stm32f10x.o(.data) for SystemCoreClock
    startup_stm32f10x_md.o(STACK) refers (Special) to heapauxi.o(.text) for __use_two_region_memory
    startup_stm32f10x_md.o(HEAP) refers (Special) to heapauxi.o(.text) for __use_two_region_memory
    startup_stm32f10x_md.o(RESET) refers (Special) to heapauxi.o(.text) for __use_two_region_memory
    startup_stm32f10x_md.o(RESET) refers to startup_stm32f10x_md.o(STACK) for __initial_sp
    startup_stm32f10x_md.o(RESET) refers to startup_stm32f10x_md.o(.text) for Reset_Handler
    startup_stm32f10x_md.o(RESET) refers to stm32f10x_it.o(.text) for NMI_Handler
    startup_stm32f10x_md.o(RESET) refers to touch.o(.text) for EXTI9_5_IRQHandler
    startup_stm32f10x_md.o(RESET) refers to capture.o(.text) for TIM2_IRQHandler
    startup_stm32f10x_md.o(RESET) refers to timer.o(.text) for TIM3_IRQHandler
    startup_stm32f10x_md.o(RESET) refers to usart.o(.text) for USART1_IRQHandler
    startup_stm32f10x_md.o(.text) refers (Special) to heapauxi.o(.text) for __use_two_region_memory
    startup_stm32f10x_md.o(.text) refers to system_stm32f10x.o(.text) for SystemInit
    startup_stm32f10x_md.o(.text) refers to __main.o(!!!main) for __main
    startup_stm32f10x_md.o(.text) refers to startup_stm32f10x_md.o(HEAP) for Heap_Mem
    startup_stm32f10x_md.o(.text) refers to startup_stm32f10x_md.o(STACK) for Stack_Mem
    stm32f10x_adc.o(.text) refers to stm32f10x_rcc.o(.text) for RCC_APB2PeriphResetCmd
    stm32f10x_bkp.o(.text) refers to stm32f10x_rcc.o(.text) for RCC_BackupResetCmd
    stm32f10x_can.o(.text) refers to stm32f10x_rcc.o(.text) for RCC_APB1PeriphResetCmd
    stm32f10x_cec.o(.text) refers to stm32f10x_rcc.o(.text) for RCC_APB1PeriphResetCmd
    stm32f10x_dac.o(.text) refers to stm32f10x_rcc.o(.text) for RCC_APB1PeriphResetCmd
    stm32f10x_gpio.o(.text) refers to stm32f10x_rcc.o(.text) for RCC_APB2PeriphResetCmd
    stm32f10x_i2c.o(.text) refers to stm32f10x_rcc.o(.text) for RCC_APB1PeriphResetCmd
    stm32f10x_pwr.o(.text) refers to stm32f10x_rcc.o(.text) for RCC_APB1PeriphResetCmd
    stm32f10x_rcc.o(.text) refers to stm32f10x_rcc.o(.data) for APBAHBPrescTable
    stm32f10x_spi.o(.text) refers to stm32f10x_rcc.o(.text) for RCC_APB2PeriphResetCmd
    stm32f10x_tim.o(.text) refers to stm32f10x_rcc.o(.text) for RCC_APB2PeriphResetCmd
    stm32f10x_usart.o(.text) refers to stm32f10x_rcc.o(.text) for RCC_APB2PeriphResetCmd
    stm32f10x_wwdg.o(.text) refers to stm32f10x_rcc.o(.text) for RCC_APB1PeriphResetCmd
    timer.o(.text) refers to stm32f10x_rcc.o(.text) for RCC_APB1PeriphClockCmd
    timer.o(.text) refers to stm32f10x_tim.o(.text) for TIM_TimeBaseInit
    timer.o(.text) refers to misc.o(.text) for NVIC_Init
    timer.o(.text) refers to adc.o(.text) for Get_Multi_Adc
    timer.o(.text) refers to dma.o(.text) for DMA_USART_Enable
    timer.o(.text) refers to lcd.o(.text) for LCD_Color_Fill
    timer.o(.text) refers to timer.o(.data) for adcValue
    timer.o(.text) refers to timer.o(.bss) for data
    timer.o(.text) refers to main.o(.data) for SendBuff
    capture.o(.text) refers to stm32f10x_rcc.o(.text) for RCC_APB1PeriphClockCmd
    capture.o(.text) refers to stm32f10x_gpio.o(.text) for GPIO_Init
    capture.o(.text) refers to stm32f10x_tim.o(.text) for TIM_TimeBaseInit
    capture.o(.text) refers to misc.o(.text) for NVIC_Init
    capture.o(.text) refers to capture.o(.bss) for TIM2_ICInitStructure
    capture.o(.text) refers to capture.o(.data) for TIM2CH1_CAPTURE_STA
    dac.o(.text) refers to stm32f10x_rcc.o(.text) for RCC_APB2PeriphClockCmd
    dac.o(.text) refers to stm32f10x_gpio.o(.text) for GPIO_Init
    dac.o(.text) refers to stm32f10x_dac.o(.text) for DAC_Init
    dac.o(.text) refers to fflt_clz.o(x$fpl$ffltu) for __aeabi_ui2f
    dac.o(.text) refers to fdiv.o(x$fpl$fdiv) for __aeabi_fdiv
[...]
    APBAHBPrescTable                         0x20000064   Data          16  stm32f10x_rcc.o(.data)
    ADCPrescTable                            0x20000074   Data           4  stm32f10x_rcc.o(.data)
    .data                                    0x20000078   Section       35  timer.o(.data)
    .data                                    0x2000009c   Section        4  capture.o(.data)
    .data                                    0x200000a0   Section       18  touch.o(.data)
    .data                                    0x200000b2   Section        2  lcd.o(.data)
    .data                                    0x200000b4   Section        1  key.o(.data)
    key_up                                   0x200000b4   Data           1  key.o(.data)
    .data                                    0x200000b6   Section        2  dma.o(.data)
    .data                                    0x200000b8   Section        4  delay.o(.data)
    fac_us                                   0x200000b8   Data           1  delay.o(.data)
    fac_ms                                   0x200000ba   Data           2  delay.o(.data)
    .data                                    0x200000bc   Section        4  usb_core.o(.data)
    .data                                    0x200000c0   Section       20  usb_init.o(.data)
    .data                                    0x200000d4   Section        4  usb_int.o(.data)
    .data                                    0x200000d8   Section        1  usb_endp.o(.data)
    .data                                    0x200000dc   Section       34  usb_istr.o(.data)
    .data                                    0x20000100   Section        7  usb_pwr.o(.data)
    .data                                    0x20000107   Section       26  usb_desc.o(.data)
    .data                                    0x20000124   Section      156  usb_prop.o(.data)
    .bss                                     0x200001c0   Section      480  timer.o(.bss)
    .bss                                     0x200003a0   Section       10  capture.o(.bss)
    .bss                                     0x200003aa   Section       20  touch.o(.bss)
    .bss                                     0x200003c0   Section       44  dma.o(.bss)
    .bss                                     0x200003ec   Section       28  usb_init.o(.bss)
    .bss                                     0x20000408   Section      128  usb_endp.o(.bss)
    .bss                                     0x20000488   Section       96  libspace.o(.bss)
    HEAP                                     0x200004e8   Section      512  startup_stm32f10x_md.o(HEAP)
    Heap_Mem                                 0x200004e8   Data         512  startup_stm32f10x_md.o(HEAP)
    STACK                                    0x200006e8   Section     1024  startup_stm32f10x_md.o(STACK)
    Stack_Mem                                0x200006e8   Data        1024  startup_stm32f10x_md.o(STACK)
    __initial_sp                             0x20000ae8   Data           0  startup_stm32f10x_md.o(STACK)

    Global Symbols

    Symbol Name                              Value     Ov Type        Size  Object(Section)

    BuildAttributes$$THM_ISAv4$P$D$K$B$S$PE$A:L22UL41UL21$X:L11$S22US41US21$IEEE1$IW$USESV6$~STKCKD$USESV7$~SHL$OSPACE$ROPI$EBA8$UX$STANDARDLIB$REQ8$PRES8$EABIv2 0x00000000   Number         0  anon$$obj.o ABSOLUTE
    __ARM_use_no_argv                        0x00000000   Number         0  main.o ABSOLUTE
    __ARM_exceptions_init                     - Undefined Weak Reference
    __alloca_initialize                       - Undefined Weak Reference
    __cpp_initialize__aeabi_                  - Undefined Weak Reference
    __cxa_finalize                            - Undefined Weak Reference
    __rt_locale                               - Undefined Weak Reference
    __sigvec_lookup                           - Undefined Weak Reference
    _atexit_init                              - Undefined Weak Reference
    _call_atexit_fns                          - Undefined Weak Reference
    _clock_init                               - Undefined Weak Reference
    _fp_trap_init                             - Undefined Weak Reference
    _fp_trap_shutdown                         - Undefined Weak Reference
    _get_lc_collate                           - Undefined Weak Reference
    _get_lc_ctype                             - Undefined Weak Reference
    _get_lc_monetary                          - Undefined Weak Reference
    _get_lc_numeric                           - Undefined Weak Reference
    _get_lc_time                              - Undefined Weak Reference
    _getenv_init                              - Undefined Weak Reference
    _handle_redirection                       - Undefined Weak Reference
    _init_alloc                               - Undefined Weak Reference
    _init_user_alloc                          - Undefined Weak Reference
    _initio                                   - Undefined Weak Reference
    _printf_post_padding                      - Undefined Weak Reference
    _printf_pre_padding                       - Undefined Weak Reference
    _printf_truncate_signed                   - Undefined Weak Reference
    _printf_truncate_unsigned                 - Undefined Weak Reference
    _rand_init                                - Undefined Weak Reference
    _signal_finish                            - Undefined Weak Reference
    _signal_init                              - Undefined Weak Reference
    _terminate_alloc                          - Undefined Weak Reference
    _terminate_user_alloc                     - Undefined Weak Reference
    _terminateio                              - Undefined Weak Reference
    __Vectors_Size                           0x000000ec   Number         0  startup_stm32f10x_md.o ABSOLUTE
    __Vectors                                0x08000000   Data           4  startup_stm32f10x_md.o(RESET)
    __Vectors_End                            0x080000ec   Data           0  startup_stm32f10x_md.o(RESET)
    __main                                   0x080000ed   Thumb Code     8  __main.o(!!!main)
    __scatterload                            0x080000f5   Thumb Code     0  __scatter.o(!!!scatter)
    __scatterload_rt2                        0x080000f5   Thumb Code    44  __scatter.o(!!!scatter)
    __scatterload_rt2_thumb_only             0x080000f5   Thumb Code     0  __scatter.o(!!!scatter)
    __scatterload_null                       0x08000103   Thumb Code     0  __scatter.o(!!!scatter)
    __decompress                             0x08000129   Thumb Code    90  __dczerorl2.o(!!dczerorl2)
    __decompress1                            0x08000129   Thumb Code     0  __dczerorl2.o(!!dczerorl2)
    __scatterload_zeroinit                   0x08000185   Thumb Code    28  __scatter_zi.o(!!handler_zi)
    _printf_d                                0x080001a1   Thumb Code     0  _printf_d.o(.ARM.Collect$$_printf_percent$$00000009)
    _printf_percent                          0x080001a1   Thumb Code     0  _printf_percent.o(.ARM.Collect$$_printf_percent$$00000000)
    _printf_percent_end                      0x080001a7   Thumb Code     0  _printf_percent_end.o(.ARM.Collect$$_printf_percent$$00000017)
    __rt_lib_init                            0x080001ab   Thumb Code     0  libinit.o(.ARM.Collect$$libinit$$00000000)
    __rt_lib_init_alloca_1                   0x080001ad   Thumb Code     0  libinit2.o(.ARM.Collect$$libinit$$0000002C)
    __rt_lib_init_argv_1                     0x080001ad   Thumb Code     0  libinit2.o(.ARM.Collect$$libinit$$0000002A)
    __rt_lib_init_atexit_1                   0x080001ad   Thumb Code     0  libinit2.o(.ARM.Collect$$libinit$$00000019)
    __rt_lib_init_clock_1                    0x080001ad   Thumb Code     0  libinit2.o(.ARM.Collect$$libinit$$0000001F)
    __rt_lib_init_cpp_1                      0x080001ad   Thumb Code     0  libinit2.o(.ARM.Collect$$libinit$$00000030)
    __rt_lib_init_exceptions_1               0x080001ad   Thumb Code     0  libinit2.o(.ARM.Collect$$libinit$$0000002E)
    __rt_lib_init_fp_1                       0x080001ad   Thumb Code     0  libinit2.o(.ARM.Collect$$libinit$$00000002)
    __rt_lib_init_fp_trap_1                  0x080001ad   Thumb Code     0  libinit2.o(.ARM.Collect$$libinit$$0000001D)
    __rt_lib_init_getenv_1                   0x080001ad   Thumb Code     0  libinit2.o(.ARM.Collect$$libinit$$00000021)
    __rt_lib_init_heap_1                     0x080001ad   Thumb Code     0  libinit2.o(.ARM.Collect$$libinit$$00000008)
    __rt_lib_init_lc_collate_1               0x080001ad   Thumb Code     0  libinit2.o(.ARM.Collect$$libinit$$0000000F)
    __rt_lib_init_lc_ctype_1                 0x080001ad   Thumb Code     0  libinit2.o(.ARM.Collect$$libinit$$00000011)
    __rt_lib_init_lc_monetary_1              0x080001ad   Thumb Code     0  libinit2.o(.ARM.Collect$$libinit$$00000013)
    __rt_lib_init_lc_numeric_1               0x080001ad   Thumb Code     0  libinit2.o(.ARM.Collect$$libinit$$00000015)
    __rt_lib_init_lc_time_1                  0x080001ad   Thumb Code     0  libinit2.o(.ARM.Collect$$libinit$$00000017)
    __rt_lib_init_rand_1                     0x080001ad   Thumb Code     0  libinit2.o(.ARM.Collect$$libinit$$0000000C)
    __rt_lib_init_return                     0x080001ad   Thumb Code     0  libinit2.o(.ARM.Collect$$libinit$$00000031)
    __rt_lib_init_signal_1                   0x080001ad   Thumb Code     0  libinit2.o(.ARM.Collect$$libinit$$0000001B)
    __rt_lib_init_stdio_1                    0x080001ad   Thumb Code     0  libinit2.o(.ARM.Collect$$libinit$$00000023)
    __rt_lib_init_user_alloc_1               0x080001ad   Thumb Code     0  libinit2.o(.ARM.Collect$$libinit$$0000000A)
    __rt_lib_shutdown                        0x080001af   Thumb Code     0  libshutdown.o(.ARM.Collect$$libshutdown$$00000000)
    __rt_lib_shutdown_fp_trap_1              0x080001b1   Thumb Code     0  libshutdown2.o(.ARM.Collect$$libshutdown$$00000006)
    __rt_lib_shutdown_heap_1                 0x080001b1   Thumb Code     0  libshutdown2.o(.ARM.Collect$$libshutdown$$0000000E)
    __rt_lib_shutdown_return                 0x080001b1   Thumb Code     0  libshutdown2.o(.ARM.Collect$$libshutdown$$0000000F)
    __rt_lib_shutdown_signal_1               0x080001b1   Thumb Code     0  libshutdown2.o(.ARM.Collect$$libshutdown$$00000009)
    __rt_lib_shutdown_stdio_1                0x080001b1   Thumb Code     0  libshutdown2.o(.ARM.Collect$$libshutdown$$00000003)
    __rt_lib_shutdown_user_alloc_1           0x080001b1   Thumb Code     0  libshutdown2.o(.ARM.Collect$$libshutdown$$0000000B)
    __rt_entry                               0x080001b3   Thumb Code     0  rtentry.o(.ARM.Collect$$rtentry$$00000000)
    __rt_entry_presh_1                       0x080001b3   Thumb Code     0  rtentry2.o(.ARM.Collect$$rtentry$$00000002)
    __rt_entry_sh                            0x080001b3   Thumb Code     0  rtentry4.o(.ARM.Collect$$rtentry$$00000004)
    __rt_entry_li                            0x080001b9   Thumb Code     0  rtentry2.o(.ARM.Collect$$rtentry$$0000000A)
    __rt_entry_postsh_1                      0x080001b9   Thumb Code     0  rtentry2.o(.ARM.Collect$$rtentry$$00000009)
    __rt_entry_main                          0x080001bd   Thumb Code     0  rtentry2.o(.ARM.Collect$$rtentry$$0000000D)
    __rt_entry_postli_1                      0x080001bd   Thumb Code     0  rtentry2.o(.ARM.Collect$$rtentry$$0000000C)
    __rt_exit                                0x080001c5   Thumb Code     0  rtexit.o(.ARM.Collect$$rtexit$$00000000)
    __rt_exit_ls                             0x080001c7   Thumb Code     0  rtexit2.o(.ARM.Collect$$rtexit$$00000003)
    __rt_exit_prels_1                        0x080001c7   Thumb Code     0  rtexit2.o(.ARM.Collect$$rtexit$$00000002)
    __rt_exit_exit                           0x080001cb   Thumb Code     0  rtexit2.o(.ARM.Collect$$rtexit$$00000004)
    usb_port_set                             0x080001d1   Thumb Code    74  main.o(.text)
    main                                     0x0800021b   Thumb Code   190  main.o(.text)
    NMI_Handler                              0x08000335   Thumb Code     2  stm32f10x_it.o(.text)
    HardFault_Handler                        0x08000337   Thumb Code     4  stm32f10x_it.o(.text)
    MemManage_Handler                        0x0800033b   Thumb Code     4  stm32f10x_it.o(.text)
    BusFault_Handler                         0x0800033f   Thumb Code     4  stm32f10x_it.o(.text)
    UsageFault_Handler                       0x08000343   Thumb Code     4  stm32f10x_it.o(.text)
    SVC_Handler                              0x08000347   Thumb Code     2  stm32f10x_it.o(.text)
    DebugMon_Handler                         0x08000349   Thumb Code     2  stm32f10x_it.o(.text)
    PendSV_Handler                           0x0800034b   Thumb Code     2  stm32f10x_it.o(.text)
    SysTick_Handler                          0x0800034d   Thumb Code     2  stm32f10x_it.o(.text)
    USB_LP_CAN1_RX0_IRQHandler               0x0800034f   Thumb Code     8  stm32f10x_it.o(.text)
    SystemInit                               0x08000421   Thumb Code    78  system_stm32f10x.o(.text)
    SystemCoreClockUpdate                    0x0800046f   Thumb Code   142  system_stm32f10x.o(.text)
    Reset_Handler                            0x08000521   Thumb Code     8  startup_stm32f10x_md.o(.text)
    ADC1_2_IRQHandler                        0x0800053b   Thumb Code     0  startup_stm32f10x_md.o(.text)
    CAN1_RX1_IRQHandler                      0x0800053b   Thumb Code     0  startup_stm32f10x_md.o(.text)
    CAN1_SCE_IRQHandler                      0x0800053b   Thumb Code     0  startup_stm32f10x_md.o(.text)
    DMA1_Channel1_IRQHandler                 0x0800053b   Thumb Code     0  startup_stm32f10x_md.o(.text)
    DMA1_Channel2_IRQHandler                 0x0800053b   Thumb Code     0  startup_stm32f10x_md.o(.text)
    DMA1_Channel3_IRQHandler                 0x0800053b   Thumb Code     0  startup_stm32f10x_md.o(.text)
    DMA1_Channel4_IRQHandler                 0x0800053b   Thumb Code     0  startup_stm32f10x_md.o(.text)
    DMA1_Channel5_IRQHandler                 0x0800053b   Thumb Code     0  startup_stm32f10x_md.o(.text)
    DMA1_Channel6_IRQHandler                 0x0800053b   Thumb Code     0  startup_stm32f10x_md.o(.text)
    DMA1_Channel7_IRQHandler                 0x0800053b   Thumb Code     0  startup_stm32f10x_md.o(.text)
    EXTI0_IRQHandler                         0x0800053b   Thumb Code     0  startup_stm32f10x_md.o(.text)
    EXTI15_10_IRQHandler                     0x0800053b   Thumb Code     0  startup_stm32f10x_md.o(.text)
    EXTI1_IRQHandler                         0x0800053b   Thumb Code     0  startup_stm32f10x_md.o(.text)
    EXTI2_IRQHandler                         0x0800053b   Thumb Code     0  startup_stm32f10x_md.o(.text)
    EXTI3_IRQHandler                         0x0800053b   Thumb Code     0  startup_stm32f10x_md.o(.text)
    EXTI4_IRQHandler                         0x0800053b   Thumb Code     0  startup_stm32f10x_md.o(.text)
    FLASH_IRQHandler                         0x0800053b   Thumb Code     0  startup_stm32f10x_md.o(.text)
    I2C1_ER_IRQHandler                       0x0800053b   Thumb Code     0  startup_stm32f10x_md.o(.text)
    I2C1_EV_IRQHandler                       0x0800053b   Thumb Code     0  startup_stm32f10x_md.o(.text)
    I2C2_ER_IRQHandler                       0x0800053b   Thumb Code     0  startup_stm32f10x_md.o(.text)
    I2C2_EV_IRQHandler                       0x0800053b   Thumb Code     0  startup_stm32f10x_md.o(.text)
    PVD_IRQHandler                           0x0800053b   Thumb Code     0  startup_stm32f10x_md.o(.text)
    RCC_IRQHandler                           0x0800053b   Thumb Code     0  startup_stm32f10x_md.o(.text)
    RTCAlarm_IRQHandler                      0x0800053b   Thumb Code     0  startup_stm32f10x_md.o(.text)
    RTC_IRQHandler                           0x0800053b   Thumb Code     0  startup_stm32f10x_md.o(.text)
    SPI1_IRQHandler                          0x0800053b   Thumb Code     0  startup_stm32f10x_md.o(.text)
    SPI2_IRQHandler                          0x0800053b   Thumb Code     0  startup_stm32f10x_md.o(.text)
    TAMPER_IRQHandler                        0x0800053b   Thumb Code     0  startup_stm32f10x_md.o(.text)
    TIM1_BRK_IRQHandler                      0x0800053b   Thumb Code     0  startup_stm32f10x_md.o(.text)
    TIM1_CC_IRQHandler                       0x0800053b   Thumb Code     0  startup_stm32f10x_md.o(.text)
    TIM1_TRG_COM_IRQHandler                  0x0800053b   Thumb Code     0  startup_stm32f10x_md.o(.text)
    TIM1_UP_IRQHandler                       0x0800053b   Thumb Code     0  startup_stm32f10x_md.o(.text)
    USART2_IRQHandler                        0x0800053b   Thumb Code     0  startup_stm32f10x_md.o(.text)
    USART3_IRQHandler                        0x0800053b   Thumb Code     0  startup_stm32f10x_md.o(.text)
    USBWakeUp_IRQHandler                     0x0800053b   Thumb Code     0  startup_stm32f10x_md.o(.text)
    USB_HP_CAN1_TX_IRQHandler                0x0800053b   Thumb Code     0  startup_stm32f10x_md.o(.text)
    WWDG_IRQHandler                          0x0800053b   Thumb Code     0  startup_stm32f10x_md.o(.text)
    __user_initial_stackheap                 0x0800053d   Thumb Code     0  startup_stm32f10x_md.o(.text)
    NVIC_PriorityGroupConfig                 0x08000561   Thumb Code    10  misc.o(.text)
    NVIC_Init                                0x0800056b   Thumb Code   102  misc.o(.text)
    NVIC_SetVectorTable                      0x080005d1   Thumb Code    14  misc.o(.text)
    NVIC_SystemLPConfig                      0x080005df   Thumb Code    34  misc.o(.text)
    SysTick_CLKSourceConfig                  0x08000601   Thumb Code    40  misc.o(.text)
    ADC_DeInit                               0x0800063d   Thumb Code    78  stm32f10x_adc.o(.text)
    ADC_Init                                 0x0800068b   Thumb Code    70  stm32f10x_adc.o(.text)
    ADC_StructInit                           0x080006d1   Thumb Code    18  stm32f10x_adc.o(.text)
    ADC_Cmd                                  0x080006e3   Thumb Code    22  stm32f10x_adc.o(.text)
    ADC_DMACmd                               0x080006f9   Thumb Code    22  stm32f10x_adc.o(.text)
    ADC_ITConfig                             0x0800070f   Thumb Code    24  stm32f10x_adc.o(.text)
    ADC_ResetCalibration                     0x08000727   Thumb Code    10  stm32f10x_adc.o(.text)
    ADC_GetResetCalibrationStatus            0x08000731   Thumb Code    20  stm32f10x_adc.o(.text)
    ADC_StartCalibration                     0x08000745   Thumb Code    10  stm32f10x_adc.o(.text)
    ADC_GetCalibrationStatus                 0x0800074f   Thumb Code    20  stm32f10x_adc.o(.text)
    ADC_SoftwareStartConvCmd                 0x08000763   Thumb Code    22  stm32f10x_adc.o(.text)
    ADC_GetSoftwareStartConvStatus           0x08000779   Thumb Code    20  stm32f10x_adc.o(.text)
    ADC_DiscModeChannelCountConfig           0x0800078d   Thumb Code    24  stm32f10x_adc.o(.text)
    ADC_DiscModeCmd                          0x080007a5   Thumb Code    22  stm32f10x_adc.o(.text)
    ADC_RegularChannelConfig                 0x080007bb   Thumb Code   184  stm32f10x_adc.o(.text)
    ADC_ExternalTrigConvCmd                  0x08000873   Thumb Code    22  stm32f10x_adc.o(.text)
    ADC_GetConversionValue                   0x08000889   Thumb Code     8  stm32f10x_adc.o(.text)
    ADC_GetDualModeConversionValue           0x08000891   Thumb Code     8  stm32f10x_adc.o(.text)
    ADC_AutoInjectedConvCmd                  0x08000899   Thumb Code    22  stm32f10x_adc.o(.text)
    ADC_InjectedDiscModeCmd                  0x080008af   Thumb Code    22  stm32f10x_adc.o(.text)
    ADC_ExternalTrigInjectedConvConfig       0x080008c5   Thumb Code    16  stm32f10x_adc.o(.text)
    ADC_ExternalTrigInjectedConvCmd          0x080008d5   Thumb Code    22  stm32f10x_adc.o(.text)
    ADC_SoftwareStartInjectedConvCmd         0x080008eb   Thumb Code    22  stm32f10x_adc.o(.text)
    ADC_GetSoftwareStartInjectedConvCmdStatus 0x08000901   Thumb Code    20  stm32f10x_adc.o(.text)
    ADC_InjectedChannelConfig                0x08000915   Thumb Code   130  stm32f10x_adc.o(.text)
    ADC_InjectedSequencerLengthConfig        0x08000997   Thumb Code    24  stm32f10x_adc.o(.text)
    ADC_SetInjectedOffset                    0x080009af   Thumb Code    12  stm32f10x_adc.o(.text)
    ADC_GetInjectedConversionValue           0x080009bb   Thumb Code    18  stm32f10x_adc.o(.text)
    ADC_AnalogWatchdogCmd                    0x080009cd   Thumb Code    16  stm32f10x_adc.o(.text)
    ADC_AnalogWatchdogThresholdsConfig       0x080009dd   Thumb Code     6  stm32f10x_adc.o(.text)
    ADC_AnalogWatchdogSingleChannelConfig    0x080009e3   Thumb Code    16  stm32f10x_adc.o(.text)
    ADC_TempSensorVrefintCmd                 0x080009f3   Thumb Code    38  stm32f10x_adc.o(.text)
    ADC_GetFlagStatus                        0x08000a19   Thumb Code    44  stm32f10x_adc.o(.text)
    ADC_ClearFlag                            0x08000a45   Thumb Code     6  stm32f10x_adc.o(.text)
    ADC_GetITStatus                          0x08000a4b   Thumb Code    36  stm32f10x_adc.o(.text)
    ADC_ClearITPendingBit                    0x08000a6f   Thumb Code    10  stm32f10x_adc.o(.text)
    DAC_DeInit                               0x08000a79   Thumb Code    22  stm32f10x_dac.o(.text)
    DAC_Init                                 0x08000a8f   Thumb Code    46  stm32f10x_dac.o(.text)
    DAC_StructInit                           0x08000abd   Thumb Code    12  stm32f10x_dac.o(.text)
    DAC_Cmd                                  0x08000ac9   Thumb Code    34  stm32f10x_dac.o(.text)
    DAC_DMACmd                               0x08000aeb   Thumb Code    38  stm32f10x_dac.o(.text)
    DAC_SoftwareTriggerCmd                   0x08000b11   Thumb Code    48  stm32f10x_dac.o(.text)
    DAC_DualSoftwareTriggerCmd               0x08000b41   Thumb Code    38  stm32f10x_dac.o(.text)
    DAC_WaveGenerationCmd                    0x08000b67   Thumb Code    36  stm32f10x_dac.o(.text)
    DAC_SetChannel1Data                      0x08000b8b   Thumb Code    14  stm32f10x_dac.o(.text)
    DAC_SetChannel2Data                      0x08000b99   Thumb Code    14  stm32f10x_dac.o(.text)
    DAC_SetDualChannelData                   0x08000ba7   Thumb Code    32  stm32f10x_dac.o(.text)
    DAC_GetDataOutputValue                   0x08000bc7   Thumb Code    20  stm32f10x_dac.o(.text)
    DMA_DeInit                               0x08000be1   Thumb Code   324  stm32f10x_dma.o(.text)
    DMA_Init                                 0x08000d25   Thumb Code    60  stm32f10x_dma.o(.text)
    DMA_StructInit                           0x08000d61   Thumb Code    26  stm32f10x_dma.o(.text)
    DMA_Cmd                                  0x08000d7b   Thumb Code    24  stm32f10x_dma.o(.text)
    DMA_ITConfig                             0x08000d93   Thumb Code    18  stm32f10x_dma.o(.text)
    DMA_SetCurrDataCounter                   0x08000da5   Thumb Code     4  stm32f10x_dma.o(.text)
    DMA_GetCurrDataCounter                   0x08000da9   Thumb Code     8  stm32f10x_dma.o(.text)
    DMA_GetFlagStatus                        0x08000db1   Thumb Code    38  stm32f10x_dma.o(.text)
    DMA_ClearFlag                            0x08000dd7   Thumb Code    22  stm32f10x_dma.o(.text)
    DMA_GetITStatus                          0x08000ded   Thumb Code    38  stm32f10x_dma.o(.text)
    DMA_ClearITPendingBit                    0x08000e13   Thumb Code    22  stm32f10x_dma.o(.text)
    EXTI_DeInit                              0x08000e31   Thumb Code    28  stm32f10x_exti.o(.text)
    EXTI_Init                                0x08000e4d   Thumb Code   142  stm32f10x_exti.o(.text)
    EXTI_StructInit                          0x08000edb   Thumb Code    16  stm32f10x_exti.o(.text)
    EXTI_GenerateSWInterrupt                 0x08000eeb   Thumb Code    16  stm32f10x_exti.o(.text)
    EXTI_GetFlagStatus                       0x08000efb   Thumb Code    22  stm32f10x_exti.o(.text)
    EXTI_ClearFlag                           0x08000f11   Thumb Code     8  stm32f10x_exti.o(.text)
    EXTI_GetITStatus                         0x08000f19   Thumb Code    34  stm32f10x_exti.o(.text)
    EXTI_ClearITPendingBit                   0x08000f3b   Thumb Code     8  stm32f10x_exti.o(.text)
    FSMC_NORSRAMDeInit                       0x08000f4d   Thumb Code    56  stm32f10x_fsmc.o(.text)
    FSMC_NANDDeInit                          0x08000f85   Thumb Code    62  stm32f10x_fsmc.o(.text)
    FSMC_PCCARDDeInit                        0x08000fc3   Thumb Code    40  stm32f10x_fsmc.o(.text)
    FSMC_NORSRAMInit                         0x08000feb   Thumb Code   224  stm32f10x_fsmc.o(.text)
    FSMC_NANDInit                            0x080010cb   Thumb Code   130  stm32f10x_fsmc.o(.text)
    FSMC_PCCARDInit                          0x0800114d   Thumb Code   124  stm32f10x_fsmc.o(.text)
    FSMC_NORSRAMStructInit                   0x080011c9   Thumb Code   114  stm32f10x_fsmc.o(.text)
    FSMC_NANDStructInit                      0x0800123b   Thumb Code    54  stm32f10x_fsmc.o(.text)
    FSMC_PCCARDStructInit                    0x08001271   Thumb Code    60  stm32f10x_fsmc.o(.text)
    FSMC_NORSRAMCmd                          0x080012ad   Thumb Code    46  stm32f10x_fsmc.o(.text)
    FSMC_NANDCmd                             0x080012db   Thumb Code    86  stm32f10x_fsmc.o(.text)
    FSMC_PCCARDCmd                           0x08001331   Thumb Code    40  stm32f10x_fsmc.o(.text)
    FSMC_NANDECCCmd                          0x08001359   Thumb Code   118  stm32f10x_fsmc.o(.text)
    FSMC_GetECC                              0x080013cf   Thumb Code    22  stm32f10x_fsmc.o(.text)
    FSMC_ITConfig                            0x080013e5   Thumb Code   128  stm32f10x_fsmc.o(.text)
    FSMC_GetFlagStatus                       0x08001465   Thumb Code    48  stm32f10x_fsmc.o(.text)
    FSMC_ClearFlag                           0x08001495   Thumb Code    62  stm32f10x_fsmc.o(.text)
    FSMC_GetITStatus                         0x080014d3   Thumb Code    60  stm32f10x_fsmc.o(.text)
    FSMC_ClearITPendingBit                   0x0800150f   Thumb Code    64  stm32f10x_fsmc.o(.text)
    GPIO_DeInit                              0x08001565   Thumb Code   172  stm32f10x_gpio.o(.text)
    GPIO_AFIODeInit                          0x08001611   Thumb Code    20  stm32f10x_gpio.o(.text)
    GPIO_Init                                0x08001625   Thumb Code   274  stm32f10x_gpio.o(.text)
    GPIO_StructInit                          0x08001737   Thumb Code    16  stm32f10x_gpio.o(.text)
    GPIO_ReadInputDataBit                    0x08001747   Thumb Code    18  stm32f10x_gpio.o(.text)
    GPIO_ReadInputData                       0x08001759   Thumb Code     8  stm32f10x_gpio.o(.text)
    GPIO_ReadOutputDataBit                   0x08001761   Thumb Code    18  stm32f10x_gpio.o(.text)
    GPIO_ReadOutputData                      0x08001773   Thumb Code     8  stm32f10x_gpio.o(.text)
    GPIO_SetBits                             0x0800177b   Thumb Code     4  stm32f10x_gpio.o(.text)
    GPIO_ResetBits                           0x0800177f   Thumb Code     4  stm32f10x_gpio.o(.text)
    GPIO_WriteBit                            0x08001783   Thumb Code    10  stm32f10x_gpio.o(.text)
    GPIO_Write                               0x0800178d   Thumb Code     4  stm32f10x_gpio.o(.text)
    GPIO_PinLockConfig                       0x08001791   Thumb Code    18  stm32f10x_gpio.o(.text)
    GPIO_EventOutputConfig                   0x080017a3   Thumb Code    26  stm32f10x_gpio.o(.text)
    GPIO_EventOutputCmd                      0x080017bd   Thumb Code     6  stm32f10x_gpio.o(.text)
    GPIO_PinRemapConfig                      0x080017c3   Thumb Code   138  stm32f10x_gpio.o(.text)
    GPIO_EXTILineConfig                      0x0800184d   Thumb Code    66  stm32f10x_gpio.o(.text)
    GPIO_ETH_MediaInterfaceConfig            0x0800188f   Thumb Code     6  stm32f10x_gpio.o(.text)
    RCC_DeInit                               0x080018bd   Thumb Code    64  stm32f10x_rcc.o(.text)
    RCC_HSEConfig                            0x080018fd   Thumb Code    70  stm32f10x_rcc.o(.text)
    RCC_GetFlagStatus                        0x08001943   Thumb Code    56  stm32f10x_rcc.o(.text)
    RCC_WaitForHSEStartUp                    0x0800197b   Thumb Code    48  stm32f10x_rcc.o(.text)
    RCC_AdjustHSICalibrationValue            0x080019ab   Thumb Code    20  stm32f10x_rcc.o(.text)
    RCC_HSICmd                               0x080019bf   Thumb Code     6  stm32f10x_rcc.o(.text)
    RCC_PLLConfig                            0x080019c5   Thumb Code    24  stm32f10x_rcc.o(.text)
    RCC_PLLCmd                               0x080019dd   Thumb Code     6  stm32f10x_rcc.o(.text)
    RCC_SYSCLKConfig                         0x080019e3   Thumb Code    18  stm32f10x_rcc.o(.text)
    RCC_GetSYSCLKSource                      0x080019f5   Thumb Code    10  stm32f10x_rcc.o(.text)
    RCC_HCLKConfig                           0x080019ff   Thumb Code    18  stm32f10x_rcc.o(.text)
    RCC_PCLK1Config                          0x08001a11   Thumb Code    18  stm32f10x_rcc.o(.text)
    RCC_PCLK2Config                          0x08001a23   Thumb Code    20  stm32f10x_rcc.o(.text)
    RCC_ITConfig                             0x08001a37   Thumb Code    26  stm32f10x_rcc.o(.text)
    RCC_USBCLKConfig                         0x08001a51   Thumb Code     6  stm32f10x_rcc.o(.text)
    RCC_ADCCLKConfig                         0x08001a57   Thumb Code    18  stm32f10x_rcc.o(.text)
    RCC_LSEConfig                            0x08001a69   Thumb Code    44  stm32f10x_rcc.o(.text)
    RCC_LSICmd                               0x08001a95   Thumb Code     6  stm32f10x_rcc.o(.text)
    RCC_RTCCLKConfig                         0x08001a9b   Thumb Code    12  stm32f10x_rcc.o(.text)
    RCC_RTCCLKCmd                            0x08001aa7   Thumb Code     8  stm32f10x_rcc.o(.text)
    RCC_GetClocksFreq                        0x08001aaf   Thumb Code   192  stm32f10x_rcc.o(.text)
    RCC_AHBPeriphClockCmd                    0x08001b6f   Thumb Code    26  stm32f10x_rcc.o(.text)
    RCC_APB2PeriphClockCmd                   0x08001b89   Thumb Code    26  stm32f10x_rcc.o(.text)
    RCC_APB1PeriphClockCmd                   0x08001ba3   Thumb Code    26  stm32f10x_rcc.o(.text)
    RCC_APB2PeriphResetCmd                   0x08001bbd   Thumb Code    26  stm32f10x_rcc.o(.text)
    RCC_APB1PeriphResetCmd                   0x08001bd7   Thumb Code    26  stm32f10x_rcc.o(.text)
    RCC_BackupResetCmd                       0x08001bf1   Thumb Code     8  stm32f10x_rcc.o(.text)
    RCC_ClockSecuritySystemCmd               0x08001bf9   Thumb Code     6  stm32f10x_rcc.o(.text)
    RCC_MCOConfig                            0x08001bff   Thumb Code     6  stm32f10x_rcc.o(.text)
    RCC_ClearFlag                            0x08001c05   Thumb Code    14  stm32f10x_rcc.o(.text)
    RCC_GetITStatus                          0x08001c13   Thumb Code    20  stm32f10x_rcc.o(.text)
    RCC_ClearITPendingBit                    0x08001c27   Thumb Code     6  stm32f10x_rcc.o(.text)
    SPI_I2S_DeInit                           0x08001c59   Thumb Code    76  stm32f10x_spi.o(.text)
    SPI_Init                                 0x08001ca5   Thumb Code    60  stm32f10x_spi.o(.text)
    I2S_Init                                 0x08001ce1   Thumb Code   226  stm32f10x_spi.o(.text)
    SPI_StructInit                           0x08001dc3   Thumb Code    24  stm32f10x_spi.o(.text)
    I2S_StructInit                           0x08001ddb   Thumb Code    20  stm32f10x_spi.o(.text)
    SPI_Cmd                                  0x08001def   Thumb Code    24  stm32f10x_spi.o(.text)
    I2S_Cmd                                  0x08001e07   Thumb Code    24  stm32f10x_spi.o(.text)
    SPI_I2S_ITConfig                         0x08001e1f   Thumb Code    32  stm32f10x_spi.o(.text)
    SPI_I2S_DMACmd                           0x08001e3f   Thumb Code    18  stm32f10x_spi.o(.text)
    SPI_I2S_SendData                         0x08001e51   Thumb Code     4  stm32f10x_spi.o(.text)
    SPI_I2S_ReceiveData                      0x08001e55   Thumb Code     6  stm32f10x_spi.o(.text)
    SPI_NSSInternalSoftwareConfig            0x08001e5b   Thumb Code    30  stm32f10x_spi.o(.text)
    SPI_SSOutputCmd                          0x08001e79   Thumb Code    24  stm32f10x_spi.o(.text)
    SPI_DataSizeConfig                       0x08001e91   Thumb Code    18  stm32f10x_spi.o(.text)
    SPI_TransmitCRC                          0x08001ea3   Thumb Code    10  stm32f10x_spi.o(.text)
    SPI_CalculateCRC                         0x08001ead   Thumb Code    24  stm32f10x_spi.o(.text)
    SPI_GetCRC                               0x08001ec5   Thumb Code    16  stm32f10x_spi.o(.text)
    SPI_GetCRCPolynomial                     0x08001ed5   Thumb Code     6  stm32f10x_spi.o(.text)
    SPI_BiDirectionalLineConfig              0x08001edb   Thumb Code    28  stm32f10x_spi.o(.text)
    SPI_I2S_GetFlagStatus                    0x08001ef7   Thumb Code    18  stm32f10x_spi.o(.text)
    SPI_I2S_ClearFlag                        0x08001f09   Thumb Code     6  stm32f10x_spi.o(.text)
    SPI_I2S_GetITStatus                      0x08001f0f   Thumb Code    52  stm32f10x_spi.o(.text)
    SPI_I2S_ClearITPendingBit                0x08001f43   Thumb Code    20  stm32f10x_spi.o(.text)
    TIM_DeInit                               0x08001f65   Thumb Code   424  stm32f10x_tim.o(.text)
    TIM_TimeBaseInit                         0x0800210d   Thumb Code   122  stm32f10x_tim.o(.text)
    TIM_OC1Init                              0x08002187   Thumb Code   132  stm32f10x_tim.o(.text)
    TIM_OC2Init                              0x0800220b   Thumb Code   154  stm32f10x_tim.o(.text)
    TIM_OC3Init                              0x080022a5   Thumb Code   150  stm32f10x_tim.o(.text)
    TIM_OC4Init                              0x0800233b   Thumb Code   182  stm32f10x_tim.o(.text)
    TIM_SetIC4Prescaler                      0x080023f1   Thumb Code    26  stm32f10x_tim.o(.text)
    TIM_SetIC3Prescaler                      0x0800248d   Thumb Code    18  stm32f10x_tim.o(.text)
    TIM_SetIC2Prescaler                      0x08002519   Thumb Code    26  stm32f10x_tim.o(.text)
    TIM_SetIC1Prescaler                      0x080025b5   Thumb Code    18  stm32f10x_tim.o(.text)
    TIM_ICInit                               0x08002633   Thumb Code   150  stm32f10x_tim.o(.text)
    TIM_PWMIConfig                           0x080026c9   Thumb Code   124  stm32f10x_tim.o(.text)
    TIM_BDTRConfig                           0x08002745   Thumb Code    32  stm32f10x_tim.o(.text)
    TIM_TimeBaseStructInit                   0x08002765   Thumb Code    18  stm32f10x_tim.o(.text)
    TIM_OCStructInit                         0x08002777   Thumb Code    20  stm32f10x_tim.o(.text)
    TIM_ICStructInit                         0x0800278b   Thumb Code    18  stm32f10x_tim.o(.text)
    TIM_BDTRStructInit                       0x0800279d   Thumb Code    40  stm32f10x_tim.o(.text)
    TIM_Cmd                                  0x080027c5   Thumb Code    24  stm32f10x_tim.o(.text)
    TIM_CtrlPWMOutputs                       0x080027dd   Thumb Code    30  stm32f10x_tim.o(.text)
    TIM_ITConfig                             0x080027fb   Thumb Code    18  stm32f10x_tim.o(.text)
    TIM_GenerateEvent                        0x0800280d   Thumb Code     4  stm32f10x_tim.o(.text)
    TIM_DMAConfig                            0x08002811   Thumb Code    10  stm32f10x_tim.o(.text)
    TIM_DMACmd                               0x0800281b   Thumb Code    18  stm32f10x_tim.o(.text)
    TIM_InternalClockConfig                  0x0800282d   Thumb Code    12  stm32f10x_tim.o(.text)
    TIM_SelectInputTrigger                   0x08002839   Thumb Code    18  stm32f10x_tim.o(.text)
    TIM_ITRxExternalClockConfig              0x0800284b   Thumb Code    24  stm32f10x_tim.o(.text)
    TIM_TIxExternalClockConfig               0x08002863   Thumb Code    62  stm32f10x_tim.o(.text)
    TIM_ETRConfig                            0x080028a1   Thumb Code    28  stm32f10x_tim.o(.text)
    TIM_ETRClockMode1Config                  0x080028bd   Thumb Code    54  stm32f10x_tim.o(.text)
    TIM_ETRClockMode2Config                  0x080028f3   Thumb Code    32  stm32f10x_tim.o(.text)
    TIM_PrescalerConfig                      0x08002913   Thumb Code     6  stm32f10x_tim.o(.text)
    TIM_CounterModeConfig                    0x08002919   Thumb Code    18  stm32f10x_tim.o(.text)
    TIM_EncoderInterfaceConfig               0x0800292b   Thumb Code    66  stm32f10x_tim.o(.text)
    TIM_ForcedOC1Config                      0x0800296d   Thumb Code    18  stm32f10x_tim.o(.text)
    TIM_ForcedOC2Config                      0x0800297f   Thumb Code    26  stm32f10x_tim.o(.text)
    TIM_ForcedOC3Config                      0x08002999   Thumb Code    18  stm32f10x_tim.o(.text)
    TIM_ForcedOC4Config                      0x080029ab   Thumb Code    26  stm32f10x_tim.o(.text)
    TIM_ARRPreloadConfig                     0x080029c5   Thumb Code    24  stm32f10x_tim.o(.text)
    TIM_SelectCOM                            0x080029dd   Thumb Code    24  stm32f10x_tim.o(.text)
    TIM_SelectCCDMA                          0x080029f5   Thumb Code    24  stm32f10x_tim.o(.text)
    TIM_CCPreloadControl                     0x08002a0d   Thumb Code    24  stm32f10x_tim.o(.text)
    TIM_OC1PreloadConfig                     0x08002a25   Thumb Code    18  stm32f10x_tim.o(.text)
    TIM_OC2PreloadConfig                     0x08002a37   Thumb Code    26  stm32f10x_tim.o(.text)
    TIM_OC3PreloadConfig                     0x08002a51   Thumb Code    18  stm32f10x_tim.o(.text)
    TIM_OC4PreloadConfig                     0x08002a63   Thumb Code    26  stm32f10x_tim.o(.text)
    TIM_OC1FastConfig                        0x08002a7d   Thumb Code    18  stm32f10x_tim.o(.text)
    TIM_OC2FastConfig                        0x08002a8f   Thumb Code    26  stm32f10x_tim.o(.text)
    TIM_OC3FastConfig                        0x08002aa9   Thumb Code    18  stm32f10x_tim.o(.text)
    TIM_OC4FastConfig                        0x08002abb   Thumb Code    26  stm32f10x_tim.o(.text)
    TIM_ClearOC1Ref                          0x08002ad5   Thumb Code    18  stm32f10x_tim.o(.text)
    TIM_ClearOC2Ref                          0x08002ae7   Thumb Code    24  stm32f10x_tim.o(.text)
    TIM_ClearOC3Ref                          0x08002aff   Thumb Code    18  stm32f10x_tim.o(.text)
    TIM_ClearOC4Ref                          0x08002b11   Thumb Code    24  stm32f10x_tim.o(.text)
    TIM_OC1PolarityConfig                    0x08002b29   Thumb Code    18  stm32f10x_tim.o(.text)
    TIM_OC1NPolarityConfig                   0x08002b3b   Thumb Code    18  stm32f10x_tim.o(.text)
    TIM_OC2PolarityConfig                    0x08002b4d   Thumb Code    26  stm32f10x_tim.o(.text)
    TIM_OC2NPolarityConfig                   0x08002b67   Thumb Code    26  stm32f10x_tim.o(.text)
    TIM_OC3PolarityConfig                    0x08002b81   Thumb Code    26  stm32f10x_tim.o(.text)
    TIM_OC3NPolarityConfig                   0x08002b9b   Thumb Code    26  stm32f10x_tim.o(.text)
    TIM_OC4PolarityConfig                    0x08002bb5   Thumb Code    26  stm32f10x_tim.o(.text)
    TIM_CCxCmd                               0x08002bcf   Thumb Code    30  stm32f10x_tim.o(.text)
    TIM_CCxNCmd                              0x08002bed   Thumb Code    30  stm32f10x_tim.o(.text)
    TIM_SelectOCxM                           0x08002c0b   Thumb Code    82  stm32f10x_tim.o(.text)
    TIM_UpdateDisableConfig                  0x08002c5d   Thumb Code    24  stm32f10x_tim.o(.text)
    TIM_UpdateRequestConfig                  0x08002c75   Thumb Code    24  stm32f10x_tim.o(.text)
    TIM_SelectHallSensor                     0x08002c8d   Thumb Code    24  stm32f10x_tim.o(.text)
    TIM_SelectOnePulseMode                   0x08002ca5   Thumb Code    18  stm32f10x_tim.o(.text)
    TIM_SelectOutputTrigger                  0x08002cb7   Thumb Code    18  stm32f10x_tim.o(.text)
    TIM_SelectSlaveMode                      0x08002cc9   Thumb Code    18  stm32f10x_tim.o(.text)
    TIM_SelectMasterSlaveMode                0x08002cdb   Thumb Code    18  stm32f10x_tim.o(.text)
    TIM_SetCounter                           0x08002ced   Thumb Code     4  stm32f10x_tim.o(.text)
    TIM_SetAutoreload                        0x08002cf1   Thumb Code     4  stm32f10x_tim.o(.text)
    TIM_SetCompare1                          0x08002cf5   Thumb Code     4  stm32f10x_tim.o(.text)
    TIM_SetCompare2                          0x08002cf9   Thumb Code     4  stm32f10x_tim.o(.text)
    TIM_SetCompare3                          0x08002cfd   Thumb Code     4  stm32f10x_tim.o(.text)
    TIM_SetCompare4                          0x08002d01   Thumb Code     6  stm32f10x_tim.o(.text)
    TIM_SetClockDivision                     0x08002d07   Thumb Code    18  stm32f10x_tim.o(.text)
    TIM_GetCapture1                          0x08002d19   Thumb Code     6  stm32f10x_tim.o(.text)
    TIM_GetCapture2                          0x08002d1f   Thumb Code     6  stm32f10x_tim.o(.text)
    TIM_GetCapture3                          0x08002d25   Thumb Code     6  stm32f10x_tim.o(.text)
    TIM_GetCapture4                          0x08002d2b   Thumb Code     8  stm32f10x_tim.o(.text)
    TIM_GetCounter                           0x08002d33   Thumb Code     6  stm32f10x_tim.o(.text)
    TIM_GetPrescaler                         0x08002d39   Thumb Code     6  stm32f10x_tim.o(.text)
    TIM_GetFlagStatus                        0x08002d3f   Thumb Code    18  stm32f10x_tim.o(.text)
    TIM_ClearFlag                            0x08002d51   Thumb Code     6  stm32f10x_tim.o(.text)
    TIM_GetITStatus                          0x08002d57   Thumb Code    34  stm32f10x_tim.o(.text)
    TIM_ClearITPendingBit                    0x08002d79   Thumb Code     6  stm32f10x_tim.o(.text)
    USART_DeInit                             0x08002d81   Thumb Code   134  stm32f10x_usart.o(.text)
    USART_Init                               0x08002e07   Thumb Code   210  stm32f10x_usart.o(.text)
    USART_StructInit                         0x08002ed9   Thumb Code    24  stm32f10x_usart.o(.text)
    USART_ClockInit                          0x08002ef1   Thumb Code    34  stm32f10x_usart.o(.text)
    USART_ClockStructInit                    0x08002f13   Thumb Code    12  stm32f10x_usart.o(.text)
    USART_Cmd                                0x08002f1f   Thumb Code    24  stm32f10x_usart.o(.text)
    USART_ITConfig                           0x08002f37   Thumb Code    74  stm32f10x_usart.o(.text)
    USART_DMACmd                             0x08002f81   Thumb Code    18  stm32f10x_usart.o(.text)
    USART_SetAddress                         0x08002f93   Thumb Code    18  stm32f10x_usart.o(.text)
    USART_WakeUpConfig                       0x08002fa5   Thumb Code    18  stm32f10x_usart.o(.text)
    USART_ReceiverWakeUpCmd                  0x08002fb7   Thumb Code    24  stm32f10x_usart.o(.text)
    USART_LINBreakDetectLengthConfig         0x08002fcf   Thumb Code    18  stm32f10x_usart.o(.text)
    USART_LINCmd                             0x08002fe1   Thumb Code    24  stm32f10x_usart.o(.text)
    USART_SendData                           0x08002ff9   Thumb Code     8  stm32f10x_usart.o(.text)
    USART_ReceiveData                        0x08003001   Thumb Code    10  stm32f10x_usart.o(.text)
    USART_SendBreak                          0x0800300b   Thumb Code    10  stm32f10x_usart.o(.text)
    USART_SetGuardTime                       0x08003015   Thumb Code    16  stm32f10x_usart.o(.text)
    USART_SetPrescaler                       0x08003025   Thumb Code    16  stm32f10x_usart.o(.text)
    USART_SmartCardCmd                       0x08003035   Thumb Code    24  stm32f10x_usart.o(.text)
    USART_SmartCardNACKCmd                   0x0800304d   Thumb Code    24  stm32f10x_usart.o(.text)
    USART_HalfDuplexCmd                      0x08003065   Thumb Code    24  stm32f10x_usart.o(.text)
    USART_OverSampling8Cmd                   0x0800307d   Thumb Code    22  stm32f10x_usart.o(.text)
    USART_OneBitMethodCmd                    0x08003093   Thumb Code    24  stm32f10x_usart.o(.text)
    USART_IrDAConfig                         0x080030ab   Thumb Code    18  stm32f10x_usart.o(.text)
    USART_IrDACmd                            0x080030bd   Thumb Code    24  stm32f10x_usart.o(.text)
    USART_GetFlagStatus                      0x080030d5   Thumb Code    26  stm32f10x_usart.o(.text)
    USART_ClearFlag                          0x080030ef   Thumb Code    18  stm32f10x_usart.o(.text)
    USART_GetITStatus                        0x08003101   Thumb Code    84  stm32f10x_usart.o(.text)
    USART_ClearITPendingBit                  0x08003155   Thumb Code    52  stm32f10x_usart.o(.text)
    TIM4_Int_Init                            0x08003189   Thumb Code    90  timer.o(.text)
    TIM3_Int_Init                            0x080031e3   Thumb Code    90  timer.o(.text)
    TIM4_IRQHandler                          0x0800323d   Thumb Code   160  timer.o(.text)
    drawMap                                  0x080032dd   Thumb Code   166  timer.o(.text)
    TIM3_IRQHandler                          0x08003383   Thumb Code    58  timer.o(.text)
    TIM2_Cap_Init                            0x080033dd   Thumb Code   158  capture.o(.text)
    TIM2_IRQHandler                          0x0800347b   Thumb Code   184  capture.o(.text)
    Dac1_Init                                0x08003545   Thumb Code    94  dac.o(.text)
    Dac1_Set_Vol                             0x080035a3   Thumb Code    90  dac.o(.text)
    Adc_Init                                 0x08003609   Thumb Code   160  adc.o(.text)
    Adc_Multi_Init                           0x080036a9   Thumb Code   198  adc.o(.text)
    Get_Adc                                  0x0800376f   Thumb Code    52  adc.o(.text)
    Get_Adc_Average                          0x080037a3   Thumb Code    46  adc.o(.text)
    Get_Multi_Adc                            0x080037d1   Thumb Code    28  adc.o(.text)
    SPI2_Init                                0x080037fd   Thumb Code   132  spi.o(.text)
    CSPin_init                               0x08003881   Thumb Code   126  spi.o(.text)
    SPI2_ReadWriteByte                       0x080038ff   Thumb Code    80  spi.o(.text)
    ADS_Read                                 0x0800395d   Thumb Code    76  touch.o(.text)
    Read_XY                                  0x080039a9   Thumb Code   138  touch.o(.text)
    Read_X                                   0x08003a33   Thumb Code    68  touch.o(.text)
    Read_Y                                   0x08003a77   Thumb Code    68  touch.o(.text)
    Touch_Init                               0x08003abb   Thumb Code   120  touch.o(.text)
    LCD_Adjustd                              0x08003b33   Thumb Code  1186  touch.o(.text)
    touch_show                               0x08003fd5   Thumb Code   196  touch.o(.text)
    EXTI9_5_IRQHandler                       0x08004099   Thumb Code    14  touch.o(.text)
    LCD_WriteReg                             0x080040f1   Thumb Code    10  lcd.o(.text)
    LCD_ReadReg                              0x080040fb   Thumb Code    18  lcd.o(.text)
    LCD_FSMC                                 0x0800410d   Thumb Code    94  lcd.o(.text)
    LCD_guanjiao                             0x0800416b   Thumb Code   160  lcd.o(.text)
    LCD_Init                                 0x0800420b   Thumb Code   466  lcd.o(.text)
    LCD_WriteRAM_Prepare                     0x080043dd   Thumb Code    10  lcd.o(.text)
    LCD_Clear                                0x080043e7   Thumb Code    38  lcd.o(.text)
    LCD_WriteRAM                             0x0800440d   Thumb Code     8  lcd.o(.text)
    LCD_SetPoint                             0x08004415   Thumb Code    44  lcd.o(.text)
    LCD_ReadRAM                              0x08004441   Thumb Code    16  lcd.o(.text)
    LCD_BGR2RGB                              0x08004451   Thumb Code    26  lcd.o(.text)
    LCD_GetPoint                             0x0800446b   Thumb Code    44  lcd.o(.text)
    LCD_DrawLine                             0x08004497   Thumb Code   172  lcd.o(.text)
    LCD_DrawRectangle                        0x08004543   Thumb Code    94  lcd.o(.text)
    LCD_Draw_Circle                          0x080045a1   Thumb Code   198  lcd.o(.text)
    LCD_Color_Fill                           0x08004667   Thumb Code    92  lcd.o(.text)
    LCD_Draw_Button                          0x080046c3   Thumb Code   280  lcd.o(.text)
    LCD_Draw_Target                          0x080047db   Thumb Code    62  lcd.o(.text)
    LCD_ShowChar                             0x08004819   Thumb Code   136  lcd.o(.text)
    LCD_printString                          0x080048a1   Thumb Code    66  lcd.o(.text)
    LCD_ShowNum                              0x080048e3   Thumb Code    42  lcd.o(.text)
    LCD_WriteFullBMP                         0x0800490d   Thumb Code    28  lcd.o(.text)
    Add_Button                               0x08004929   Thumb Code   128  lcd.o(.text)
    KEY_Init                                 0x080049e5   Thumb Code    40  key.o(.text)
    KEY_Scan                                 0x08004a0d   Thumb Code    78  key.o(.text)
    DMA_USART_Config                         0x08004a69   Thumb Code    82  dma.o(.text)
    DMA_USART_Enable                         0x08004abb   Thumb Code    32  dma.o(.text)
    DMA_ADC_Config                           0x08004adb   Thumb Code    80  dma.o(.text)
    DMA_ADC_Enable                           0x08004b2b   Thumb Code    22  dma.o(.text)
    uart_init                                0x08004b49   Thumb Code   168  usart.o(.text)
    USART1_IRQHandler                        0x08004bf1   Thumb Code    26  usart.o(.text)
    NVIC_Configuration                       0x08004c15   Thumb Code    12  sys.o(.text)
    delay_init                               0x08004c21   Thumb Code    50  delay.o(.text)
    delay_us                                 0x08004c53   Thumb Code    70  delay.o(.text)
    delay_ms                                 0x08004c99   Thumb Code    70  delay.o(.text)
    Standard_GetConfiguration                0x08004cf1   Thumb Code    34  usb_core.o(.text)
    Standard_SetConfiguration                0x08004d13   Thumb Code    60  usb_core.o(.text)
    Standard_GetInterface                    0x08004d4f   Thumb Code    34  usb_core.o(.text)
    Standard_SetInterface                    0x08004d71   Thumb Code    96  usb_core.o(.text)
    Standard_GetStatus                       0x08004dd1   Thumb Code   230  usb_core.o(.text)
    Standard_ClearFeature                    0x08004eb7   Thumb Code   308  usb_core.o(.text)
    Standard_SetEndPointFeature              0x08004feb   Thumb Code   168  usb_core.o(.text)
    Standard_SetDeviceFeature                0x08005093   Thumb Code    30  usb_core.o(.text)
    Standard_GetDescriptorData               0x080050b1   Thumb Code    32  usb_core.o(.text)
    Post0_Process                            0x080055f1   Thumb Code    54  usb_core.o(.text)
    Setup0_Process                           0x08005627   Thumb Code   170  usb_core.o(.text)
    SetDeviceAddress                         0x080056d1   Thumb Code    66  usb_core.o(.text)
    In0_Process                              0x08005713   Thumb Code    98  usb_core.o(.text)
    Out0_Process                             0x08005775   Thumb Code    70  usb_core.o(.text)
    NOP_Process                              0x080057bb   Thumb Code     2  usb_core.o(.text)
    USB_Init                                 0x080057e5   Thumb Code    36  usb_init.o(.text)
    CTR_LP                                   0x08005821   Thumb Code   552  usb_int.o(.text)
    CTR_HP                                   0x08005a49   Thumb Code   142  usb_int.o(.text)
    UserToPMABufferCopy                      0x08005af1   Thumb Code    52  usb_mem.o(.text)
    PMAToUserBufferCopy                      0x08005b25   Thumb Code    34  usb_mem.o(.text)
    SetCNTR                                  0x08005b4d   Thumb Code     6  usb_regs.o(.text)
    GetCNTR                                  0x08005b53   Thumb Code     8  usb_regs.o(.text)
    SetISTR                                  0x08005b5b   Thumb Code     8  usb_regs.o(.text)
    GetISTR                                  0x08005b63   Thumb Code    10  usb_regs.o(.text)
    GetFNR                                   0x08005b6d   Thumb Code    10  usb_regs.o(.text)
    SetDADDR                                 0x08005b77   Thumb Code     8  usb_regs.o(.text)
    GetDADDR                                 0x08005b7f   Thumb Code    10  usb_regs.o(.text)
    SetBTABLE                                0x08005b89   Thumb Code    14  usb_regs.o(.text)
    GetBTABLE                                0x08005b97   Thumb Code    10  usb_regs.o(.text)
    SetENDPOINT                              0x08005ba1   Thumb Code    10  usb_regs.o(.text)
    GetENDPOINT                              0x08005bab   Thumb Code    14  usb_regs.o(.text)
    SetEPType                                0x08005bb9   Thumb Code    26  usb_regs.o(.text)
    GetEPType                                0x08005bd3   Thumb Code    16  usb_regs.o(.text)
    SetEPTxStatus                            0x08005be3   Thumb Code    56  usb_regs.o(.text)
    SetEPRxStatus                            0x08005c1b   Thumb Code    56  usb_regs.o(.text)
    SetDouBleBuffEPStall                     0x08005c53   Thumb Code    50  usb_regs.o(.text)
    GetEPTxStatus                            0x08005c85   Thumb Code    16  usb_regs.o(.text)
    GetEPRxStatus                            0x08005c95   Thumb Code    16  usb_regs.o(.text)
    SetEPTxValid                             0x08005ca5   Thumb Code    42  usb_regs.o(.text)
    SetEPRxValid                             0x08005ccf   Thumb Code    42  usb_regs.o(.text)
    SetEP_KIND                               0x08005cf9   Thumb Code    34  usb_regs.o(.text)
    ClearEP_KIND                             0x08005d1b   Thumb Code    30  usb_regs.o(.text)
    Clear_Status_Out                         0x08005d39   Thumb Code    30  usb_regs.o(.text)
    Set_Status_Out                           0x08005d57   Thumb Code    34  usb_regs.o(.text)
    SetEPDoubleBuff                          0x08005d79   Thumb Code    34  usb_regs.o(.text)
    ClearEPDoubleBuff                        0x08005d9b   Thumb Code    30  usb_regs.o(.text)
    GetTxStallStatus                         0x08005db9   Thumb Code    26  usb_regs.o(.text)
    GetRxStallStatus                         0x08005dd3   Thumb Code    28  usb_regs.o(.text)
    ClearEP_CTR_RX                           0x08005def   Thumb Code    28  usb_regs.o(.text)
    ClearEP_CTR_TX                           0x08005e0b   Thumb Code    24  usb_regs.o(.text)
    ToggleDTOG_RX                            0x08005e23   Thumb Code    30  usb_regs.o(.text)
    ToggleDTOG_TX                            0x08005e41   Thumb Code    30  usb_regs.o(.text)
    ClearDTOG_RX                             0x08005e5f   Thumb Code    44  usb_regs.o(.text)
    ClearDTOG_TX                             0x08005e8b   Thumb Code    44  usb_regs.o(.text)
    SetEPAddress                             0x08005eb7   Thumb Code    32  usb_regs.o(.text)
    GetEPAddress                             0x08005ed7   Thumb Code    16  usb_regs.o(.text)
    SetEPTxAddr                              0x08005ee7   Thumb Code    26  usb_regs.o(.text)
    SetEPRxAddr                              0x08005f01   Thumb Code    28  usb_regs.o(.text)
    GetEPTxAddr                              0x08005f1d   Thumb Code    32  usb_regs.o(.text)
    GetEPRxAddr                              0x08005f3d   Thumb Code    24  usb_regs.o(.text)
    SetEPTxCount                             0x08005f55   Thumb Code    20  usb_regs.o(.text)
    SetEPCountRxReg                          0x08005f69   Thumb Code    48  usb_regs.o(.text)
    SetEPRxCount                             0x08005f99   Thumb Code    68  usb_regs.o(.text)
    GetEPTxCount                             0x08005fdd   Thumb Code    26  usb_regs.o(.text)
    GetEPRxCount                             0x08005ff7   Thumb Code    26  usb_regs.o(.text)
    SetEPDblBuffAddr                         0x08006011   Thumb Code    44  usb_regs.o(.text)
    SetEPDblBuf0Addr                         0x0800603d   Thumb Code    24  usb_regs.o(.text)
    SetEPDblBuf1Addr                         0x08006055   Thumb Code    26  usb_regs.o(.text)
    GetEPDblBuf0Addr                         0x0800606f   Thumb Code    22  usb_regs.o(.text)
    GetEPDblBuf1Addr                         0x08006085   Thumb Code    24  usb_regs.o(.text)
    SetEPDblBuffCount                        0x0800609d   Thumb Code   186  usb_regs.o(.text)
    SetEPDblBuf0Count                        0x08006157   Thumb Code    96  usb_regs.o(.text)
    SetEPDblBuf1Count                        0x080061b7   Thumb Code    96  usb_regs.o(.text)
    GetEPDblBuf0Count                        0x08006217   Thumb Code    26  usb_regs.o(.text)
    GetEPDblBuf1Count                        0x08006231   Thumb Code    26  usb_regs.o(.text)
    GetEPDblBufDir                           0x0800624b   Thumb Code    62  usb_regs.o(.text)
    FreeUserBuffer                           0x08006289   Thumb Code    68  usb_regs.o(.text)
    ToWord                                   0x080062cd   Thumb Code     8  usb_regs.o(.text)
    ByteSwap                                 0x080062d5   Thumb Code    12  usb_regs.o(.text)
    Set_USBClock                             0x080062e9   Thumb Code    18  hw_config.o(.text)
    Enter_LowPowerMode                       0x080062fb   Thumb Code     8  hw_config.o(.text)
    Leave_LowPowerMode                       0x08006303   Thumb Code    22  hw_config.o(.text)
    USB_Interrupts_Config                    0x08006319   Thumb Code    92  hw_config.o(.text)
    Data_64_Package_Send                     0x08006375   Thumb Code    32  hw_config.o(.text)
    USB_SendString                           0x08006395   Thumb Code    82  hw_config.o(.text)
    Get_SerialNum                            0x08006425   Thumb Code    42  hw_config.o(.text)
    EP1_OUT_Callback                         0x08006469   Thumb Code    30  usb_endp.o(.text)
    USB_Istr                                 0x08006491   Thumb Code   222  usb_istr.o(.text)
    PowerOn                                  0x08006589   Thumb Code    40  usb_pwr.o(.text)
    PowerOff                                 0x080065b1   Thumb Code    22  usb_pwr.o(.text)
    Suspend                                  0x080065c7   Thumb Code    34  usb_pwr.o(.text)
    Resume_Init                              0x080065e9   Thumb Code    30  usb_pwr.o(.text)
    Resume                                   0x08006607   Thumb Code   168  usb_pwr.o(.text)
    CustomHID_init                           0x080066bd   Thumb Code    50  usb_prop.o(.text)
    CustomHID_Reset                          0x080066ef   Thumb Code   238  usb_prop.o(.text)
    CustomHID_SetConfiguration               0x080067dd   Thumb Code    16  usb_prop.o(.text)
    CustomHID_SetDeviceAddress               0x080067ed   Thumb Code     8  usb_prop.o(.text)
    CustomHID_Status_In                      0x080067f5   Thumb Code     2  usb_prop.o(.text)
    CustomHID_Status_Out                     0x080067f7   Thumb Code     2  usb_prop.o(.text)
    CustomHID_GetProtocolValue               0x080067f9   Thumb Code    20  usb_prop.o(.text)
    CustomHID_GetHIDDescriptor               0x0800680d   Thumb Code    14  usb_prop.o(.text)
    CustomHID_GetReportDescriptor            0x0800681b   Thumb Code    14  usb_prop.o(.text)
    CustomHID_Data_Setup                     0x08006829   Thumb Code   114  usb_prop.o(.text)
    CustomHID_SetProtocol                    0x0800689b   Thumb Code    14  usb_prop.o(.text)
    CustomHID_NoData_Setup                   0x080068a9   Thumb Code    32  usb_prop.o(.text)
    CustomHID_GetDeviceDescriptor            0x080068c9   Thumb Code    14  usb_prop.o(.text)
    CustomHID_GetConfigDescriptor            0x080068d7   Thumb Code    14  usb_prop.o(.text)
    CustomHID_GetStringDescriptor            0x080068e5   Thumb Code    32  usb_prop.o(.text)
    CustomHID_Get_Interface_Setting          0x08006905   Thumb Code    22  usb_prop.o(.text)
    __2sprintf                               0x0800694d   Thumb Code    34  noretval__2sprintf.o(.text)
    __printf                                 0x08006975   Thumb Code   106  __printf.o(.text)
    _printf_int_dec                          0x080069e1   Thumb Code   102  _printf_dec.o(.text)
    __use_two_region_memory                  0x08006a59   Thumb Code     2  heapauxi.o(.text)
    __rt_heap_escrow$2region                 0x08006a5b   Thumb Code     2  heapauxi.o(.text)
    __rt_heap_expand$2region                 0x08006a5d   Thumb Code     2  heapauxi.o(.text)
    _printf_int_common                       0x08006a5f   Thumb Code   184  _printf_intcommon.o(.text)
    _printf_char_common                      0x08006b23   Thumb Code    32  _printf_char_common.o(.text)
    _sputc                                   0x08006b49   Thumb Code    10  _sputc.o(.text)
    __user_setup_stackheap                   0x08006b53   Thumb Code    74  sys_stackheap_outer.o(.text)
    exit                                     0x08006b9d   Thumb Code    12  exit.o(.text)
    __user_libspace                          0x08006ba9   Thumb Code     8  libspace.o(.text)
    __user_perproc_libspace                  0x08006ba9   Thumb Code     0  libspace.o(.text)
    __user_perthread_libspace                0x08006ba9   Thumb Code     0  libspace.o(.text)
    _sys_exit                                0x08006bb1   Thumb Code     8  sys_exit.o(.text)
    __I$use$semihosting                      0x08006bbd   Thumb Code     0  use_no_semi.o(.text)
    __use_no_semihosting_swi                 0x08006bbd   Thumb Code     2  use_no_semi.o(.text)
    LCD_SetCursor                            0x08006bbf   Thumb Code    30  lcd.o(i.LCD_SetCursor)
    __semihosting_library_function           0x08006bbf   Thumb Code     0  indicate_semi.o(.text)
    __aeabi_d2f                              0x08006bdd   Thumb Code     0  d2f.o(x$fpl$d2f)
    _d2f                                     0x08006bdd   Thumb Code    98  d2f.o(x$fpl$d2f)
    __aeabi_ddiv                             0x08006c41   Thumb Code     0  ddiv.o(x$fpl$ddiv)
    _ddiv                                    0x08006c41   Thumb Code   552  ddiv.o(x$fpl$ddiv)
    __fpl_dnaninf                            0x08006ef1   Thumb Code   156  dnaninf.o(x$fpl$dnaninf)
    __fpl_dretinf                            0x08006f8d   Thumb Code    12  dretinf.o(x$fpl$dretinf)
    __aeabi_f2d                              0x08006f99   Thumb Code     0  f2d.o(x$fpl$f2d)
    _f2d                                     0x08006f99   Thumb Code    86  f2d.o(x$fpl$f2d)
    __aeabi_fadd                             0x08006ff1   Thumb Code     0  faddsub_clz.o(x$fpl$fadd)
    _fadd                                    0x08006ff1   Thumb Code   196  faddsub_clz.o(x$fpl$fadd)
    __aeabi_fdiv                             0x080070b5   Thumb Code     0  fdiv.o(x$fpl$fdiv)
    _fdiv                                    0x080070b5   Thumb Code   384  fdiv.o(x$fpl$fdiv)
    __aeabi_f2uiz                            0x08007239   Thumb Code     0  ffixu.o(x$fpl$ffixu)
    _ffixu                                   0x08007239   Thumb Code    62  ffixu.o(x$fpl$ffixu)
    __aeabi_i2f                              0x08007279   Thumb Code     0  fflt_clz.o(x$fpl$fflt)
    _fflt                                    0x08007279   Thumb Code    48  fflt_clz.o(x$fpl$fflt)
    __aeabi_ui2f                             0x080072a9   Thumb Code     0  fflt_clz.o(x$fpl$ffltu)
    _ffltu                                   0x080072a9   Thumb Code    38  fflt_clz.o(x$fpl$ffltu)
    __aeabi_fmul                             0x080072d1   Thumb Code     0  fmul.o(x$fpl$fmul)
    _fmul                                    0x080072d1   Thumb Code   258  fmul.o(x$fpl$fmul)
    __fpl_fnaninf                            0x080073d3   Thumb Code   140  fnaninf.o(x$fpl$fnaninf)
    __fpl_fretinf                            0x0800745f   Thumb Code    10  fretinf.o(x$fpl$fretinf)
    __aeabi_fsub                             0x08007469   Thumb Code     0  faddsub_clz.o(x$fpl$fsub)
    _fsub                                    0x08007469   Thumb Code   234  faddsub_clz.o(x$fpl$fsub)
    __I$use$fp                               0x08007552   Number         0  usenofp.o(x$fpl$usenofp)
    ascii_8x16                               0x08007552   Data       11520  lcd.o(.constdata)
    asc2_1206                                0x0800a252   Data        1140  lcd.o(.constdata)
    CustomHID_DeviceDescriptor               0x0800a6c6   Data          18  usb_desc.o(.constdata)
    CustomHID_ConfigDescriptor               0x0800a6d8   Data          41  usb_desc.o(.constdata)
    CustomHID_ReportDescriptor               0x0800a701   Data          33  usb_desc.o(.constdata)
    CustomHID_StringLangID                   0x0800a722   Data           4  usb_desc.o(.constdata)
    CustomHID_StringVendor                   0x0800a726   Data          38  usb_desc.o(.constdata)
    CustomHID_StringProduct                  0x0800a74c   Data          32  usb_desc.o(.constdata)
    Region$$Table$$Base                      0x0800a76c   Number         0  anon$$obj.o(Region$$Table)
    Region$$Table$$Limit                     0x0800a78c   Number         0  anon$$obj.o(Region$$Table)
    USB_Data                                 0x20000000   Data          64  main.o(.data)
    SendBuff                                 0x20000040   Data           5  main.o(.data)
    AD_Value                                 0x20000046   Data           8  main.o(.data)
    SystemCoreClock                          0x20000050   Data           4  system_stm32f10x.o(.data)
    AHBPrescTable                            0x20000054   Data          16  system_stm32f10x.o(.data)
    adcValue                                 0x20000078   Data           2  timer.o(.data)
    cursor                                   0x2000007a   Data           1  timer.o(.data)
    HexTable                                 0x2000007b   Data          16  timer.o(.data)
    USBTable                                 0x2000008b   Data          16  timer.o(.data)
    TIM2CH1_CAPTURE_STA                      0x2000009c   Data           1  capture.o(.data)
    TIM2CH1_CAPTURE_VAL                      0x2000009e   Data           2  capture.o(.data)
    KX                                       0x200000a0   Data           4  touch.o(.data)
    KY                                       0x200000a4   Data           4  touch.o(.data)
    XLC                                      0x200000a8   Data           2  touch.o(.data)
    YLC                                      0x200000aa   Data           2  touch.o(.data)
    XC                                       0x200000ac   Data           2  touch.o(.data)
    YC                                       0x200000ae   Data           2  touch.o(.data)
    dacValue                                 0x200000b0   Data           2  touch.o(.data)
    DeviceCode                               0x200000b2   Data           2  lcd.o(.data)
    DMA1_MEM_LEN                             0x200000b6   Data           2  dma.o(.data)
    Data_Mul_MaxPacketSize                   0x200000bc   Data           1  usb_core.o(.data)
    StatusInfo                               0x200000be   Data           2  usb_core.o(.data)
    EPindex                                  0x200000c0   Data           1  usb_init.o(.data)
    pInformation                             0x200000c4   Data           4  usb_init.o(.data)
    pProperty                                0x200000c8   Data           4  usb_init.o(.data)
    SaveState                                0x200000cc   Data           2  usb_init.o(.data)
    wInterrupt_Mask                          0x200000ce   Data           2  usb_init.o(.data)
    pUser_Standard_Requests                  0x200000d0   Data           4  usb_init.o(.data)
    SaveRState                               0x200000d4   Data           2  usb_int.o(.data)
    SaveTState                               0x200000d6   Data           2  usb_int.o(.data)
    USB_ReceiveFlg                           0x200000d8   Data           1  usb_endp.o(.data)
    bIntPackSOF                              0x200000dc   Data           1  usb_istr.o(.data)
    pEpInt_OUT                               0x200000e0   Data          28  usb_istr.o(.data)
    wIstr                                    0x200000fc   Data           2  usb_istr.o(.data)
    bDeviceState                             0x20000100   Data           4  usb_pwr.o(.data)
    fSuspendEnabled                          0x20000104   Data           1  usb_pwr.o(.data)
    ResumeS                                  0x20000105   Data           2  usb_pwr.o(.data)
    CustomHID_StringSerial                   0x20000107   Data          26  usb_desc.o(.data)
    Device_Table                             0x20000124   Data           2  usb_prop.o(.data)
    Device_Property                          0x20000128   Data          48  usb_prop.o(.data)
    User_Standard_Requests                   0x20000158   Data          36  usb_prop.o(.data)
    Device_Descriptor                        0x2000017c   Data           8  usb_prop.o(.data)
    Config_Descriptor                        0x20000184   Data           8  usb_prop.o(.data)
    CustomHID_Report_Descriptor              0x2000018c   Data           8  usb_prop.o(.data)
    CustomHID_Hid_Descriptor                 0x20000194   Data           8  usb_prop.o(.data)
    String_Descriptor                        0x2000019c   Data          32  usb_prop.o(.data)
    ProtocolValue                            0x200001bc   Data           4  usb_prop.o(.data)
    data                                     0x200001c0   Data         480  timer.o(.bss)
    TIM2_ICInitStructure                     0x200003a0   Data          10  capture.o(.bss)
    y                                        0x200003aa   Data          10  touch.o(.bss)
    x                                        0x200003b4   Data          10  touch.o(.bss)
    DMA_InitStructure                        0x200003c0   Data          44  dma.o(.bss)
    Device_Info                              0x200003ec   Data          28  usb_init.o(.bss)
    Receive_Buffer                           0x20000408   Data          64  usb_endp.o(.bss)
    Transi_Buffer                            0x20000448   Data          64  usb_endp.o(.bss)
    __libspace_start                         0x20000488   Data          96  libspace.o(.bss)
    __temporary_stack_top$libspace           0x200004e8   Data           0  libspace.o(.bss)



==============================================================================

Memory Map of the image

  Image Entry point : 0x080000ed

  Load Region LR_IROM1 (Base: 0x08000000, Size: 0x0000a94c, Max: 0x00080000, ABSOLUTE, COMPRESSED[0x0000a858])

    Execution Region ER_IROM1 (Base: 0x08000000, Size: 0x0000a78c, Max: 0x00080000, ABSOLUTE)

    Base Addr    Size         Type   Attr      Idx    E Section Name        Object

    0x08000000   0x000000ec   Data   RO          202    RESET               startup_stm32f10x_md.o
    0x080000ec   0x00000008   Code   RO          988  * !!!main             c_w.l(__main.o)
    0x080000f4   0x00000034   Code   RO         1192    !!!scatter          c_w.l(__scatter.o)
    0x08000128   0x0000005a   Code   RO         1190    !!dczerorl2         c_w.l(__dczerorl2.o)
    0x08000182   0x00000002   PAD
    0x08000184   0x0000001c   Code   RO         1194    !!handler_zi        c_w.l(__scatter_zi.o)
    0x080001a0   0x00000000   Code   RO          985    .ARM.Collect$$_printf_percent$$00000000  c_w.l(_printf_percent.o)
    0x080001a0   0x00000006   Code   RO          984    .ARM.Collect$$_printf_percent$$00000009  c_w.l(_printf_d.o)
    0x080001a6   0x00000004   Code   RO         1027    .ARM.Collect$$_printf_percent$$00000017  c_w.l(_printf_percent_end.o)
    0x080001aa   0x00000002   Code   RO         1063    .ARM.Collect$$libinit$$00000000  c_w.l(libinit.o)
    0x080001ac   0x00000000   Code   RO         1070    .ARM.Collect$$libinit$$00000002  c_w.l(libinit2.o)
    0x080001ac   0x00000000   Code   RO         1073    .ARM.Collect$$libinit$$00000008  c_w.l(libinit2.o)
    0x080001ac   0x00000000   Code   RO         1075    .ARM.Collect$$libinit$$0000000A  c_w.l(libinit2.o)
    0x080001ac   0x00000000   Code   RO         1077    .ARM.Collect$$libinit$$0000000C  c_w.l(libinit2.o)
    0x080001ac   0x00000000   Code   RO         1080    .ARM.Collect$$libinit$$0000000F  c_w.l(libinit2.o)
    0x080001ac   0x00000000   Code   RO         1082    .ARM.Collect$$libinit$$00000011  c_w.l(libinit2.o)
    0x080001ac   0x00000000   Code   RO         1084    .ARM.Collect$$libinit$$00000013  c_w.l(libinit2.o)
    0x080001ac   0x00000000   Code   RO         1086    .ARM.Collect$$libinit$$00000015  c_w.l(libinit2.o)
    0x080001ac   0x00000000   Code   RO         1088    .ARM.Collect$$libinit$$00000017  c_w.l(libinit2.o)
    0x080001ac   0x00000000   Code   RO         1090    .ARM.Collect$$libinit$$00000019  c_w.l(libinit2.o)
    0x080001ac   0x00000000   Code   RO         1092    .ARM.Collect$$libinit$$0000001B  c_w.l(libinit2.o)
    0x080001ac   0x00000000   Code   RO         1094    .ARM.Collect$$libinit$$0000001D  c_w.l(libinit2.o)
    0x080001ac   0x00000000   Code   RO         1096    .ARM.Collect$$libinit$$0000001F  c_w.l(libinit2.o)
    0x080001ac   0x00000000   Code   RO         1098    .ARM.Collect$$libinit$$00000021  c_w.l(libinit2.o)
    0x080001ac   0x00000000   Code   RO         1100    .ARM.Collect$$libinit$$00000023  c_w.l(libinit2.o)
    0x080001ac   0x00000000   Code   RO         1104    .ARM.Collect$$libinit$$0000002A  c_w.l(libinit2.o)
    0x080001ac   0x00000000   Code   RO         1106    .ARM.Collect$$libinit$$0000002C  c_w.l(libinit2.o)
    0x080001ac   0x00000000   Code   RO         1108    .ARM.Collect$$libinit$$0000002E  c_w.l(libinit2.o)
    0x080001ac   0x00000000   Code   RO         1110    .ARM.Collect$$libinit$$00000030  c_w.l(libinit2.o)
    0x080001ac   0x00000002   Code   RO         1111    .ARM.Collect$$libinit$$00000031  c_w.l(libinit2.o)
    0x080001ae   0x00000002   Code   RO         1131    .ARM.Collect$$libshutdown$$00000000  c_w.l(libshutdown.o)
    0x080001b0   0x00000000   Code   RO         1145    .ARM.Collect$$libshutdown$$00000003  c_w.l(libshutdown2.o)
    0x080001b0   0x00000000   Code   RO         1148    .ARM.Collect$$libshutdown$$00000006  c_w.l(libshutdown2.o)
    0x080001b0   0x00000000   Code   RO         1151    .ARM.Collect$$libshutdown$$00000009  c_w.l(libshutdown2.o)
    0x080001b0   0x00000000   Code   RO         1153    .ARM.Collect$$libshutdown$$0000000B  c_w.l(libshutdown2.o)
    0x080001b0   0x00000000   Code   RO         1156    .ARM.Collect$$libshutdown$$0000000E  c_w.l(libshutdown2.o)
    0x080001b0   0x00000002   Code   RO         1157    .ARM.Collect$$libshutdown$$0000000F  c_w.l(libshutdown2.o)
    0x080001b2   0x00000000   Code   RO         1020    .ARM.Collect$$rtentry$$00000000  c_w.l(rtentry.o)
    0x080001b2   0x00000000   Code   RO         1038    .ARM.Collect$$rtentry$$00000002  c_w.l(rtentry2.o)
    0x080001b2   0x00000006   Code   RO         1050    .ARM.Collect$$rtentry$$00000004  c_w.l(rtentry4.o)
    0x080001b8   0x00000000   Code   RO         1040    .ARM.Collect$$rtentry$$00000009  c_w.l(rtentry2.o)
    0x080001b8   0x00000004   Code   RO         1041    .ARM.Collect$$rtentry$$0000000A  c_w.l(rtentry2.o)
    0x080001bc   0x00000000   Code   RO         1043    .ARM.Collect$$rtentry$$0000000C  c_w.l(rtentry2.o)
    0x080001bc   0x00000008   Code   RO         1044    .ARM.Collect$$rtentry$$0000000D  c_w.l(rtentry2.o)
    0x080001c4   0x00000002   Code   RO         1067    .ARM.Collect$$rtexit$$00000000  c_w.l(rtexit.o)
    0x080001c6   0x00000000   Code   RO         1113    .ARM.Collect$$rtexit$$00000002  c_w.l(rtexit2.o)
    0x080001c6   0x00000004   Code   RO         1114    .ARM.Collect$$rtexit$$00000003  c_w.l(rtexit2.o)
    0x080001ca   0x00000006   Code   RO         1115    .ARM.Collect$$rtexit$$00000004  c_w.l(rtexit2.o)
    0x080001d0   0x00000164   Code   RO            1    .text               main.o
    0x08000334   0x00000022   Code   RO          146    .text               stm32f10x_it.o
    0x08000356   0x00000002   PAD
    0x08000358   0x000001c8   Code   RO          171    .text               system_stm32f10x.o
    0x08000520   0x00000040   Code   RO          203    .text               startup_stm32f10x_md.o
    0x08000560   0x000000dc   Code   RO          207    .text               misc.o
    0x0800063c   0x0000043c   Code   RO          242    .text               stm32f10x_adc.o
    0x08000a78   0x00000168   Code   RO          314    .text               stm32f10x_dac.o
    0x08000be0   0x00000250   Code   RO          341    .text               stm32f10x_dma.o
    0x08000e30   0x0000011c   Code   RO          353    .text               stm32f10x_exti.o
    0x08000f4c   0x00000618   Code   RO          380    .text               stm32f10x_fsmc.o
    0x08001564   0x00000358   Code   RO          392    .text               stm32f10x_gpio.o
    0x080018bc   0x0000039c   Code   RO          449    .text               stm32f10x_rcc.o
    0x08001c58   0x0000030c   Code   RO          493    .text               stm32f10x_spi.o
    0x08001f64   0x00000e1a   Code   RO          505    .text               stm32f10x_tim.o
    0x08002d7e   0x00000002   PAD
    0x08002d80   0x00000408   Code   RO          517    .text               stm32f10x_usart.o
    0x08003188   0x00000254   Code   RO          544    .text               timer.o
    0x080033dc   0x00000168   Code   RO          561    .text               capture.o
    0x08003544   0x000000c4   Code   RO          580    .text               dac.o
    0x08003608   0x000001f4   Code   RO          592    .text               adc.o
    0x080037fc   0x00000160   Code   RO          605    .text               spi.o
    0x0800395c   0x00000794   Code   RO          620    .text               touch.o
    0x080040f0   0x000008f4   Code   RO          640    .text               lcd.o
    0x080049e4   0x00000084   Code   RO          667    .text               key.o
    0x08004a68   0x000000e0   Code   RO          680    .text               dma.o
    0x08004b48   0x000000cc   Code   RO          696    .text               usart.o
    0x08004c14   0x0000000c   Code   RO          715    .text               sys.o
    0x08004c20   0x000000d0   Code   RO          727    .text               delay.o
    0x08004cf0   0x00000af4   Code   RO          741    .text               usb_core.o
    0x080057e4   0x0000003c   Code   RO          756    .text               usb_init.o
    0x08005820   0x000002d0   Code   RO          779    .text               usb_int.o
    0x08005af0   0x0000005c   Code   RO          803    .text               usb_mem.o
    0x08005b4c   0x0000079c   Code   RO          815    .text               usb_regs.o
    0x080062e8   0x00000180   Code   RO          839    .text               hw_config.o
    0x08006468   0x00000028   Code   RO          863    .text               usb_endp.o
    0x08006490   0x000000f8   Code   RO          879    .text               usb_istr.o
    0x08006588   0x00000134   Code   RO          900    .text               usb_pwr.o
    0x080066bc   0x00000290   Code   RO          931    .text               usb_prop.o
    0x0800694c   0x00000028   Code   RO          958    .text               c_w.l(noretval__2sprintf.o)
    0x08006974   0x0000006a   Code   RO          960    .text               c_w.l(__printf.o)
    0x080069de   0x00000002   PAD
    0x080069e0   0x00000078   Code   RO          962    .text               c_w.l(_printf_dec.o)
    0x08006a58   0x00000006   Code   RO          986    .text               c_w.l(heapauxi.o)
    0x08006a5e   0x000000b8   Code   RO         1021    .text               c_w.l(_printf_intcommon.o)
    0x08006b16   0x00000002   PAD
    0x08006b18   0x00000030   Code   RO         1023    .text               c_w.l(_printf_char_common.o)
    0x08006b48   0x0000000a   Code   RO         1025    .text               c_w.l(_sputc.o)
    0x08006b52   0x0000004a   Code   RO         1054    .text               c_w.l(sys_stackheap_outer.o)
    0x08006b9c   0x0000000c   Code   RO         1056    .text               c_w.l(exit.o)
    0x08006ba8   0x00000008   Code   RO         1064    .text               c_w.l(libspace.o)
    0x08006bb0   0x0000000c   Code   RO         1123    .text               c_w.l(sys_exit.o)
    0x08006bbc   0x00000002   Code   RO         1134    .text               c_w.l(use_no_semi.o)
    0x08006bbe   0x00000000   Code   RO         1136    .text               c_w.l(indicate_semi.o)
    0x08006bbe   0x0000001e   Code   RO          653    i.LCD_SetCursor     lcd.o
    0x08006bdc   0x00000062   Code   RO          990    x$fpl$d2f           fz_ws.l(d2f.o)
    0x08006c3e   0x00000002   PAD
    0x08006c40   0x000002b0   Code   RO          993    x$fpl$ddiv          fz_ws.l(ddiv.o)
    0x08006ef0   0x0000009c   Code   RO         1028    x$fpl$dnaninf       fz_ws.l(dnaninf.o)
    0x08006f8c   0x0000000c   Code   RO         1030    x$fpl$dretinf       fz_ws.l(dretinf.o)
    0x08006f98   0x00000056   Code   RO          996    x$fpl$f2d           fz_ws.l(f2d.o)
    0x08006fee   0x00000002   PAD
    0x08006ff0   0x000000c4   Code   RO          998    x$fpl$fadd          fz_ws.l(faddsub_clz.o)
    0x080070b4   0x00000184   Code   RO         1005    x$fpl$fdiv          fz_ws.l(fdiv.o)
    0x08007238   0x0000003e   Code   RO         1008    x$fpl$ffixu         fz_ws.l(ffixu.o)
    0x08007276   0x00000002   PAD
    0x08007278   0x00000030   Code   RO         1013    x$fpl$fflt          fz_ws.l(fflt_clz.o)
    0x080072a8   0x00000026   Code   RO         1012    x$fpl$ffltu         fz_ws.l(fflt_clz.o)
    0x080072ce   0x00000002   PAD
    0x080072d0   0x00000102   Code   RO         1018    x$fpl$fmul          fz_ws.l(fmul.o)
    0x080073d2   0x0000008c   Code   RO         1032    x$fpl$fnaninf       fz_ws.l(fnaninf.o)
    0x0800745e   0x0000000a   Code   RO         1034    x$fpl$fretinf       fz_ws.l(fretinf.o)
    0x08007468   0x000000ea   Code   RO         1000    x$fpl$fsub          fz_ws.l(faddsub_clz.o)
    0x08007552   0x00000000   Code   RO         1036    x$fpl$usenofp       fz_ws.l(usenofp.o)
    0x08007552   0x00003174   Data   RO          641    .constdata          lcd.o
    0x0800a6c6   0x000000a6   Data   RO          918    .constdata          usb_desc.o
    0x0800a76c   0x00000020   Data   RO         1188    Region$$Table       anon$$obj.o


    Execution Region RW_IRAM1 (Base: 0x20000000, Size: 0x00000ae8, Max: 0x00010000, ABSOLUTE, COMPRESSED[0x000000cc])

    Base Addr    Size         Type   Attr      Idx    E Section Name        Object

    0x20000000   0x0000004e   Data   RW            2    .data               main.o
    0x2000004e   0x00000002   PAD
    0x20000050   0x00000014   Data   RW          172    .data               system_stm32f10x.o
    0x20000064   0x00000014   Data   RW          450    .data               stm32f10x_rcc.o
    0x20000078   0x00000023   Data   RW          546    .data               timer.o
    0x2000009b   0x00000001   PAD
    0x2000009c   0x00000004   Data   RW          563    .data               capture.o
    0x200000a0   0x00000012   Data   RW          622    .data               touch.o
    0x200000b2   0x00000002   Data   RW          642    .data               lcd.o
    0x200000b4   0x00000001   Data   RW          668    .data               key.o
    0x200000b5   0x00000001   PAD
    0x200000b6   0x00000002   Data   RW          682    .data               dma.o
    0x200000b8   0x00000004   Data   RW          728    .data               delay.o
    0x200000bc   0x00000004   Data   RW          742    .data               usb_core.o
    0x200000c0   0x00000014   Data   RW          758    .data               usb_init.o
    0x200000d4   0x00000004   Data   RW          780    .data               usb_int.o
    0x200000d8   0x00000001   Data   RW          865    .data               usb_endp.o
    0x200000d9   0x00000003   PAD
    0x200000dc   0x00000022   Data   RW          880    .data               usb_istr.o
    0x200000fe   0x00000002   PAD
    0x20000100   0x00000007   Data   RW          901    .data               usb_pwr.o
    0x20000107   0x0000001a   Data   RW          919    .data               usb_desc.o
    0x20000121   0x00000003   PAD
    0x20000124   0x0000009c   Data   RW          932    .data               usb_prop.o
    0x200001c0   0x000001e0   Zero   RW          545    .bss                timer.o
    0x200003a0   0x0000000a   Zero   RW          562    .bss                capture.o
    0x200003aa   0x00000014   Zero   RW          621    .bss                touch.o
    0x200003be   0x00000002   PAD
    0x200003c0   0x0000002c   Zero   RW          681    .bss                dma.o
    0x200003ec   0x0000001c   Zero   RW          757    .bss                usb_init.o
    0x20000408   0x00000080   Zero   RW          864    .bss                usb_endp.o
    0x20000488   0x00000060   Zero   RW         1065    .bss                c_w.l(libspace.o)
    0x200004e8   0x00000200   Zero   RW          201    HEAP                startup_stm32f10x_md.o
    0x200006e8   0x00000400   Zero   RW          200    STACK               startup_stm32f10x_md.o


==============================================================================

Image component sizes


      Code (inc. data)   RO Data    RW Data    ZI Data      Debug   Object Name

       500         16          0          0          0       1600   adc.o
       360         18          0          4         10       1215   capture.o
         0          0          0          0          0         32   core_cm3.o
       196         12          0          0          0        709   dac.o
       208         18          0          4          0        899   delay.o
       224          8          0          2         44       1715   dma.o
       384         26          0          0          0       2476   hw_config.o
       132         14          0          1          0        688   key.o
      2322         80      12660          2          0       8369   lcd.o
       356         92          0         78          0     291117   main.o
       220         20          0          0          0     217353   misc.o
       352         14          0          0          0       1062   spi.o
        64         26        236          0       1536        740   startup_stm32f10x_md.o
      1084         26          0          0          0      10697   stm32f10x_adc.o
       360          6          0          0          0       3446   stm32f10x_dac.o
       592          8          0          0          0       4206   stm32f10x_dma.o
       284         10          0          0          0       2119   stm32f10x_exti.o
      1560         54          0          0          0       5227   stm32f10x_fsmc.o
       856         40          0          0          0       5533   stm32f10x_gpio.o
        34          0          0          0          0       1609   stm32f10x_it.o
       924         44          0         20          0       8640   stm32f10x_rcc.o
       780         14          0          0          0       6414   stm32f10x_spi.o
      3610         88          0          0          0      22016   stm32f10x_tim.o
      1032         22          0          0          0       8256   stm32f10x_usart.o
        12          0          0          0          0        393   sys.o
       456         36          0         20          0       1571   system_stm32f10x.o
       596         32          0         35        480       2110   timer.o
      1940        148          0         18         20       3449   touch.o
       204         10          0          0          0        810   usart.o
      2804        102          0          4          0       7815   usb_core.o
         0          0        166         26          0        928   usb_desc.o
        40         10          0          1        128       1021   usb_endp.o
        60         24          0         20         28       3738   usb_init.o
       720         26          0          4          0       1569   usb_int.o
       248         26          0         34          0       1086   usb_istr.o
        92          6          0          0          0       1198   usb_mem.o
       656         50          0        156          0       7351   usb_prop.o
       308         22          0          7          0       2305   usb_pwr.o
      1948         16          0          0          0      11361   usb_regs.o

    ----------------------------------------------------------------------
     26522       1164      13094        448       2248     652843   Object Totals
         0          0         32          0          0          0   (incl. Generated)
         4          0          0         12          2          0   (incl. Padding)

    ----------------------------------------------------------------------

      Code (inc. data)   RO Data    RW Data    ZI Data      Debug   Library Member Name

        90          0          0          0          0          0   __dczerorl2.o
         8          0          0          0          0         68   __main.o
       106          0          0          0          0         84   __printf.o
        52          8          0          0          0          0   __scatter.o
        28          0          0          0          0          0   __scatter_zi.o
        48          6          0          0          0         96   _printf_char_common.o
         6          0          0          0          0          0   _printf_d.o
       120         18          0          0          0         92   _printf_dec.o
       184          0          0          0          0         88   _printf_intcommon.o
         0          0          0          0          0          0   _printf_percent.o
         4          0          0          0          0          0   _printf_percent_end.o
        10          0          0          0          0         68   _sputc.o
        12          0          0          0          0         72   exit.o
         6          0          0          0          0        152   heapauxi.o
         0          0          0          0          0          0   indicate_semi.o
         2          0          0          0          0          0   libinit.o
         2          0          0          0          0          0   libinit2.o
         2          0          0          0          0          0   libshutdown.o
         2          0          0          0          0          0   libshutdown2.o
         8          4          0          0         96         68   libspace.o
        40          6          0          0          0         84   noretval__2sprintf.o
         0          0          0          0          0          0   rtentry.o
        12          0          0          0          0          0   rtentry2.o
         6          0          0          0          0          0   rtentry4.o
         2          0          0          0          0          0   rtexit.o
        10          0          0          0          0          0   rtexit2.o
        12          4          0          0          0         68   sys_exit.o
        74          0          0          0          0         80   sys_stackheap_outer.o
         2          0          0          0          0         68   use_no_semi.o
        98          4          0          0          0         92   d2f.o
       688        140          0          0          0        212   ddiv.o
       156          4          0          0          0         92   dnaninf.o
        12          0          0          0          0         68   dretinf.o
        86          4          0          0          0         84   f2d.o
       430          8          0          0          0        168   faddsub_clz.o
       388         76          0          0          0         96   fdiv.o
        62          4          0          0          0         84   ffixu.o
        86          0          0          0          0        136   fflt_clz.o
       258          4          0          0          0         84   fmul.o
       140          4          0          0          0         84   fnaninf.o
        10          0          0          0          0         68   fretinf.o
         0          0          0          0          0          0   usenofp.o

    ----------------------------------------------------------------------
      3276        294          0          0         96       2356   Library Totals
        14          0          0          0          0          0   (incl. Padding)

    ----------------------------------------------------------------------

      Code (inc. data)   RO Data    RW Data    ZI Data      Debug   Library Name

       848         46          0          0         96       1088   c_w.l
      2414        248          0          0          0       1268   fz_ws.l

    ----------------------------------------------------------------------
      3276        294          0          0         96       2356   Library Totals

    ----------------------------------------------------------------------

==============================================================================


      Code (inc. data)   RO Data    RW Data    ZI Data      Debug   

     29798       1458      13094        448       2344     650207   Grand Totals
     29798       1458      13094        204       2344     650207   ELF Image Totals (compressed)
     29798       1458      13094        204          0          0   ROM Totals

==============================================================================

    Total RO  Size (Code + RO Data)                42892 (  41.89kB)
    Total RW  Size (RW Data + ZI Data)              2792 (   2.73kB)
    Total ROM Size (Code + RO Data + RW Data)      43096 (  42.09kB)

==============================================================================

