ARM Linker, 5.02 [Build 28] [MDK-ARM Standard]

==============================================================================

Section Cross References

    main.o(.text) refers to stm32f10x_rcc.o(.text) for RCC_APB2PeriphClockCmd
    main.o(.text) refers to sys.o(.text) for NVIC_Configuration
    main.o(.text) refers to delay.o(.text) for delay_init
    main.o(.text) refers to hw_config.o(.text) for USB_Interrupts_Config
    main.o(.text) refers to usb_init.o(.text) for USB_Init
    main.o(.text) refers to usart.o(.text) for uart_init
    main.o(.text) refers to adc.o(.text) for Adc_Multi_Init
    main.o(.text) refers to dma.o(.text) for DMA_USART_Config
    main.o(.text) refers to timer.o(.text) for TIM4_Int_Init
    main.o(.text) refers to main.o(.data) for SendBuff
    stm32f10x_it.o(.text) refers to usb_istr.o(.text) for USB_Istr
    system_stm32f10x.o(.text) refers to system_stm32f10x.o(.data) for SystemCoreClock
    startup_stm32f10x_md.o(STACK) refers (Special) to heapauxi.o(.text) for __use_two_region_memory
    startup_stm32f10x_md.o(HEAP) refers (Special) to heapauxi.o(.text) for __use_two_region_memory
    startup_stm32f10x_md.o(RESET) refers (Special) to heapauxi.o(.text) for __use_two_region_memory
    startup_stm32f10x_md.o(RESET) refers to startup_stm32f10x_md.o(STACK) for __initial_sp
    startup_stm32f10x_md.o(RESET) refers to startup_stm32f10x_md.o(.text) for Reset_Handler
    startup_stm32f10x_md.o(RESET) refers to stm32f10x_it.o(.text) for NMI_Handler
    startup_stm32f10x_md.o(RESET) refers to timer.o(.text) for TIM3_IRQHandler
    startup_stm32f10x_md.o(RESET) refers to usart.o(.text) for USART1_IRQHandler
    startup_stm32f10x_md.o(.text) refers (Special) to heapauxi.o(.text) for __use_two_region_memory
    startup_stm32f10x_md.o(.text) refers to system_stm32f10x.o(.text) for SystemInit
    startup_stm32f10x_md.o(.text) refers to __main.o(!!!main) for __main
    startup_stm32f10x_md.o(.text) refers to startup_stm32f10x_md.o(HEAP) for Heap_Mem
    startup_stm32f10x_md.o(.text) refers to startup_stm32f10x_md.o(STACK) for Stack_Mem
    stm32f10x_adc.o(.text) refers to stm32f10x_rcc.o(.text) for RCC_APB2PeriphResetCmd
    stm32f10x_bkp.o(.text) refers to stm32f10x_rcc.o(.text) for RCC_BackupResetCmd
    stm32f10x_can.o(.text) refers to stm32f10x_rcc.o(.text) for RCC_APB1PeriphResetCmd
    stm32f10x_cec.o(.text) refers to stm32f10x_rcc.o(.text) for RCC_APB1PeriphResetCmd
    stm32f10x_dac.o(.text) refers to stm32f10x_rcc.o(.text) for RCC_APB1PeriphResetCmd
    stm32f10x_gpio.o(.text) refers to stm32f10x_rcc.o(.text) for RCC_APB2PeriphResetCmd
    stm32f10x_i2c.o(.text) refers to stm32f10x_rcc.o(.text) for RCC_APB1PeriphResetCmd
    stm32f10x_pwr.o(.text) refers to stm32f10x_rcc.o(.text) for RCC_APB1PeriphResetCmd
    stm32f10x_rcc.o(.text) refers to stm32f10x_rcc.o(.data) for APBAHBPrescTable
    stm32f10x_spi.o(.text) refers to stm32f10x_rcc.o(.text) for RCC_APB2PeriphResetCmd
    stm32f10x_tim.o(.text) refers to stm32f10x_rcc.o(.text) for RCC_APB2PeriphResetCmd
    stm32f10x_usart.o(.text) refers to stm32f10x_rcc.o(.text) for RCC_APB2PeriphResetCmd
    stm32f10x_wwdg.o(.text) refers to stm32f10x_rcc.o(.text) for RCC_APB1PeriphResetCmd
    timer.o(.text) refers to stm32f10x_rcc.o(.text) for RCC_APB1PeriphClockCmd
    timer.o(.text) refers to stm32f10x_tim.o(.text) for TIM_TimeBaseInit
    timer.o(.text) refers to misc.o(.text) for NVIC_Init
    timer.o(.text) refers to hw_config.o(.text) for Data_50_Package_Send
    timer.o(.text) refers to adc.o(.text) for Get_Multi_Adc
    timer.o(.text) refers to dma.o(.text) for DMA_USART_Enable
    timer.o(.text) refers to timer.o(.data) for HexTable
    timer.o(.text) refers to timer.o(.bss) for USBBuff
    timer.o(.text) refers to main.o(.data) for SendBuff
    dac.o(.text) refers to stm32f10x_rcc.o(.text) for RCC_APB2PeriphClockCmd
    dac.o(.text) refers to stm32f10x_gpio.o(.text) for GPIO_Init
    dac.o(.text) refers to stm32f10x_dac.o(.text) for DAC_Init
    dac.o(.text) refers to fflt_clz.o(x$fpl$ffltu) for __aeabi_ui2f
    dac.o(.text) refers to fdiv.o(x$fpl$fdiv) for __aeabi_fdiv
    dac.o(.text) refers to fmul.o(x$fpl$fmul) for __aeabi_fmul
    dac.o(.text) refers to f2d.o(x$fpl$f2d) for __aeabi_f2d
    dac.o(.text) refers to ddiv.o(x$fpl$ddiv) for __aeabi_ddiv
    dac.o(.text) refers to d2f.o(x$fpl$d2f) for __aeabi_d2f
    dac.o(.text) refers to faddsub_clz.o(x$fpl$fsub) for __aeabi_fsub
    dac.o(.text) refers to ffixu.o(x$fpl$ffixu) for __aeabi_f2uiz
    adc.o(.text) refers to stm32f10x_rcc.o(.text) for RCC_APB2PeriphClockCmd
    adc.o(.text) refers to stm32f10x_gpio.o(.text) for GPIO_Init
    adc.o(.text) refers to stm32f10x_adc.o(.text) for ADC_DeInit
    adc.o(.text) refers to delay.o(.text) for delay_ms
    adc.o(.text) refers to main.o(.data) for AD_Value
    dma.o(.text) refers to stm32f10x_rcc.o(.text) for RCC_AHBPeriphClockCmd
    dma.o(.text) refers to stm32f10x_dma.o(.text) for DMA_DeInit
[...]
    Removing hw_config.o(.data), (1 bytes).

20 unused section(s) (total 9665 bytes) removed from the image.

==============================================================================

Image Symbol Table

    Local Symbols

    Symbol Name                              Value     Ov Type        Size  Object(Section)

    ../clib/angel/boardlib.s                 0x00000000   Number         0  boardshut.o ABSOLUTE
    ../clib/angel/boardlib.s                 0x00000000   Number         0  boardinit1.o ABSOLUTE
    ../clib/angel/boardlib.s                 0x00000000   Number         0  boardinit2.o ABSOLUTE
    ../clib/angel/boardlib.s                 0x00000000   Number         0  boardinit3.o ABSOLUTE
    ../clib/angel/dczerorl2.s                0x00000000   Number         0  __dczerorl2.o ABSOLUTE
    ../clib/angel/handlers.s                 0x00000000   Number         0  __scatter_zi.o ABSOLUTE
    ../clib/angel/kernel.s                   0x00000000   Number         0  rtentry.o ABSOLUTE
    ../clib/angel/kernel.s                   0x00000000   Number         0  rtentry4.o ABSOLUTE
    ../clib/angel/kernel.s                   0x00000000   Number         0  rtentry2.o ABSOLUTE
    ../clib/angel/kernel.s                   0x00000000   Number         0  rtexit.o ABSOLUTE
    ../clib/angel/kernel.s                   0x00000000   Number         0  rtexit2.o ABSOLUTE
    ../clib/angel/rt.s                       0x00000000   Number         0  rt_raise.o ABSOLUTE
    ../clib/angel/scatter.s                  0x00000000   Number         0  __scatter.o ABSOLUTE
    ../clib/angel/startup.s                  0x00000000   Number         0  __main.o ABSOLUTE
    ../clib/angel/sys.s                      0x00000000   Number         0  use_no_semi.o ABSOLUTE
    ../clib/angel/sys.s                      0x00000000   Number         0  indicate_semi.o ABSOLUTE
    ../clib/angel/sys.s                      0x00000000   Number         0  sys_stackheap_outer.o ABSOLUTE
    ../clib/angel/sys.s                      0x00000000   Number         0  libspace.o ABSOLUTE
    ../clib/angel/sysapp.c                   0x00000000   Number         0  sys_exit.o ABSOLUTE
    ../clib/angel/sysapp.c                   0x00000000   Number         0  sys_command.o ABSOLUTE
    ../clib/angel/sysapp.c                   0x00000000   Number         0  sys_wrch.o ABSOLUTE
    ../clib/armsys.c                         0x00000000   Number         0  argv_veneer.o ABSOLUTE
    ../clib/armsys.c                         0x00000000   Number         0  argv_veneer.o ABSOLUTE
    ../clib/armsys.c                         0x00000000   Number         0  no_argv.o ABSOLUTE
    ../clib/armsys.c                         0x00000000   Number         0  _get_argv_nomalloc.o ABSOLUTE
    ../clib/heapalloc.c                      0x00000000   Number         0  hrguard.o ABSOLUTE
    ../clib/heapaux.c                        0x00000000   Number         0  heapauxi.o ABSOLUTE
    ../clib/libinit.s                        0x00000000   Number         0  libshutdown2.o ABSOLUTE
    ../clib/libinit.s                        0x00000000   Number         0  libshutdown.o ABSOLUTE
    ../clib/libinit.s                        0x00000000   Number         0  libinit.o ABSOLUTE
    ../clib/libinit.s                        0x00000000   Number         0  libinit2.o ABSOLUTE
    ../clib/signal.c                         0x00000000   Number         0  defsig_pvfn_inner.o ABSOLUTE
    ../clib/signal.c                         0x00000000   Number         0  defsig_rtmem_outer.o ABSOLUTE
    ../clib/signal.c                         0x00000000   Number         0  defsig_rtmem_formal.o ABSOLUTE
    ../clib/signal.c                         0x00000000   Number         0  defsig_other.o ABSOLUTE
    ../clib/signal.c                         0x00000000   Number         0  defsig_segv_inner.o ABSOLUTE
    ../clib/signal.c                         0x00000000   Number         0  defsig_cppl_inner.o ABSOLUTE
    ../clib/signal.c                         0x00000000   Number         0  defsig_stak_inner.o ABSOLUTE
    ../clib/signal.c                         0x00000000   Number         0  defsig_rtred_inner.o ABSOLUTE
    ../clib/signal.c                         0x00000000   Number         0  defsig_fpe_inner.o ABSOLUTE
    ../clib/signal.c                         0x00000000   Number         0  defsig_abrt_inner.o ABSOLUTE
    ../clib/signal.c                         0x00000000   Number         0  defsig_general.o ABSOLUTE
    ../clib/signal.c                         0x00000000   Number         0  defsig_rtmem_inner.o ABSOLUTE
    ../clib/signal.c                         0x00000000   Number         0  defsig_exit.o ABSOLUTE
    ../clib/signal.c                         0x00000000   Number         0  __raise.o ABSOLUTE
    ../clib/signal.s                         0x00000000   Number         0  defsig.o ABSOLUTE
    ../clib/stdlib.c                         0x00000000   Number         0  exit.o ABSOLUTE
    ../fplib/d2f.s                           0x00000000   Number         0  d2f.o ABSOLUTE
    ../fplib/ddiv.s                          0x00000000   Number         0  ddiv.o ABSOLUTE
    ../fplib/dnaninf.s                       0x00000000   Number         0  dnaninf.o ABSOLUTE
    ../fplib/dretinf.s                       0x00000000   Number         0  dretinf.o ABSOLUTE
    ../fplib/f2d.s                           0x00000000   Number         0  f2d.o ABSOLUTE
    ../fplib/faddsub.s                       0x00000000   Number         0  faddsub_clz.o ABSOLUTE
    ../fplib/fdiv.s                          0x00000000   Number         0  fdiv.o ABSOLUTE
    ../fplib/ffixu.s                         0x00000000   Number         0  ffixu.o ABSOLUTE
    ../fplib/fflt.s                          0x00000000   Number         0  fflt_clz.o ABSOLUTE
    ../fplib/fmul.s                          0x00000000   Number         0  fmul.o ABSOLUTE
    ../fplib/fnaninf.s                       0x00000000   Number         0  fnaninf.o ABSOLUTE
    ../fplib/fpinit.s                        0x00000000   Number         0  fpinit.o ABSOLUTE
    ../fplib/fretinf.s                       0x00000000   Number         0  fretinf.o ABSOLUTE
    ../fplib/usenofp.s                       0x00000000   Number         0  usenofp.o ABSOLUTE
    ..\CORE\core_cm3.c                       0x00000000   Number         0  core_cm3.o ABSOLUTE
    ..\CORE\startup_stm32f10x_md.s           0x00000000   Number         0  startup_stm32f10x_md.o ABSOLUTE
    ..\HARDWARE\ADC\adc.c                    0x00000000   Number         0  adc.o ABSOLUTE
    ..\HARDWARE\DAC\dac.c                    0x00000000   Number         0  dac.o ABSOLUTE
    ..\HARDWARE\DMA\dma.c                    0x00000000   Number         0  dma.o ABSOLUTE
    ..\HARDWARE\TIMER\timer.c                0x00000000   Number         0  timer.o ABSOLUTE
    ..\STM32F10x_FWLib\src\misc.c            0x00000000   Number         0  misc.o ABSOLUTE
    ..\STM32F10x_FWLib\src\stm32f10x_adc.c   0x00000000   Number         0  stm32f10x_adc.o ABSOLUTE
    ..\STM32F10x_FWLib\src\stm32f10x_bkp.c   0x00000000   Number         0  stm32f10x_bkp.o ABSOLUTE
    ..\STM32F10x_FWLib\src\stm32f10x_can.c   0x00000000   Number         0  stm32f10x_can.o ABSOLUTE
    ..\STM32F10x_FWLib\src\stm32f10x_cec.c   0x00000000   Number         0  stm32f10x_cec.o ABSOLUTE
    ..\STM32F10x_FWLib\src\stm32f10x_crc.c   0x00000000   Number         0  stm32f10x_crc.o ABSOLUTE
    ..\STM32F10x_FWLib\src\stm32f10x_dac.c   0x00000000   Number         0  stm32f10x_dac.o ABSOLUTE
    ..\STM32F10x_FWLib\src\stm32f10x_dbgmcu.c 0x00000000   Number         0  stm32f10x_dbgmcu.o ABSOLUTE
    ..\STM32F10x_FWLib\src\stm32f10x_dma.c   0x00000000   Number         0  stm32f10x_dma.o ABSOLUTE
    ..\STM32F10x_FWLib\src\stm32f10x_exti.c  0x00000000   Number         0  stm32f10x_exti.o ABSOLUTE
    ..\STM32F10x_FWLib\src\stm32f10x_flash.c 0x00000000   Number         0  stm32f10x_flash.o ABSOLUTE
    ..\STM32F10x_FWLib\src\stm32f10x_fsmc.c  0x00000000   Number         0  stm32f10x_fsmc.o ABSOLUTE
    ..\STM32F10x_FWLib\src\stm32f10x_gpio.c  0x00000000   Number         0  stm32f10x_gpio.o ABSOLUTE
    ..\STM32F10x_FWLib\src\stm32f10x_i2c.c   0x00000000   Number         0  stm32f10x_i2c.o ABSOLUTE
    ..\STM32F10x_FWLib\src\stm32f10x_iwdg.c  0x00000000   Number         0  stm32f10x_iwdg.o ABSOLUTE
    ..\STM32F10x_FWLib\src\stm32f10x_pwr.c   0x00000000   Number         0  stm32f10x_pwr.o ABSOLUTE
    ..\STM32F10x_FWLib\src\stm32f10x_rcc.c   0x00000000   Number         0  stm32f10x_rcc.o ABSOLUTE
    ..\STM32F10x_FWLib\src\stm32f10x_rtc.c   0x00000000   Number         0  stm32f10x_rtc.o ABSOLUTE
    ..\STM32F10x_FWLib\src\stm32f10x_sdio.c  0x00000000   Number         0  stm32f10x_sdio.o ABSOLUTE
    ..\STM32F10x_FWLib\src\stm32f10x_spi.c   0x00000000   Number         0  stm32f10x_spi.o ABSOLUTE
    ..\STM32F10x_FWLib\src\stm32f10x_tim.c   0x00000000   Number         0  stm32f10x_tim.o ABSOLUTE
    ..\STM32F10x_FWLib\src\stm32f10x_usart.c 0x00000000   Number         0  stm32f10x_usart.o ABSOLUTE
    ..\STM32F10x_FWLib\src\stm32f10x_wwdg.c  0x00000000   Number         0  stm32f10x_wwdg.o ABSOLUTE
    ..\SYSTEM\delay\delay.c                  0x00000000   Number         0  delay.o ABSOLUTE
    ..\SYSTEM\sys\sys.c                      0x00000000   Number         0  sys.o ABSOLUTE
    ..\SYSTEM\usart\usart.c                  0x00000000   Number         0  usart.o ABSOLUTE
    ..\USB\CONFIG\hw_config.c                0x00000000   Number         0  hw_config.o ABSOLUTE
    ..\USB\CONFIG\usb_desc.c                 0x00000000   Number         0  usb_desc.o ABSOLUTE
    ..\USB\CONFIG\usb_endp.c                 0x00000000   Number         0  usb_endp.o ABSOLUTE
    ..\USB\CONFIG\usb_istr.c                 0x00000000   Number         0  usb_istr.o ABSOLUTE
    ..\USB\CONFIG\usb_prop.c                 0x00000000   Number         0  usb_prop.o ABSOLUTE
    ..\USB\CONFIG\usb_pwr.c                  0x00000000   Number         0  usb_pwr.o ABSOLUTE
    ..\USB\LIB\usb_core.c                    0x00000000   Number         0  usb_core.o ABSOLUTE
    ..\USB\LIB\usb_init.c                    0x00000000   Number         0  usb_init.o ABSOLUTE
    ..\USB\LIB\usb_int.c                     0x00000000   Number         0  usb_int.o ABSOLUTE
    ..\USB\LIB\usb_mem.c                     0x00000000   Number         0  usb_mem.o ABSOLUTE
    ..\USB\LIB\usb_regs.c                    0x00000000   Number         0  usb_regs.o ABSOLUTE
    ..\USB\LIB\usb_sil.c                     0x00000000   Number         0  usb_sil.o ABSOLUTE
    ..\\CORE\\core_cm3.c                     0x00000000   Number         0  core_cm3.o ABSOLUTE
    dc.s                                     0x00000000   Number         0  dc.o ABSOLUTE
    main.c                                   0x00000000   Number         0  main.o ABSOLUTE
    stm32f10x_it.c                           0x00000000   Number         0  stm32f10x_it.o ABSOLUTE
    system_stm32f10x.c                       0x00000000   Number         0  system_stm32f10x.o ABSOLUTE
    RESET                                    0x08000000   Section      236  startup_stm32f10x_md.o(RESET)
    !!!main                                  0x080000ec   Section        8  __main.o(!!!main)
    !!!scatter                               0x080000f4   Section       52  __scatter.o(!!!scatter)
    !!dczerorl2                              0x08000128   Section       90  __dczerorl2.o(!!dczerorl2)
    !!handler_zi                             0x08000184   Section       28  __scatter_zi.o(!!handler_zi)
    .ARM.Collect$$libinit$$00000000          0x080001a0   Section        2  libinit.o(.ARM.Collect$$libinit$$00000000)
    .ARM.Collect$$libinit$$00000002          0x080001a2   Section        0  libinit2.o(.ARM.Collect$$libinit$$00000002)
    .ARM.Collect$$libinit$$00000008          0x080001a2   Section        0  libinit2.o(.ARM.Collect$$libinit$$00000008)
    .ARM.Collect$$libinit$$0000000A          0x080001a2   Section        0  libinit2.o(.ARM.Collect$$libinit$$0000000A)
    .ARM.Collect$$libinit$$0000000C          0x080001a2   Section        0  libinit2.o(.ARM.Collect$$libinit$$0000000C)
    .ARM.Collect$$libinit$$0000000F          0x080001a2   Section        0  libinit2.o(.ARM.Collect$$libinit$$0000000F)
    .ARM.Collect$$libinit$$00000011          0x080001a2   Section        0  libinit2.o(.ARM.Collect$$libinit$$00000011)
    .ARM.Collect$$libinit$$00000013          0x080001a2   Section        0  libinit2.o(.ARM.Collect$$libinit$$00000013)
    .ARM.Collect$$libinit$$00000015          0x080001a2   Section        0  libinit2.o(.ARM.Collect$$libinit$$00000015)
    .ARM.Collect$$libinit$$00000017          0x080001a2   Section        0  libinit2.o(.ARM.Collect$$libinit$$00000017)
    .ARM.Collect$$libinit$$00000019          0x080001a2   Section        0  libinit2.o(.ARM.Collect$$libinit$$00000019)
    .ARM.Collect$$libinit$$0000001B          0x080001a2   Section        0  libinit2.o(.ARM.Collect$$libinit$$0000001B)
    .ARM.Collect$$libinit$$0000001D          0x080001a2   Section        0  libinit2.o(.ARM.Collect$$libinit$$0000001D)
    .ARM.Collect$$libinit$$0000001F          0x080001a2   Section        0  libinit2.o(.ARM.Collect$$libinit$$0000001F)
    .ARM.Collect$$libinit$$00000021          0x080001a2   Section        0  libinit2.o(.ARM.Collect$$libinit$$00000021)
    .ARM.Collect$$libinit$$00000023          0x080001a2   Section        0  libinit2.o(.ARM.Collect$$libinit$$00000023)
    .ARM.Collect$$libinit$$0000002A          0x080001a2   Section        0  libinit2.o(.ARM.Collect$$libinit$$0000002A)
    .ARM.Collect$$libinit$$0000002C          0x080001a2   Section        0  libinit2.o(.ARM.Collect$$libinit$$0000002C)
    .ARM.Collect$$libinit$$0000002E          0x080001a2   Section        0  libinit2.o(.ARM.Collect$$libinit$$0000002E)
    .ARM.Collect$$libinit$$00000030          0x080001a2   Section        0  libinit2.o(.ARM.Collect$$libinit$$00000030)
    .ARM.Collect$$libinit$$00000031          0x080001a2   Section        2  libinit2.o(.ARM.Collect$$libinit$$00000031)
    .ARM.Collect$$libshutdown$$00000000      0x080001a4   Section        2  libshutdown.o(.ARM.Collect$$libshutdown$$00000000)
    .ARM.Collect$$libshutdown$$00000003      0x080001a6   Section        0  libshutdown2.o(.ARM.Collect$$libshutdown$$00000003)
    .ARM.Collect$$libshutdown$$00000006      0x080001a6   Section        0  libshutdown2.o(.ARM.Collect$$libshutdown$$00000006)
    .ARM.Collect$$libshutdown$$00000009      0x080001a6   Section        0  libshutdown2.o(.ARM.Collect$$libshutdown$$00000009)
    .ARM.Collect$$libshutdown$$0000000B      0x080001a6   Section        0  libshutdown2.o(.ARM.Collect$$libshutdown$$0000000B)
    .ARM.Collect$$libshutdown$$0000000E      0x080001a6   Section        0  libshutdown2.o(.ARM.Collect$$libshutdown$$0000000E)
    .ARM.Collect$$libshutdown$$0000000F      0x080001a6   Section        2  libshutdown2.o(.ARM.Collect$$libshutdown$$0000000F)
    .ARM.Collect$$rtentry$$00000000          0x080001a8   Section        0  rtentry.o(.ARM.Collect$$rtentry$$00000000)
    .ARM.Collect$$rtentry$$00000002          0x080001a8   Section        0  rtentry2.o(.ARM.Collect$$rtentry$$00000002)
    .ARM.Collect$$rtentry$$00000004          0x080001a8   Section        6  rtentry4.o(.ARM.Collect$$rtentry$$00000004)
    .ARM.Collect$$rtentry$$00000009          0x080001ae   Section        0  rtentry2.o(.ARM.Collect$$rtentry$$00000009)
    .ARM.Collect$$rtentry$$0000000A          0x080001ae   Section        4  rtentry2.o(.ARM.Collect$$rtentry$$0000000A)
    .ARM.Collect$$rtentry$$0000000C          0x080001b2   Section        0  rtentry2.o(.ARM.Collect$$rtentry$$0000000C)
    .ARM.Collect$$rtentry$$0000000D          0x080001b2   Section        8  rtentry2.o(.ARM.Collect$$rtentry$$0000000D)
    .ARM.Collect$$rtexit$$00000000           0x080001ba   Section        2  rtexit.o(.ARM.Collect$$rtexit$$00000000)
    .ARM.Collect$$rtexit$$00000002           0x080001bc   Section        0  rtexit2.o(.ARM.Collect$$rtexit$$00000002)
    .ARM.Collect$$rtexit$$00000003           0x080001bc   Section        4  rtexit2.o(.ARM.Collect$$rtexit$$00000003)
    .ARM.Collect$$rtexit$$00000004           0x080001c0   Section        6  rtexit2.o(.ARM.Collect$$rtexit$$00000004)
    .text                                    0x080001c8   Section        0  main.o(.text)
    .text                                    0x0800029c   Section        0  stm32f10x_it.o(.text)
    .text                                    0x080002c0   Section        0  system_stm32f10x.o(.text)
    SetSysClockTo72                          0x080002c1   Thumb Code   192  system_stm32f10x.o(.text)
    SetSysClock                              0x08000381   Thumb Code     8  system_stm32f10x.o(.text)
    .text                                    0x08000488   Section       64  startup_stm32f10x_md.o(.text)
    .text                                    0x080004c8   Section        0  misc.o(.text)
    .text                                    0x080005a4   Section        0  stm32f10x_adc.o(.text)
    .text                                    0x080009e0   Section        0  stm32f10x_dma.o(.text)
    .text                                    0x08000c30   Section        0  stm32f10x_exti.o(.text)
    .text                                    0x08000d4c   Section        0  stm32f10x_gpio.o(.text)
    .text                                    0x080010a4   Section        0  stm32f10x_rcc.o(.text)
    .text                                    0x08001440   Section        0  stm32f10x_tim.o(.text)
    TI4_Config                               0x080018e7   Thumb Code   130  stm32f10x_tim.o(.text)
    TI3_Config                               0x0800197b   Thumb Code   122  stm32f10x_tim.o(.text)
    TI2_Config                               0x08001a0f   Thumb Code   130  stm32f10x_tim.o(.text)
    TI1_Config                               0x08001aa3   Thumb Code   108  stm32f10x_tim.o(.text)
    .text                                    0x0800225c   Section        0  stm32f10x_usart.o(.text)
    .text                                    0x08002664   Section        0  timer.o(.text)
    .text                                    0x08002884   Section        0  adc.o(.text)
    .text                                    0x08002a78   Section        0  dma.o(.text)
    .text                                    0x08002b58   Section        0  usart.o(.text)
    .text                                    0x08002c2c   Section        0  sys.o(.text)
    .text                                    0x08002c38   Section        0  delay.o(.text)
    .text                                    0x08002d08   Section        0  usb_core.o(.text)
    DataStageOut                             0x080030e9   Thumb Code   196  usb_core.o(.text)
    DataStageIn                              0x080031ad   Thumb Code   166  usb_core.o(.text)
    NoData_Setup0                            0x08003253   Thumb Code   288  usb_core.o(.text)
    Data_Setup0                              0x08003373   Thumb Code   662  usb_core.o(.text)
    .text                                    0x080037fc   Section        0  usb_init.o(.text)
    .text                                    0x08003838   Section        0  usb_int.o(.text)
    .text                                    0x08003b08   Section        0  usb_mem.o(.text)
    .text                                    0x08003b64   Section        0  usb_regs.o(.text)
    .text                                    0x08004300   Section        0  hw_config.o(.text)
    IntToUnicode                             0x080043bf   Thumb Code    62  hw_config.o(.text)
    .text                                    0x0800443c   Section        0  usb_endp.o(.text)
    .text                                    0x08004464   Section        0  usb_istr.o(.text)
    .text                                    0x0800455c   Section        0  usb_prop.o(.text)
    .text                                    0x080047ec   Section        0  usb_pwr.o(.text)
    .text                                    0x08004920   Section        0  heapauxi.o(.text)
    .text                                    0x08004926   Section       74  sys_stackheap_outer.o(.text)
    .text                                    0x08004970   Section        0  exit.o(.text)
    .text                                    0x0800497c   Section        8  libspace.o(.text)
    .text                                    0x08004984   Section        0  sys_exit.o(.text)
    .text                                    0x08004990   Section        2  use_no_semi.o(.text)
    .constdata                               0x08004992   Section      166  usb_desc.o(.constdata)
    .text                                    0x08004992   Section        0  indicate_semi.o(.text)
    .data                                    0x20000000   Section       14  main.o(.data)
    .data                                    0x20000010   Section       20  system_stm32f10x.o(.data)
    .data                                    0x20000024   Section       20  stm32f10x_rcc.o(.data)
    APBAHBPrescTable                         0x20000024   Data          16  stm32f10x_rcc.o(.data)
    ADCPrescTable                            0x20000034   Data           4  stm32f10x_rcc.o(.data)
    .data                                    0x20000038   Section       40  timer.o(.data)
    .data                                    0x20000060   Section        2  dma.o(.data)
    .data                                    0x20000062   Section        4  delay.o(.data)
    fac_us                                   0x20000062   Data           1  delay.o(.data)
    fac_ms                                   0x20000064   Data           2  delay.o(.data)
    .data                                    0x20000066   Section        4  usb_core.o(.data)
    .data                                    0x2000006c   Section       20  usb_init.o(.data)
    .data                                    0x20000080   Section        4  usb_int.o(.data)
    .data                                    0x20000084   Section       26  usb_desc.o(.data)
    .data                                    0x2000009e   Section        1  usb_endp.o(.data)
    .data                                    0x200000a0   Section       34  usb_istr.o(.data)
    .data                                    0x200000c4   Section      156  usb_prop.o(.data)
    .data                                    0x20000160   Section        7  usb_pwr.o(.data)
    .bss                                     0x20000168   Section      530  timer.o(.bss)
    .bss                                     0x2000037c   Section       44  dma.o(.bss)
    .bss                                     0x200003a8   Section       28  usb_init.o(.bss)
    .bss                                     0x200003c4   Section      100  usb_endp.o(.bss)
    .bss                                     0x20000428   Section       96  libspace.o(.bss)
    HEAP                                     0x20000488   Section      512  startup_stm32f10x_md.o(HEAP)
    Heap_Mem                                 0x20000488   Data         512  startup_stm32f10x_md.o(HEAP)
    STACK                                    0x20000688   Section     1024  startup_stm32f10x_md.o(STACK)
    Stack_Mem                                0x20000688   Data        1024  startup_stm32f10x_md.o(STACK)
    __initial_sp                             0x20000a88   Data           0  startup_stm32f10x_md.o(STACK)

    Global Symbols

    Symbol Name                              Value     Ov Type        Size  Object(Section)

    BuildAttributes$$THM_ISAv4$P$D$K$B$S$PE$A:L22UL41UL21$X:L11$S22US41US21$IEEE1$IW$USESV6$~STKCKD$USESV7$~SHL$OSPACE$ROPI$EBA8$UX$STANDARDLIB$REQ8$PRES8$EABIv2 0x00000000   Number         0  anon$$obj.o ABSOLUTE
    __ARM_use_no_argv                        0x00000000   Number         0  main.o ABSOLUTE
    __ARM_exceptions_init                     - Undefined Weak Reference
    __alloca_initialize                       - Undefined Weak Reference
    __cpp_initialize__aeabi_                  - Undefined Weak Reference
    __cxa_finalize                            - Undefined Weak Reference
    __rt_locale                               - Undefined Weak Reference
    __sigvec_lookup                           - Undefined Weak Reference
    _atexit_init                              - Undefined Weak Reference
    _call_atexit_fns                          - Undefined Weak Reference
    _clock_init                               - Undefined Weak Reference
    _fp_trap_init                             - Undefined Weak Reference
    _fp_trap_shutdown                         - Undefined Weak Reference
    _get_lc_collate                           - Undefined Weak Reference
    _get_lc_ctype                             - Undefined Weak Reference
    _get_lc_monetary                          - Undefined Weak Reference
    _get_lc_numeric                           - Undefined Weak Reference
    _get_lc_time                              - Undefined Weak Reference
    _getenv_init                              - Undefined Weak Reference
    _handle_redirection                       - Undefined Weak Reference
    _init_alloc                               - Undefined Weak Reference
    _init_user_alloc                          - Undefined Weak Reference
    _initio                                   - Undefined Weak Reference
    _rand_init                                - Undefined Weak Reference
    _signal_finish                            - Undefined Weak Reference
    _signal_init                              - Undefined Weak Reference
    _terminate_alloc                          - Undefined Weak Reference
    _terminate_user_alloc                     - Undefined Weak Reference
    _terminateio                              - Undefined Weak Reference
    __Vectors_Size                           0x000000ec   Number         0  startup_stm32f10x_md.o ABSOLUTE
    __Vectors                                0x08000000   Data           4  startup_stm32f10x_md.o(RESET)
    __Vectors_End                            0x080000ec   Data           0  startup_stm32f10x_md.o(RESET)
    __main                                   0x080000ed   Thumb Code     8  __main.o(!!!main)
    __scatterload                            0x080000f5   Thumb Code     0  __scatter.o(!!!scatter)
    __scatterload_rt2                        0x080000f5   Thumb Code    44  __scatter.o(!!!scatter)
    __scatterload_rt2_thumb_only             0x080000f5   Thumb Code     0  __scatter.o(!!!scatter)
    __scatterload_null                       0x08000103   Thumb Code     0  __scatter.o(!!!scatter)
    __decompress                             0x08000129   Thumb Code    90  __dczerorl2.o(!!dczerorl2)
    __decompress1                            0x08000129   Thumb Code     0  __dczerorl2.o(!!dczerorl2)
    __scatterload_zeroinit                   0x08000185   Thumb Code    28  __scatter_zi.o(!!handler_zi)
    __rt_lib_init                            0x080001a1   Thumb Code     0  libinit.o(.ARM.Collect$$libinit$$00000000)
    __rt_lib_init_alloca_1                   0x080001a3   Thumb Code     0  libinit2.o(.ARM.Collect$$libinit$$0000002C)
    __rt_lib_init_argv_1                     0x080001a3   Thumb Code     0  libinit2.o(.ARM.Collect$$libinit$$0000002A)
    __rt_lib_init_atexit_1                   0x080001a3   Thumb Code     0  libinit2.o(.ARM.Collect$$libinit$$00000019)
    __rt_lib_init_clock_1                    0x080001a3   Thumb Code     0  libinit2.o(.ARM.Collect$$libinit$$0000001F)
    __rt_lib_init_cpp_1                      0x080001a3   Thumb Code     0  libinit2.o(.ARM.Collect$$libinit$$00000030)
    __rt_lib_init_exceptions_1               0x080001a3   Thumb Code     0  libinit2.o(.ARM.Collect$$libinit$$0000002E)
    __rt_lib_init_fp_1                       0x080001a3   Thumb Code     0  libinit2.o(.ARM.Collect$$libinit$$00000002)
    __rt_lib_init_fp_trap_1                  0x080001a3   Thumb Code     0  libinit2.o(.ARM.Collect$$libinit$$0000001D)
    __rt_lib_init_getenv_1                   0x080001a3   Thumb Code     0  libinit2.o(.ARM.Collect$$libinit$$00000021)
    __rt_lib_init_heap_1                     0x080001a3   Thumb Code     0  libinit2.o(.ARM.Collect$$libinit$$00000008)
    __rt_lib_init_lc_collate_1               0x080001a3   Thumb Code     0  libinit2.o(.ARM.Collect$$libinit$$0000000F)
    __rt_lib_init_lc_ctype_1                 0x080001a3   Thumb Code     0  libinit2.o(.ARM.Collect$$libinit$$00000011)
    __rt_lib_init_lc_monetary_1              0x080001a3   Thumb Code     0  libinit2.o(.ARM.Collect$$libinit$$00000013)
    __rt_lib_init_lc_numeric_1               0x080001a3   Thumb Code     0  libinit2.o(.ARM.Collect$$libinit$$00000015)
    __rt_lib_init_lc_time_1                  0x080001a3   Thumb Code     0  libinit2.o(.ARM.Collect$$libinit$$00000017)
    __rt_lib_init_rand_1                     0x080001a3   Thumb Code     0  libinit2.o(.ARM.Collect$$libinit$$0000000C)
    __rt_lib_init_return                     0x080001a3   Thumb Code     0  libinit2.o(.ARM.Collect$$libinit$$00000031)
    __rt_lib_init_signal_1                   0x080001a3   Thumb Code     0  libinit2.o(.ARM.Collect$$libinit$$0000001B)
    __rt_lib_init_stdio_1                    0x080001a3   Thumb Code     0  libinit2.o(.ARM.Collect$$libinit$$00000023)
    __rt_lib_init_user_alloc_1               0x080001a3   Thumb Code     0  libinit2.o(.ARM.Collect$$libinit$$0000000A)
    __rt_lib_shutdown                        0x080001a5   Thumb Code     0  libshutdown.o(.ARM.Collect$$libshutdown$$00000000)
    __rt_lib_shutdown_fp_trap_1              0x080001a7   Thumb Code     0  libshutdown2.o(.ARM.Collect$$libshutdown$$00000006)
    __rt_lib_shutdown_heap_1                 0x080001a7   Thumb Code     0  libshutdown2.o(.ARM.Collect$$libshutdown$$0000000E)
    __rt_lib_shutdown_return                 0x080001a7   Thumb Code     0  libshutdown2.o(.ARM.Collect$$libshutdown$$0000000F)
    __rt_lib_shutdown_signal_1               0x080001a7   Thumb Code     0  libshutdown2.o(.ARM.Collect$$libshutdown$$00000009)
    __rt_lib_shutdown_stdio_1                0x080001a7   Thumb Code     0  libshutdown2.o(.ARM.Collect$$libshutdown$$00000003)
    __rt_lib_shutdown_user_alloc_1           0x080001a7   Thumb Code     0  libshutdown2.o(.ARM.Collect$$libshutdown$$0000000B)
    __rt_entry                               0x080001a9   Thumb Code     0  rtentry.o(.ARM.Collect$$rtentry$$00000000)
    __rt_entry_presh_1                       0x080001a9   Thumb Code     0  rtentry2.o(.ARM.Collect$$rtentry$$00000002)
    __rt_entry_sh                            0x080001a9   Thumb Code     0  rtentry4.o(.ARM.Collect$$rtentry$$00000004)
    __rt_entry_li                            0x080001af   Thumb Code     0  rtentry2.o(.ARM.Collect$$rtentry$$0000000A)
    __rt_entry_postsh_1                      0x080001af   Thumb Code     0  rtentry2.o(.ARM.Collect$$rtentry$$00000009)
    __rt_entry_main                          0x080001b3   Thumb Code     0  rtentry2.o(.ARM.Collect$$rtentry$$0000000D)
    __rt_entry_postli_1                      0x080001b3   Thumb Code     0  rtentry2.o(.ARM.Collect$$rtentry$$0000000C)
    __rt_exit                                0x080001bb   Thumb Code     0  rtexit.o(.ARM.Collect$$rtexit$$00000000)
    __rt_exit_ls                             0x080001bd   Thumb Code     0  rtexit2.o(.ARM.Collect$$rtexit$$00000003)
    __rt_exit_prels_1                        0x080001bd   Thumb Code     0  rtexit2.o(.ARM.Collect$$rtexit$$00000002)
    __rt_exit_exit                           0x080001c1   Thumb Code     0  rtexit2.o(.ARM.Collect$$rtexit$$00000004)
    usb_port_set                             0x080001c9   Thumb Code    74  main.o(.text)
    main                                     0x08000213   Thumb Code   106  main.o(.text)
    NMI_Handler                              0x0800029d   Thumb Code     2  stm32f10x_it.o(.text)
    HardFault_Handler                        0x0800029f   Thumb Code     4  stm32f10x_it.o(.text)
    MemManage_Handler                        0x080002a3   Thumb Code     4  stm32f10x_it.o(.text)
    BusFault_Handler                         0x080002a7   Thumb Code     4  stm32f10x_it.o(.text)
    UsageFault_Handler                       0x080002ab   Thumb Code     4  stm32f10x_it.o(.text)
    SVC_Handler                              0x080002af   Thumb Code     2  stm32f10x_it.o(.text)
    DebugMon_Handler                         0x080002b1   Thumb Code     2  stm32f10x_it.o(.text)
    PendSV_Handler                           0x080002b3   Thumb Code     2  stm32f10x_it.o(.text)
    SysTick_Handler                          0x080002b5   Thumb Code     2  stm32f10x_it.o(.text)
    USB_LP_CAN1_RX0_IRQHandler               0x080002b7   Thumb Code     8  stm32f10x_it.o(.text)
    SystemInit                               0x08000389   Thumb Code    78  system_stm32f10x.o(.text)
    SystemCoreClockUpdate                    0x080003d7   Thumb Code   142  system_stm32f10x.o(.text)
    Reset_Handler                            0x08000489   Thumb Code     8  startup_stm32f10x_md.o(.text)
    ADC1_2_IRQHandler                        0x080004a3   Thumb Code     0  startup_stm32f10x_md.o(.text)
    CAN1_RX1_IRQHandler                      0x080004a3   Thumb Code     0  startup_stm32f10x_md.o(.text)
    CAN1_SCE_IRQHandler                      0x080004a3   Thumb Code     0  startup_stm32f10x_md.o(.text)
    DMA1_Channel1_IRQHandler                 0x080004a3   Thumb Code     0  startup_stm32f10x_md.o(.text)
    DMA1_Channel2_IRQHandler                 0x080004a3   Thumb Code     0  startup_stm32f10x_md.o(.text)
    DMA1_Channel3_IRQHandler                 0x080004a3   Thumb Code     0  startup_stm32f10x_md.o(.text)
    DMA1_Channel4_IRQHandler                 0x080004a3   Thumb Code     0  startup_stm32f10x_md.o(.text)
    DMA1_Channel5_IRQHandler                 0x080004a3   Thumb Code     0  startup_stm32f10x_md.o(.text)
    DMA1_Channel6_IRQHandler                 0x080004a3   Thumb Code     0  startup_stm32f10x_md.o(.text)
    DMA1_Channel7_IRQHandler                 0x080004a3   Thumb Code     0  startup_stm32f10x_md.o(.text)
    EXTI0_IRQHandler                         0x080004a3   Thumb Code     0  startup_stm32f10x_md.o(.text)
    EXTI15_10_IRQHandler                     0x080004a3   Thumb Code     0  startup_stm32f10x_md.o(.text)
    EXTI1_IRQHandler                         0x080004a3   Thumb Code     0  startup_stm32f10x_md.o(.text)
    EXTI2_IRQHandler                         0x080004a3   Thumb Code     0  startup_stm32f10x_md.o(.text)
    EXTI3_IRQHandler                         0x080004a3   Thumb Code     0  startup_stm32f10x_md.o(.text)
    EXTI4_IRQHandler                         0x080004a3   Thumb Code     0  startup_stm32f10x_md.o(.text)
    EXTI9_5_IRQHandler                       0x080004a3   Thumb Code     0  startup_stm32f10x_md.o(.text)
    FLASH_IRQHandler                         0x080004a3   Thumb Code     0  startup_stm32f10x_md.o(.text)
    I2C1_ER_IRQHandler                       0x080004a3   Thumb Code     0  startup_stm32f10x_md.o(.text)
    I2C1_EV_IRQHandler                       0x080004a3   Thumb Code     0  startup_stm32f10x_md.o(.text)
    I2C2_ER_IRQHandler                       0x080004a3   Thumb Code     0  startup_stm32f10x_md.o(.text)
    I2C2_EV_IRQHandler                       0x080004a3   Thumb Code     0  startup_stm32f10x_md.o(.text)
    PVD_IRQHandler                           0x080004a3   Thumb Code     0  startup_stm32f10x_md.o(.text)
    RCC_IRQHandler                           0x080004a3   Thumb Code     0  startup_stm32f10x_md.o(.text)
    RTCAlarm_IRQHandler                      0x080004a3   Thumb Code     0  startup_stm32f10x_md.o(.text)
    RTC_IRQHandler                           0x080004a3   Thumb Code     0  startup_stm32f10x_md.o(.text)
    SPI1_IRQHandler                          0x080004a3   Thumb Code     0  startup_stm32f10x_md.o(.text)
    SPI2_IRQHandler                          0x080004a3   Thumb Code     0  startup_stm32f10x_md.o(.text)
    TAMPER_IRQHandler                        0x080004a3   Thumb Code     0  startup_stm32f10x_md.o(.text)
    TIM1_BRK_IRQHandler                      0x080004a3   Thumb Code     0  startup_stm32f10x_md.o(.text)
    TIM1_CC_IRQHandler                       0x080004a3   Thumb Code     0  startup_stm32f10x_md.o(.text)
    TIM1_TRG_COM_IRQHandler                  0x080004a3   Thumb Code     0  startup_stm32f10x_md.o(.text)
    TIM1_UP_IRQHandler                       0x080004a3   Thumb Code     0  startup_stm32f10x_md.o(.text)
    TIM2_IRQHandler                          0x080004a3   Thumb Code     0  startup_stm32f10x_md.o(.text)
    USART2_IRQHandler                        0x080004a3   Thumb Code     0  startup_stm32f10x_md.o(.text)
    USART3_IRQHandler                        0x080004a3   Thumb Code     0  startup_stm32f10x_md.o(.text)
    USBWakeUp_IRQHandler                     0x080004a3   Thumb Code     0  startup_stm32f10x_md.o(.text)
    USB_HP_CAN1_TX_IRQHandler                0x080004a3   Thumb Code     0  startup_stm32f10x_md.o(.text)
    WWDG_IRQHandler                          0x080004a3   Thumb Code     0  startup_stm32f10x_md.o(.text)
    __user_initial_stackheap                 0x080004a5   Thumb Code     0  startup_stm32f10x_md.o(.text)
    NVIC_PriorityGroupConfig                 0x080004c9   Thumb Code    10  misc.o(.text)
    NVIC_Init                                0x080004d3   Thumb Code   102  misc.o(.text)
    NVIC_SetVectorTable                      0x08000539   Thumb Code    14  misc.o(.text)
    NVIC_SystemLPConfig                      0x08000547   Thumb Code    34  misc.o(.text)
    SysTick_CLKSourceConfig                  0x08000569   Thumb Code    40  misc.o(.text)
    ADC_DeInit                               0x080005a5   Thumb Code    78  stm32f10x_adc.o(.text)
    ADC_Init                                 0x080005f3   Thumb Code    70  stm32f10x_adc.o(.text)
    ADC_StructInit                           0x08000639   Thumb Code    18  stm32f10x_adc.o(.text)
    ADC_Cmd                                  0x0800064b   Thumb Code    22  stm32f10x_adc.o(.text)
    ADC_DMACmd                               0x08000661   Thumb Code    22  stm32f10x_adc.o(.text)
    ADC_ITConfig                             0x08000677   Thumb Code    24  stm32f10x_adc.o(.text)
    ADC_ResetCalibration                     0x0800068f   Thumb Code    10  stm32f10x_adc.o(.text)
    ADC_GetResetCalibrationStatus            0x08000699   Thumb Code    20  stm32f10x_adc.o(.text)
    ADC_StartCalibration                     0x080006ad   Thumb Code    10  stm32f10x_adc.o(.text)
    ADC_GetCalibrationStatus                 0x080006b7   Thumb Code    20  stm32f10x_adc.o(.text)
    ADC_SoftwareStartConvCmd                 0x080006cb   Thumb Code    22  stm32f10x_adc.o(.text)
    ADC_GetSoftwareStartConvStatus           0x080006e1   Thumb Code    20  stm32f10x_adc.o(.text)
    ADC_DiscModeChannelCountConfig           0x080006f5   Thumb Code    24  stm32f10x_adc.o(.text)
    ADC_DiscModeCmd                          0x0800070d   Thumb Code    22  stm32f10x_adc.o(.text)
    ADC_RegularChannelConfig                 0x08000723   Thumb Code   184  stm32f10x_adc.o(.text)
    ADC_ExternalTrigConvCmd                  0x080007db   Thumb Code    22  stm32f10x_adc.o(.text)
    ADC_GetConversionValue                   0x080007f1   Thumb Code     8  stm32f10x_adc.o(.text)
    ADC_GetDualModeConversionValue           0x080007f9   Thumb Code     8  stm32f10x_adc.o(.text)
    ADC_AutoInjectedConvCmd                  0x08000801   Thumb Code    22  stm32f10x_adc.o(.text)
    ADC_InjectedDiscModeCmd                  0x08000817   Thumb Code    22  stm32f10x_adc.o(.text)
    ADC_ExternalTrigInjectedConvConfig       0x0800082d   Thumb Code    16  stm32f10x_adc.o(.text)
    ADC_ExternalTrigInjectedConvCmd          0x0800083d   Thumb Code    22  stm32f10x_adc.o(.text)
    ADC_SoftwareStartInjectedConvCmd         0x08000853   Thumb Code    22  stm32f10x_adc.o(.text)
    ADC_GetSoftwareStartInjectedConvCmdStatus 0x08000869   Thumb Code    20  stm32f10x_adc.o(.text)
    ADC_InjectedChannelConfig                0x0800087d   Thumb Code   130  stm32f10x_adc.o(.text)
    ADC_InjectedSequencerLengthConfig        0x080008ff   Thumb Code    24  stm32f10x_adc.o(.text)
    ADC_SetInjectedOffset                    0x08000917   Thumb Code    12  stm32f10x_adc.o(.text)
    ADC_GetInjectedConversionValue           0x08000923   Thumb Code    18  stm32f10x_adc.o(.text)
    ADC_AnalogWatchdogCmd                    0x08000935   Thumb Code    16  stm32f10x_adc.o(.text)
    ADC_AnalogWatchdogThresholdsConfig       0x08000945   Thumb Code     6  stm32f10x_adc.o(.text)
    ADC_AnalogWatchdogSingleChannelConfig    0x0800094b   Thumb Code    16  stm32f10x_adc.o(.text)
    ADC_TempSensorVrefintCmd                 0x0800095b   Thumb Code    38  stm32f10x_adc.o(.text)
    ADC_GetFlagStatus                        0x08000981   Thumb Code    44  stm32f10x_adc.o(.text)
    ADC_ClearFlag                            0x080009ad   Thumb Code     6  stm32f10x_adc.o(.text)
    ADC_GetITStatus                          0x080009b3   Thumb Code    36  stm32f10x_adc.o(.text)
    ADC_ClearITPendingBit                    0x080009d7   Thumb Code    10  stm32f10x_adc.o(.text)
    DMA_DeInit                               0x080009e1   Thumb Code   324  stm32f10x_dma.o(.text)
    DMA_Init                                 0x08000b25   Thumb Code    60  stm32f10x_dma.o(.text)
    DMA_StructInit                           0x08000b61   Thumb Code    26  stm32f10x_dma.o(.text)
    DMA_Cmd                                  0x08000b7b   Thumb Code    24  stm32f10x_dma.o(.text)
    DMA_ITConfig                             0x08000b93   Thumb Code    18  stm32f10x_dma.o(.text)
    DMA_SetCurrDataCounter                   0x08000ba5   Thumb Code     4  stm32f10x_dma.o(.text)
    DMA_GetCurrDataCounter                   0x08000ba9   Thumb Code     8  stm32f10x_dma.o(.text)
    DMA_GetFlagStatus                        0x08000bb1   Thumb Code    38  stm32f10x_dma.o(.text)
    DMA_ClearFlag                            0x08000bd7   Thumb Code    22  stm32f10x_dma.o(.text)
    DMA_GetITStatus                          0x08000bed   Thumb Code    38  stm32f10x_dma.o(.text)
    DMA_ClearITPendingBit                    0x08000c13   Thumb Code    22  stm32f10x_dma.o(.text)
    EXTI_DeInit                              0x08000c31   Thumb Code    28  stm32f10x_exti.o(.text)
    EXTI_Init                                0x08000c4d   Thumb Code   142  stm32f10x_exti.o(.text)
    EXTI_StructInit                          0x08000cdb   Thumb Code    16  stm32f10x_exti.o(.text)
    EXTI_GenerateSWInterrupt                 0x08000ceb   Thumb Code    16  stm32f10x_exti.o(.text)
    EXTI_GetFlagStatus                       0x08000cfb   Thumb Code    22  stm32f10x_exti.o(.text)
    EXTI_ClearFlag                           0x08000d11   Thumb Code     8  stm32f10x_exti.o(.text)
    EXTI_GetITStatus                         0x08000d19   Thumb Code    34  stm32f10x_exti.o(.text)
    EXTI_ClearITPendingBit                   0x08000d3b   Thumb Code     8  stm32f10x_exti.o(.text)
    GPIO_DeInit                              0x08000d4d   Thumb Code   172  stm32f10x_gpio.o(.text)
    GPIO_AFIODeInit                          0x08000df9   Thumb Code    20  stm32f10x_gpio.o(.text)
    GPIO_Init                                0x08000e0d   Thumb Code   274  stm32f10x_gpio.o(.text)
    GPIO_StructInit                          0x08000f1f   Thumb Code    16  stm32f10x_gpio.o(.text)
    GPIO_ReadInputDataBit                    0x08000f2f   Thumb Code    18  stm32f10x_gpio.o(.text)
    GPIO_ReadInputData                       0x08000f41   Thumb Code     8  stm32f10x_gpio.o(.text)
    GPIO_ReadOutputDataBit                   0x08000f49   Thumb Code    18  stm32f10x_gpio.o(.text)
    GPIO_ReadOutputData                      0x08000f5b   Thumb Code     8  stm32f10x_gpio.o(.text)
    GPIO_SetBits                             0x08000f63   Thumb Code     4  stm32f10x_gpio.o(.text)
    GPIO_ResetBits                           0x08000f67   Thumb Code     4  stm32f10x_gpio.o(.text)
    GPIO_WriteBit                            0x08000f6b   Thumb Code    10  stm32f10x_gpio.o(.text)
    GPIO_Write                               0x08000f75   Thumb Code     4  stm32f10x_gpio.o(.text)
    GPIO_PinLockConfig                       0x08000f79   Thumb Code    18  stm32f10x_gpio.o(.text)
    GPIO_EventOutputConfig                   0x08000f8b   Thumb Code    26  stm32f10x_gpio.o(.text)
    GPIO_EventOutputCmd                      0x08000fa5   Thumb Code     6  stm32f10x_gpio.o(.text)
    GPIO_PinRemapConfig                      0x08000fab   Thumb Code   138  stm32f10x_gpio.o(.text)
    GPIO_EXTILineConfig                      0x08001035   Thumb Code    66  stm32f10x_gpio.o(.text)
    GPIO_ETH_MediaInterfaceConfig            0x08001077   Thumb Code     6  stm32f10x_gpio.o(.text)
    RCC_DeInit                               0x080010a5   Thumb Code    64  stm32f10x_rcc.o(.text)
    RCC_HSEConfig                            0x080010e5   Thumb Code    70  stm32f10x_rcc.o(.text)
    RCC_GetFlagStatus                        0x0800112b   Thumb Code    56  stm32f10x_rcc.o(.text)
    RCC_WaitForHSEStartUp                    0x08001163   Thumb Code    48  stm32f10x_rcc.o(.text)
    RCC_AdjustHSICalibrationValue            0x08001193   Thumb Code    20  stm32f10x_rcc.o(.text)
    RCC_HSICmd                               0x080011a7   Thumb Code     6  stm32f10x_rcc.o(.text)
    RCC_PLLConfig                            0x080011ad   Thumb Code    24  stm32f10x_rcc.o(.text)
    RCC_PLLCmd                               0x080011c5   Thumb Code     6  stm32f10x_rcc.o(.text)
    RCC_SYSCLKConfig                         0x080011cb   Thumb Code    18  stm32f10x_rcc.o(.text)
    RCC_GetSYSCLKSource                      0x080011dd   Thumb Code    10  stm32f10x_rcc.o(.text)
    RCC_HCLKConfig                           0x080011e7   Thumb Code    18  stm32f10x_rcc.o(.text)
    RCC_PCLK1Config                          0x080011f9   Thumb Code    18  stm32f10x_rcc.o(.text)
    RCC_PCLK2Config                          0x0800120b   Thumb Code    20  stm32f10x_rcc.o(.text)
    RCC_ITConfig                             0x0800121f   Thumb Code    26  stm32f10x_rcc.o(.text)
    RCC_USBCLKConfig                         0x08001239   Thumb Code     6  stm32f10x_rcc.o(.text)
    RCC_ADCCLKConfig                         0x0800123f   Thumb Code    18  stm32f10x_rcc.o(.text)
    RCC_LSEConfig                            0x08001251   Thumb Code    44  stm32f10x_rcc.o(.text)
    RCC_LSICmd                               0x0800127d   Thumb Code     6  stm32f10x_rcc.o(.text)
    RCC_RTCCLKConfig                         0x08001283   Thumb Code    12  stm32f10x_rcc.o(.text)
    RCC_RTCCLKCmd                            0x0800128f   Thumb Code     8  stm32f10x_rcc.o(.text)
    RCC_GetClocksFreq                        0x08001297   Thumb Code   192  stm32f10x_rcc.o(.text)
    RCC_AHBPeriphClockCmd                    0x08001357   Thumb Code    26  stm32f10x_rcc.o(.text)
    RCC_APB2PeriphClockCmd                   0x08001371   Thumb Code    26  stm32f10x_rcc.o(.text)
    RCC_APB1PeriphClockCmd                   0x0800138b   Thumb Code    26  stm32f10x_rcc.o(.text)
    RCC_APB2PeriphResetCmd                   0x080013a5   Thumb Code    26  stm32f10x_rcc.o(.text)
    RCC_APB1PeriphResetCmd                   0x080013bf   Thumb Code    26  stm32f10x_rcc.o(.text)
    RCC_BackupResetCmd                       0x080013d9   Thumb Code     8  stm32f10x_rcc.o(.text)
    RCC_ClockSecuritySystemCmd               0x080013e1   Thumb Code     6  stm32f10x_rcc.o(.text)
    RCC_MCOConfig                            0x080013e7   Thumb Code     6  stm32f10x_rcc.o(.text)
    RCC_ClearFlag                            0x080013ed   Thumb Code    14  stm32f10x_rcc.o(.text)
    RCC_GetITStatus                          0x080013fb   Thumb Code    20  stm32f10x_rcc.o(.text)
    RCC_ClearITPendingBit                    0x0800140f   Thumb Code     6  stm32f10x_rcc.o(.text)
    TIM_DeInit                               0x08001441   Thumb Code   424  stm32f10x_tim.o(.text)
    TIM_TimeBaseInit                         0x080015e9   Thumb Code   122  stm32f10x_tim.o(.text)
    TIM_OC1Init                              0x08001663   Thumb Code   132  stm32f10x_tim.o(.text)
    TIM_OC2Init                              0x080016e7   Thumb Code   154  stm32f10x_tim.o(.text)
    TIM_OC3Init                              0x08001781   Thumb Code   150  stm32f10x_tim.o(.text)
    TIM_OC4Init                              0x08001817   Thumb Code   182  stm32f10x_tim.o(.text)
    TIM_SetIC4Prescaler                      0x080018cd   Thumb Code    26  stm32f10x_tim.o(.text)
    TIM_SetIC3Prescaler                      0x08001969   Thumb Code    18  stm32f10x_tim.o(.text)
    TIM_SetIC2Prescaler                      0x080019f5   Thumb Code    26  stm32f10x_tim.o(.text)
    TIM_SetIC1Prescaler                      0x08001a91   Thumb Code    18  stm32f10x_tim.o(.text)
    TIM_ICInit                               0x08001b0f   Thumb Code   150  stm32f10x_tim.o(.text)
    TIM_PWMIConfig                           0x08001ba5   Thumb Code   124  stm32f10x_tim.o(.text)
    TIM_BDTRConfig                           0x08001c21   Thumb Code    32  stm32f10x_tim.o(.text)
    TIM_TimeBaseStructInit                   0x08001c41   Thumb Code    18  stm32f10x_tim.o(.text)
    TIM_OCStructInit                         0x08001c53   Thumb Code    20  stm32f10x_tim.o(.text)
    TIM_ICStructInit                         0x08001c67   Thumb Code    18  stm32f10x_tim.o(.text)
    TIM_BDTRStructInit                       0x08001c79   Thumb Code    40  stm32f10x_tim.o(.text)
    TIM_Cmd                                  0x08001ca1   Thumb Code    24  stm32f10x_tim.o(.text)
    TIM_CtrlPWMOutputs                       0x08001cb9   Thumb Code    30  stm32f10x_tim.o(.text)
    TIM_ITConfig                             0x08001cd7   Thumb Code    18  stm32f10x_tim.o(.text)
    TIM_GenerateEvent                        0x08001ce9   Thumb Code     4  stm32f10x_tim.o(.text)
    TIM_DMAConfig                            0x08001ced   Thumb Code    10  stm32f10x_tim.o(.text)
    TIM_DMACmd                               0x08001cf7   Thumb Code    18  stm32f10x_tim.o(.text)
    TIM_InternalClockConfig                  0x08001d09   Thumb Code    12  stm32f10x_tim.o(.text)
    TIM_SelectInputTrigger                   0x08001d15   Thumb Code    18  stm32f10x_tim.o(.text)
    TIM_ITRxExternalClockConfig              0x08001d27   Thumb Code    24  stm32f10x_tim.o(.text)
    TIM_TIxExternalClockConfig               0x08001d3f   Thumb Code    62  stm32f10x_tim.o(.text)
    TIM_ETRConfig                            0x08001d7d   Thumb Code    28  stm32f10x_tim.o(.text)
    TIM_ETRClockMode1Config                  0x08001d99   Thumb Code    54  stm32f10x_tim.o(.text)
    TIM_ETRClockMode2Config                  0x08001dcf   Thumb Code    32  stm32f10x_tim.o(.text)
    TIM_PrescalerConfig                      0x08001def   Thumb Code     6  stm32f10x_tim.o(.text)
    TIM_CounterModeConfig                    0x08001df5   Thumb Code    18  stm32f10x_tim.o(.text)
    TIM_EncoderInterfaceConfig               0x08001e07   Thumb Code    66  stm32f10x_tim.o(.text)
    TIM_ForcedOC1Config                      0x08001e49   Thumb Code    18  stm32f10x_tim.o(.text)
    TIM_ForcedOC2Config                      0x08001e5b   Thumb Code    26  stm32f10x_tim.o(.text)
    TIM_ForcedOC3Config                      0x08001e75   Thumb Code    18  stm32f10x_tim.o(.text)
    TIM_ForcedOC4Config                      0x08001e87   Thumb Code    26  stm32f10x_tim.o(.text)
    TIM_ARRPreloadConfig                     0x08001ea1   Thumb Code    24  stm32f10x_tim.o(.text)
    TIM_SelectCOM                            0x08001eb9   Thumb Code    24  stm32f10x_tim.o(.text)
    TIM_SelectCCDMA                          0x08001ed1   Thumb Code    24  stm32f10x_tim.o(.text)
    TIM_CCPreloadControl                     0x08001ee9   Thumb Code    24  stm32f10x_tim.o(.text)
    TIM_OC1PreloadConfig                     0x08001f01   Thumb Code    18  stm32f10x_tim.o(.text)
    TIM_OC2PreloadConfig                     0x08001f13   Thumb Code    26  stm32f10x_tim.o(.text)
    TIM_OC3PreloadConfig                     0x08001f2d   Thumb Code    18  stm32f10x_tim.o(.text)
    TIM_OC4PreloadConfig                     0x08001f3f   Thumb Code    26  stm32f10x_tim.o(.text)
    TIM_OC1FastConfig                        0x08001f59   Thumb Code    18  stm32f10x_tim.o(.text)
    TIM_OC2FastConfig                        0x08001f6b   Thumb Code    26  stm32f10x_tim.o(.text)
    TIM_OC3FastConfig                        0x08001f85   Thumb Code    18  stm32f10x_tim.o(.text)
    TIM_OC4FastConfig                        0x08001f97   Thumb Code    26  stm32f10x_tim.o(.text)
    TIM_ClearOC1Ref                          0x08001fb1   Thumb Code    18  stm32f10x_tim.o(.text)
    TIM_ClearOC2Ref                          0x08001fc3   Thumb Code    24  stm32f10x_tim.o(.text)
    TIM_ClearOC3Ref                          0x08001fdb   Thumb Code    18  stm32f10x_tim.o(.text)
    TIM_ClearOC4Ref                          0x08001fed   Thumb Code    24  stm32f10x_tim.o(.text)
    TIM_OC1PolarityConfig                    0x08002005   Thumb Code    18  stm32f10x_tim.o(.text)
    TIM_OC1NPolarityConfig                   0x08002017   Thumb Code    18  stm32f10x_tim.o(.text)
    TIM_OC2PolarityConfig                    0x08002029   Thumb Code    26  stm32f10x_tim.o(.text)
    TIM_OC2NPolarityConfig                   0x08002043   Thumb Code    26  stm32f10x_tim.o(.text)
    TIM_OC3PolarityConfig                    0x0800205d   Thumb Code    26  stm32f10x_tim.o(.text)
    TIM_OC3NPolarityConfig                   0x08002077   Thumb Code    26  stm32f10x_tim.o(.text)
    TIM_OC4PolarityConfig                    0x08002091   Thumb Code    26  stm32f10x_tim.o(.text)
    TIM_CCxCmd                               0x080020ab   Thumb Code    30  stm32f10x_tim.o(.text)
    TIM_CCxNCmd                              0x080020c9   Thumb Code    30  stm32f10x_tim.o(.text)
    TIM_SelectOCxM                           0x080020e7   Thumb Code    82  stm32f10x_tim.o(.text)
    TIM_UpdateDisableConfig                  0x08002139   Thumb Code    24  stm32f10x_tim.o(.text)
    TIM_UpdateRequestConfig                  0x08002151   Thumb Code    24  stm32f10x_tim.o(.text)
    TIM_SelectHallSensor                     0x08002169   Thumb Code    24  stm32f10x_tim.o(.text)
    TIM_SelectOnePulseMode                   0x08002181   Thumb Code    18  stm32f10x_tim.o(.text)
    TIM_SelectOutputTrigger                  0x08002193   Thumb Code    18  stm32f10x_tim.o(.text)
    TIM_SelectSlaveMode                      0x080021a5   Thumb Code    18  stm32f10x_tim.o(.text)
    TIM_SelectMasterSlaveMode                0x080021b7   Thumb Code    18  stm32f10x_tim.o(.text)
    TIM_SetCounter                           0x080021c9   Thumb Code     4  stm32f10x_tim.o(.text)
    TIM_SetAutoreload                        0x080021cd   Thumb Code     4  stm32f10x_tim.o(.text)
    TIM_SetCompare1                          0x080021d1   Thumb Code     4  stm32f10x_tim.o(.text)
    TIM_SetCompare2                          0x080021d5   Thumb Code     4  stm32f10x_tim.o(.text)
    TIM_SetCompare3                          0x080021d9   Thumb Code     4  stm32f10x_tim.o(.text)
    TIM_SetCompare4                          0x080021dd   Thumb Code     6  stm32f10x_tim.o(.text)
    TIM_SetClockDivision                     0x080021e3   Thumb Code    18  stm32f10x_tim.o(.text)
    TIM_GetCapture1                          0x080021f5   Thumb Code     6  stm32f10x_tim.o(.text)
    TIM_GetCapture2                          0x080021fb   Thumb Code     6  stm32f10x_tim.o(.text)
    TIM_GetCapture3                          0x08002201   Thumb Code     6  stm32f10x_tim.o(.text)
    TIM_GetCapture4                          0x08002207   Thumb Code     8  stm32f10x_tim.o(.text)
    TIM_GetCounter                           0x0800220f   Thumb Code     6  stm32f10x_tim.o(.text)
    TIM_GetPrescaler                         0x08002215   Thumb Code     6  stm32f10x_tim.o(.text)
    TIM_GetFlagStatus                        0x0800221b   Thumb Code    18  stm32f10x_tim.o(.text)
    TIM_ClearFlag                            0x0800222d   Thumb Code     6  stm32f10x_tim.o(.text)
    TIM_GetITStatus                          0x08002233   Thumb Code    34  stm32f10x_tim.o(.text)
    TIM_ClearITPendingBit                    0x08002255   Thumb Code     6  stm32f10x_tim.o(.text)
    USART_DeInit                             0x0800225d   Thumb Code   134  stm32f10x_usart.o(.text)
    USART_Init                               0x080022e3   Thumb Code   210  stm32f10x_usart.o(.text)
    USART_StructInit                         0x080023b5   Thumb Code    24  stm32f10x_usart.o(.text)
    USART_ClockInit                          0x080023cd   Thumb Code    34  stm32f10x_usart.o(.text)
    USART_ClockStructInit                    0x080023ef   Thumb Code    12  stm32f10x_usart.o(.text)
    USART_Cmd                                0x080023fb   Thumb Code    24  stm32f10x_usart.o(.text)
    USART_ITConfig                           0x08002413   Thumb Code    74  stm32f10x_usart.o(.text)
    USART_DMACmd                             0x0800245d   Thumb Code    18  stm32f10x_usart.o(.text)
    USART_SetAddress                         0x0800246f   Thumb Code    18  stm32f10x_usart.o(.text)
    USART_WakeUpConfig                       0x08002481   Thumb Code    18  stm32f10x_usart.o(.text)
    USART_ReceiverWakeUpCmd                  0x08002493   Thumb Code    24  stm32f10x_usart.o(.text)
    USART_LINBreakDetectLengthConfig         0x080024ab   Thumb Code    18  stm32f10x_usart.o(.text)
    USART_LINCmd                             0x080024bd   Thumb Code    24  stm32f10x_usart.o(.text)
    USART_SendData                           0x080024d5   Thumb Code     8  stm32f10x_usart.o(.text)
    USART_ReceiveData                        0x080024dd   Thumb Code    10  stm32f10x_usart.o(.text)
    USART_SendBreak                          0x080024e7   Thumb Code    10  stm32f10x_usart.o(.text)
    USART_SetGuardTime                       0x080024f1   Thumb Code    16  stm32f10x_usart.o(.text)
    USART_SetPrescaler                       0x08002501   Thumb Code    16  stm32f10x_usart.o(.text)
    USART_SmartCardCmd                       0x08002511   Thumb Code    24  stm32f10x_usart.o(.text)
    USART_SmartCardNACKCmd                   0x08002529   Thumb Code    24  stm32f10x_usart.o(.text)
    USART_HalfDuplexCmd                      0x08002541   Thumb Code    24  stm32f10x_usart.o(.text)
    USART_OverSampling8Cmd                   0x08002559   Thumb Code    22  stm32f10x_usart.o(.text)
    USART_OneBitMethodCmd                    0x0800256f   Thumb Code    24  stm32f10x_usart.o(.text)
    USART_IrDAConfig                         0x08002587   Thumb Code    18  stm32f10x_usart.o(.text)
    USART_IrDACmd                            0x08002599   Thumb Code    24  stm32f10x_usart.o(.text)
    USART_GetFlagStatus                      0x080025b1   Thumb Code    26  stm32f10x_usart.o(.text)
    USART_ClearFlag                          0x080025cb   Thumb Code    18  stm32f10x_usart.o(.text)
    USART_GetITStatus                        0x080025dd   Thumb Code    84  stm32f10x_usart.o(.text)
    USART_ClearITPendingBit                  0x08002631   Thumb Code    52  stm32f10x_usart.o(.text)
    TIM4_Int_Init                            0x08002665   Thumb Code    90  timer.o(.text)
    TIM3_Int_Init                            0x080026bf   Thumb Code    90  timer.o(.text)
    TIM4_IRQHandler                          0x08002719   Thumb Code   298  timer.o(.text)
    TIM3_IRQHandler                          0x08002843   Thumb Code    20  timer.o(.text)
    Adc_Init                                 0x08002885   Thumb Code   160  adc.o(.text)
    Adc_Multi_Init                           0x08002925   Thumb Code   198  adc.o(.text)
    Get_Adc                                  0x080029eb   Thumb Code    52  adc.o(.text)
    Get_Adc_Average                          0x08002a1f   Thumb Code    46  adc.o(.text)
    Get_Multi_Adc                            0x08002a4d   Thumb Code    28  adc.o(.text)
    DMA_USART_Config                         0x08002a79   Thumb Code    82  dma.o(.text)
    DMA_USART_Enable                         0x08002acb   Thumb Code    32  dma.o(.text)
    DMA_ADC_Config                           0x08002aeb   Thumb Code    80  dma.o(.text)
    DMA_ADC_Enable                           0x08002b3b   Thumb Code    22  dma.o(.text)
    uart_init                                0x08002b59   Thumb Code   168  usart.o(.text)
    USART1_IRQHandler                        0x08002c01   Thumb Code    36  usart.o(.text)
    NVIC_Configuration                       0x08002c2d   Thumb Code    12  sys.o(.text)
    delay_init                               0x08002c39   Thumb Code    50  delay.o(.text)
    delay_us                                 0x08002c6b   Thumb Code    70  delay.o(.text)
    delay_ms                                 0x08002cb1   Thumb Code    70  delay.o(.text)
    Standard_GetConfiguration                0x08002d09   Thumb Code    34  usb_core.o(.text)
    Standard_SetConfiguration                0x08002d2b   Thumb Code    60  usb_core.o(.text)
    Standard_GetInterface                    0x08002d67   Thumb Code    34  usb_core.o(.text)
    Standard_SetInterface                    0x08002d89   Thumb Code    96  usb_core.o(.text)
    Standard_GetStatus                       0x08002de9   Thumb Code   230  usb_core.o(.text)
    Standard_ClearFeature                    0x08002ecf   Thumb Code   308  usb_core.o(.text)
    Standard_SetEndPointFeature              0x08003003   Thumb Code   168  usb_core.o(.text)
    Standard_SetDeviceFeature                0x080030ab   Thumb Code    30  usb_core.o(.text)
    Standard_GetDescriptorData               0x080030c9   Thumb Code    32  usb_core.o(.text)
    Post0_Process                            0x08003609   Thumb Code    54  usb_core.o(.text)
    Setup0_Process                           0x0800363f   Thumb Code   170  usb_core.o(.text)
    SetDeviceAddress                         0x080036e9   Thumb Code    66  usb_core.o(.text)
    In0_Process                              0x0800372b   Thumb Code    98  usb_core.o(.text)
    Out0_Process                             0x0800378d   Thumb Code    70  usb_core.o(.text)
    NOP_Process                              0x080037d3   Thumb Code     2  usb_core.o(.text)
    USB_Init                                 0x080037fd   Thumb Code    36  usb_init.o(.text)
    CTR_LP                                   0x08003839   Thumb Code   552  usb_int.o(.text)
    CTR_HP                                   0x08003a61   Thumb Code   142  usb_int.o(.text)
    UserToPMABufferCopy                      0x08003b09   Thumb Code    52  usb_mem.o(.text)
    PMAToUserBufferCopy                      0x08003b3d   Thumb Code    34  usb_mem.o(.text)
    SetCNTR                                  0x08003b65   Thumb Code     6  usb_regs.o(.text)
    GetCNTR                                  0x08003b6b   Thumb Code     8  usb_regs.o(.text)
    SetISTR                                  0x08003b73   Thumb Code     8  usb_regs.o(.text)
    GetISTR                                  0x08003b7b   Thumb Code    10  usb_regs.o(.text)
    GetFNR                                   0x08003b85   Thumb Code    10  usb_regs.o(.text)
    SetDADDR                                 0x08003b8f   Thumb Code     8  usb_regs.o(.text)
    GetDADDR                                 0x08003b97   Thumb Code    10  usb_regs.o(.text)
    SetBTABLE                                0x08003ba1   Thumb Code    14  usb_regs.o(.text)
    GetBTABLE                                0x08003baf   Thumb Code    10  usb_regs.o(.text)
    SetENDPOINT                              0x08003bb9   Thumb Code    10  usb_regs.o(.text)
    GetENDPOINT                              0x08003bc3   Thumb Code    14  usb_regs.o(.text)
    SetEPType                                0x08003bd1   Thumb Code    26  usb_regs.o(.text)
    GetEPType                                0x08003beb   Thumb Code    16  usb_regs.o(.text)
    SetEPTxStatus                            0x08003bfb   Thumb Code    56  usb_regs.o(.text)
    SetEPRxStatus                            0x08003c33   Thumb Code    56  usb_regs.o(.text)
    SetDouBleBuffEPStall                     0x08003c6b   Thumb Code    50  usb_regs.o(.text)
    GetEPTxStatus                            0x08003c9d   Thumb Code    16  usb_regs.o(.text)
    GetEPRxStatus                            0x08003cad   Thumb Code    16  usb_regs.o(.text)
    SetEPTxValid                             0x08003cbd   Thumb Code    42  usb_regs.o(.text)
    SetEPRxValid                             0x08003ce7   Thumb Code    42  usb_regs.o(.text)
    SetEP_KIND                               0x08003d11   Thumb Code    34  usb_regs.o(.text)
    ClearEP_KIND                             0x08003d33   Thumb Code    30  usb_regs.o(.text)
    Clear_Status_Out                         0x08003d51   Thumb Code    30  usb_regs.o(.text)
    Set_Status_Out                           0x08003d6f   Thumb Code    34  usb_regs.o(.text)
    SetEPDoubleBuff                          0x08003d91   Thumb Code    34  usb_regs.o(.text)
    ClearEPDoubleBuff                        0x08003db3   Thumb Code    30  usb_regs.o(.text)
    GetTxStallStatus                         0x08003dd1   Thumb Code    26  usb_regs.o(.text)
    GetRxStallStatus                         0x08003deb   Thumb Code    28  usb_regs.o(.text)
    ClearEP_CTR_RX                           0x08003e07   Thumb Code    28  usb_regs.o(.text)
    ClearEP_CTR_TX                           0x08003e23   Thumb Code    24  usb_regs.o(.text)
    ToggleDTOG_RX                            0x08003e3b   Thumb Code    30  usb_regs.o(.text)
    ToggleDTOG_TX                            0x08003e59   Thumb Code    30  usb_regs.o(.text)
    ClearDTOG_RX                             0x08003e77   Thumb Code    44  usb_regs.o(.text)
    ClearDTOG_TX                             0x08003ea3   Thumb Code    44  usb_regs.o(.text)
    SetEPAddress                             0x08003ecf   Thumb Code    32  usb_regs.o(.text)
    GetEPAddress                             0x08003eef   Thumb Code    16  usb_regs.o(.text)
    SetEPTxAddr                              0x08003eff   Thumb Code    26  usb_regs.o(.text)
    SetEPRxAddr                              0x08003f19   Thumb Code    28  usb_regs.o(.text)
    GetEPTxAddr                              0x08003f35   Thumb Code    32  usb_regs.o(.text)
    GetEPRxAddr                              0x08003f55   Thumb Code    24  usb_regs.o(.text)
    SetEPTxCount                             0x08003f6d   Thumb Code    20  usb_regs.o(.text)
    SetEPCountRxReg                          0x08003f81   Thumb Code    48  usb_regs.o(.text)
    SetEPRxCount                             0x08003fb1   Thumb Code    68  usb_regs.o(.text)
    GetEPTxCount                             0x08003ff5   Thumb Code    26  usb_regs.o(.text)
    GetEPRxCount                             0x0800400f   Thumb Code    26  usb_regs.o(.text)
    SetEPDblBuffAddr                         0x08004029   Thumb Code    44  usb_regs.o(.text)
    SetEPDblBuf0Addr                         0x08004055   Thumb Code    24  usb_regs.o(.text)
    SetEPDblBuf1Addr                         0x0800406d   Thumb Code    26  usb_regs.o(.text)
    GetEPDblBuf0Addr                         0x08004087   Thumb Code    22  usb_regs.o(.text)
    GetEPDblBuf1Addr                         0x0800409d   Thumb Code    24  usb_regs.o(.text)
    SetEPDblBuffCount                        0x080040b5   Thumb Code   186  usb_regs.o(.text)
    SetEPDblBuf0Count                        0x0800416f   Thumb Code    96  usb_regs.o(.text)
    SetEPDblBuf1Count                        0x080041cf   Thumb Code    96  usb_regs.o(.text)
    GetEPDblBuf0Count                        0x0800422f   Thumb Code    26  usb_regs.o(.text)
    GetEPDblBuf1Count                        0x08004249   Thumb Code    26  usb_regs.o(.text)
    GetEPDblBufDir                           0x08004263   Thumb Code    62  usb_regs.o(.text)
    FreeUserBuffer                           0x080042a1   Thumb Code    68  usb_regs.o(.text)
    ToWord                                   0x080042e5   Thumb Code     8  usb_regs.o(.text)
    ByteSwap                                 0x080042ed   Thumb Code    12  usb_regs.o(.text)
    Set_USBClock                             0x08004301   Thumb Code    18  hw_config.o(.text)
    Enter_LowPowerMode                       0x08004313   Thumb Code     8  hw_config.o(.text)
    Leave_LowPowerMode                       0x0800431b   Thumb Code    22  hw_config.o(.text)
    USB_Interrupts_Config                    0x08004331   Thumb Code    92  hw_config.o(.text)
    Data_50_Package_Send                     0x0800438d   Thumb Code    50  hw_config.o(.text)
    Get_SerialNum                            0x080043fd   Thumb Code    42  hw_config.o(.text)
    EP1_OUT_Callback                         0x0800443d   Thumb Code    30  usb_endp.o(.text)
    USB_Istr                                 0x08004465   Thumb Code   222  usb_istr.o(.text)
    CustomHID_init                           0x0800455d   Thumb Code    50  usb_prop.o(.text)
    CustomHID_Reset                          0x0800458f   Thumb Code   238  usb_prop.o(.text)
    CustomHID_SetConfiguration               0x0800467d   Thumb Code    16  usb_prop.o(.text)
    CustomHID_SetDeviceAddress               0x0800468d   Thumb Code     8  usb_prop.o(.text)
    CustomHID_Status_In                      0x08004695   Thumb Code     2  usb_prop.o(.text)
    CustomHID_Status_Out                     0x08004697   Thumb Code     2  usb_prop.o(.text)
    CustomHID_GetProtocolValue               0x08004699   Thumb Code    20  usb_prop.o(.text)
    CustomHID_GetHIDDescriptor               0x080046ad   Thumb Code    14  usb_prop.o(.text)
    CustomHID_GetReportDescriptor            0x080046bb   Thumb Code    14  usb_prop.o(.text)
    CustomHID_Data_Setup                     0x080046c9   Thumb Code   114  usb_prop.o(.text)
    CustomHID_SetProtocol                    0x0800473b   Thumb Code    14  usb_prop.o(.text)
    CustomHID_NoData_Setup                   0x08004749   Thumb Code    32  usb_prop.o(.text)
    CustomHID_GetDeviceDescriptor            0x08004769   Thumb Code    14  usb_prop.o(.text)
    CustomHID_GetConfigDescriptor            0x08004777   Thumb Code    14  usb_prop.o(.text)
    CustomHID_GetStringDescriptor            0x08004785   Thumb Code    32  usb_prop.o(.text)
    CustomHID_Get_Interface_Setting          0x080047a5   Thumb Code    22  usb_prop.o(.text)
    PowerOn                                  0x080047ed   Thumb Code    40  usb_pwr.o(.text)
    PowerOff                                 0x08004815   Thumb Code    22  usb_pwr.o(.text)
    Suspend                                  0x0800482b   Thumb Code    34  usb_pwr.o(.text)
    Resume_Init                              0x0800484d   Thumb Code    30  usb_pwr.o(.text)
    Resume                                   0x0800486b   Thumb Code   168  usb_pwr.o(.text)
    __use_two_region_memory                  0x08004921   Thumb Code     2  heapauxi.o(.text)
    __rt_heap_escrow$2region                 0x08004923   Thumb Code     2  heapauxi.o(.text)
    __rt_heap_expand$2region                 0x08004925   Thumb Code     2  heapauxi.o(.text)
    __user_setup_stackheap                   0x08004927   Thumb Code    74  sys_stackheap_outer.o(.text)
    exit                                     0x08004971   Thumb Code    12  exit.o(.text)
    __user_libspace                          0x0800497d   Thumb Code     8  libspace.o(.text)
    __user_perproc_libspace                  0x0800497d   Thumb Code     0  libspace.o(.text)
    __user_perthread_libspace                0x0800497d   Thumb Code     0  libspace.o(.text)
    _sys_exit                                0x08004985   Thumb Code     8  sys_exit.o(.text)
    __I$use$semihosting                      0x08004991   Thumb Code     0  use_no_semi.o(.text)
    __use_no_semihosting_swi                 0x08004991   Thumb Code     2  use_no_semi.o(.text)
    CustomHID_DeviceDescriptor               0x08004992   Data          18  usb_desc.o(.constdata)
    __semihosting_library_function           0x08004993   Thumb Code     0  indicate_semi.o(.text)
    CustomHID_ConfigDescriptor               0x080049a4   Data          41  usb_desc.o(.constdata)
    CustomHID_ReportDescriptor               0x080049cd   Data          33  usb_desc.o(.constdata)
    CustomHID_StringLangID                   0x080049ee   Data           4  usb_desc.o(.constdata)
    CustomHID_StringVendor                   0x080049f2   Data          38  usb_desc.o(.constdata)
    CustomHID_StringProduct                  0x08004a18   Data          32  usb_desc.o(.constdata)
    Region$$Table$$Base                      0x08004a38   Number         0  anon$$obj.o(Region$$Table)
    Region$$Table$$Limit                     0x08004a58   Number         0  anon$$obj.o(Region$$Table)
    SendBuff                                 0x20000000   Data           5  main.o(.data)
    AD_Value                                 0x20000006   Data           8  main.o(.data)
    SystemCoreClock                          0x20000010   Data           4  system_stm32f10x.o(.data)
    AHBPrescTable                            0x20000014   Data          16  system_stm32f10x.o(.data)
    adcValue                                 0x20000038   Data           2  timer.o(.data)
    cursor                                   0x2000003a   Data           1  timer.o(.data)
    loopcnt                                  0x2000003b   Data           1  timer.o(.data)
    HexTable                                 0x2000003c   Data          16  timer.o(.data)
    USBTable                                 0x2000004c   Data          16  timer.o(.data)
    AdcChar                                  0x2000005c   Data           4  timer.o(.data)
    DMA1_MEM_LEN                             0x20000060   Data           2  dma.o(.data)
    Data_Mul_MaxPacketSize                   0x20000066   Data           1  usb_core.o(.data)
    StatusInfo                               0x20000068   Data           2  usb_core.o(.data)
    EPindex                                  0x2000006c   Data           1  usb_init.o(.data)
    pInformation                             0x20000070   Data           4  usb_init.o(.data)
    pProperty                                0x20000074   Data           4  usb_init.o(.data)
    SaveState                                0x20000078   Data           2  usb_init.o(.data)
    wInterrupt_Mask                          0x2000007a   Data           2  usb_init.o(.data)
    pUser_Standard_Requests                  0x2000007c   Data           4  usb_init.o(.data)
    SaveRState                               0x20000080   Data           2  usb_int.o(.data)
    SaveTState                               0x20000082   Data           2  usb_int.o(.data)
    CustomHID_StringSerial                   0x20000084   Data          26  usb_desc.o(.data)
    USB_ReceiveFlg                           0x2000009e   Data           1  usb_endp.o(.data)
    bIntPackSOF                              0x200000a0   Data           1  usb_istr.o(.data)
    pEpInt_OUT                               0x200000a4   Data          28  usb_istr.o(.data)
    wIstr                                    0x200000c0   Data           2  usb_istr.o(.data)
    Device_Table                             0x200000c4   Data           2  usb_prop.o(.data)
    Device_Property                          0x200000c8   Data          48  usb_prop.o(.data)
    User_Standard_Requests                   0x200000f8   Data          36  usb_prop.o(.data)
    Device_Descriptor                        0x2000011c   Data           8  usb_prop.o(.data)
    Config_Descriptor                        0x20000124   Data           8  usb_prop.o(.data)
    CustomHID_Report_Descriptor              0x2000012c   Data           8  usb_prop.o(.data)
    CustomHID_Hid_Descriptor                 0x20000134   Data           8  usb_prop.o(.data)
    String_Descriptor                        0x2000013c   Data          32  usb_prop.o(.data)
    ProtocolValue                            0x2000015c   Data           4  usb_prop.o(.data)
    bDeviceState                             0x20000160   Data           4  usb_pwr.o(.data)
    fSuspendEnabled                          0x20000164   Data           1  usb_pwr.o(.data)
    ResumeS                                  0x20000165   Data           2  usb_pwr.o(.data)
    data                                     0x20000168   Data         480  timer.o(.bss)
    USBBuff                                  0x20000348   Data          50  timer.o(.bss)
    DMA_InitStructure                        0x2000037c   Data          44  dma.o(.bss)
    Device_Info                              0x200003a8   Data          28  usb_init.o(.bss)
    Receive_Buffer                           0x200003c4   Data          50  usb_endp.o(.bss)
    Transi_Buffer                            0x200003f6   Data          50  usb_endp.o(.bss)
    __libspace_start                         0x20000428   Data          96  libspace.o(.bss)
    __temporary_stack_top$libspace           0x20000488   Data           0  libspace.o(.bss)



==============================================================================

Memory Map of the image

  Image Entry point : 0x080000ed

  Load Region LR_IROM1 (Base: 0x08000000, Size: 0x00004bc0, Max: 0x00010000, ABSOLUTE, COMPRESSED[0x00004b0c])

    Execution Region ER_IROM1 (Base: 0x08000000, Size: 0x00004a58, Max: 0x00010000, ABSOLUTE)

    Base Addr    Size         Type   Attr      Idx    E Section Name        Object

    0x08000000   0x000000ec   Data   RO          184    RESET               startup_stm32f10x_md.o
    0x080000ec   0x00000008   Code   RO          855  * !!!main             c_w.l(__main.o)
    0x080000f4   0x00000034   Code   RO         1050    !!!scatter          c_w.l(__scatter.o)
    0x08000128   0x0000005a   Code   RO         1048    !!dczerorl2         c_w.l(__dczerorl2.o)
    0x08000182   0x00000002   PAD
    0x08000184   0x0000001c   Code   RO         1052    !!handler_zi        c_w.l(__scatter_zi.o)
    0x080001a0   0x00000002   Code   RO          921    .ARM.Collect$$libinit$$00000000  c_w.l(libinit.o)
    0x080001a2   0x00000000   Code   RO          928    .ARM.Collect$$libinit$$00000002  c_w.l(libinit2.o)
    0x080001a2   0x00000000   Code   RO          931    .ARM.Collect$$libinit$$00000008  c_w.l(libinit2.o)
    0x080001a2   0x00000000   Code   RO          933    .ARM.Collect$$libinit$$0000000A  c_w.l(libinit2.o)
    0x080001a2   0x00000000   Code   RO          935    .ARM.Collect$$libinit$$0000000C  c_w.l(libinit2.o)
    0x080001a2   0x00000000   Code   RO          938    .ARM.Collect$$libinit$$0000000F  c_w.l(libinit2.o)
    0x080001a2   0x00000000   Code   RO          940    .ARM.Collect$$libinit$$00000011  c_w.l(libinit2.o)
    0x080001a2   0x00000000   Code   RO          942    .ARM.Collect$$libinit$$00000013  c_w.l(libinit2.o)
    0x080001a2   0x00000000   Code   RO          944    .ARM.Collect$$libinit$$00000015  c_w.l(libinit2.o)
    0x080001a2   0x00000000   Code   RO          946    .ARM.Collect$$libinit$$00000017  c_w.l(libinit2.o)
    0x080001a2   0x00000000   Code   RO          948    .ARM.Collect$$libinit$$00000019  c_w.l(libinit2.o)
    0x080001a2   0x00000000   Code   RO          950    .ARM.Collect$$libinit$$0000001B  c_w.l(libinit2.o)
    0x080001a2   0x00000000   Code   RO          952    .ARM.Collect$$libinit$$0000001D  c_w.l(libinit2.o)
    0x080001a2   0x00000000   Code   RO          954    .ARM.Collect$$libinit$$0000001F  c_w.l(libinit2.o)
    0x080001a2   0x00000000   Code   RO          956    .ARM.Collect$$libinit$$00000021  c_w.l(libinit2.o)
    0x080001a2   0x00000000   Code   RO          958    .ARM.Collect$$libinit$$00000023  c_w.l(libinit2.o)
    0x080001a2   0x00000000   Code   RO          962    .ARM.Collect$$libinit$$0000002A  c_w.l(libinit2.o)
    0x080001a2   0x00000000   Code   RO          964    .ARM.Collect$$libinit$$0000002C  c_w.l(libinit2.o)
    0x080001a2   0x00000000   Code   RO          966    .ARM.Collect$$libinit$$0000002E  c_w.l(libinit2.o)
    0x080001a2   0x00000000   Code   RO          968    .ARM.Collect$$libinit$$00000030  c_w.l(libinit2.o)
    0x080001a2   0x00000002   Code   RO          969    .ARM.Collect$$libinit$$00000031  c_w.l(libinit2.o)
    0x080001a4   0x00000002   Code   RO          989    .ARM.Collect$$libshutdown$$00000000  c_w.l(libshutdown.o)
    0x080001a6   0x00000000   Code   RO         1003    .ARM.Collect$$libshutdown$$00000003  c_w.l(libshutdown2.o)
    0x080001a6   0x00000000   Code   RO         1006    .ARM.Collect$$libshutdown$$00000006  c_w.l(libshutdown2.o)
    0x080001a6   0x00000000   Code   RO         1009    .ARM.Collect$$libshutdown$$00000009  c_w.l(libshutdown2.o)
    0x080001a6   0x00000000   Code   RO         1011    .ARM.Collect$$libshutdown$$0000000B  c_w.l(libshutdown2.o)
    0x080001a6   0x00000000   Code   RO         1014    .ARM.Collect$$libshutdown$$0000000E  c_w.l(libshutdown2.o)
    0x080001a6   0x00000002   Code   RO         1015    .ARM.Collect$$libshutdown$$0000000F  c_w.l(libshutdown2.o)
    0x080001a8   0x00000000   Code   RO          887    .ARM.Collect$$rtentry$$00000000  c_w.l(rtentry.o)
    0x080001a8   0x00000000   Code   RO          898    .ARM.Collect$$rtentry$$00000002  c_w.l(rtentry2.o)
    0x080001a8   0x00000006   Code   RO          910    .ARM.Collect$$rtentry$$00000004  c_w.l(rtentry4.o)
    0x080001ae   0x00000000   Code   RO          900    .ARM.Collect$$rtentry$$00000009  c_w.l(rtentry2.o)
    0x080001ae   0x00000004   Code   RO          901    .ARM.Collect$$rtentry$$0000000A  c_w.l(rtentry2.o)
    0x080001b2   0x00000000   Code   RO          903    .ARM.Collect$$rtentry$$0000000C  c_w.l(rtentry2.o)
    0x080001b2   0x00000008   Code   RO          904    .ARM.Collect$$rtentry$$0000000D  c_w.l(rtentry2.o)
    0x080001ba   0x00000002   Code   RO          925    .ARM.Collect$$rtexit$$00000000  c_w.l(rtexit.o)
    0x080001bc   0x00000000   Code   RO          971    .ARM.Collect$$rtexit$$00000002  c_w.l(rtexit2.o)
    0x080001bc   0x00000004   Code   RO          972    .ARM.Collect$$rtexit$$00000003  c_w.l(rtexit2.o)
    0x080001c0   0x00000006   Code   RO          973    .ARM.Collect$$rtexit$$00000004  c_w.l(rtexit2.o)
    0x080001c6   0x00000002   PAD
    0x080001c8   0x000000d4   Code   RO            1    .text               main.o
    0x0800029c   0x00000022   Code   RO          128    .text               stm32f10x_it.o
    0x080002be   0x00000002   PAD
    0x080002c0   0x000001c8   Code   RO          153    .text               system_stm32f10x.o
    0x08000488   0x00000040   Code   RO          185    .text               startup_stm32f10x_md.o
    0x080004c8   0x000000dc   Code   RO          189    .text               misc.o
    0x080005a4   0x0000043c   Code   RO          224    .text               stm32f10x_adc.o
    0x080009e0   0x00000250   Code   RO          323    .text               stm32f10x_dma.o
    0x08000c30   0x0000011c   Code   RO          335    .text               stm32f10x_exti.o
    0x08000d4c   0x00000358   Code   RO          377    .text               stm32f10x_gpio.o
    0x080010a4   0x0000039c   Code   RO          434    .text               stm32f10x_rcc.o
    0x08001440   0x00000e1a   Code   RO          493    .text               stm32f10x_tim.o
    0x0800225a   0x00000002   PAD
    0x0800225c   0x00000408   Code   RO          505    .text               stm32f10x_usart.o
    0x08002664   0x00000220   Code   RO          532    .text               timer.o
    0x08002884   0x000001f4   Code   RO          564    .text               adc.o
    0x08002a78   0x000000e0   Code   RO          577    .text               dma.o
    0x08002b58   0x000000d4   Code   RO          593    .text               usart.o
    0x08002c2c   0x0000000c   Code   RO          612    .text               sys.o
    0x08002c38   0x000000d0   Code   RO          624    .text               delay.o
    0x08002d08   0x00000af4   Code   RO          638    .text               usb_core.o
    0x080037fc   0x0000003c   Code   RO          653    .text               usb_init.o
    0x08003838   0x000002d0   Code   RO          676    .text               usb_int.o
    0x08003b08   0x0000005c   Code   RO          700    .text               usb_mem.o
    0x08003b64   0x0000079c   Code   RO          712    .text               usb_regs.o
    0x08004300   0x0000013c   Code   RO          736    .text               hw_config.o
    0x0800443c   0x00000028   Code   RO          773    .text               usb_endp.o
    0x08004464   0x000000f8   Code   RO          789    .text               usb_istr.o
    0x0800455c   0x00000290   Code   RO          810    .text               usb_prop.o
    0x080047ec   0x00000134   Code   RO          833    .text               usb_pwr.o
    0x08004920   0x00000006   Code   RO          853    .text               c_w.l(heapauxi.o)
    0x08004926   0x0000004a   Code   RO          912    .text               c_w.l(sys_stackheap_outer.o)
    0x08004970   0x0000000c   Code   RO          914    .text               c_w.l(exit.o)
    0x0800497c   0x00000008   Code   RO          922    .text               c_w.l(libspace.o)
    0x08004984   0x0000000c   Code   RO          981    .text               c_w.l(sys_exit.o)
    0x08004990   0x00000002   Code   RO          992    .text               c_w.l(use_no_semi.o)
    0x08004992   0x00000000   Code   RO          994    .text               c_w.l(indicate_semi.o)
    0x08004992   0x000000a6   Data   RO          760    .constdata          usb_desc.o
    0x08004a38   0x00000020   Data   RO         1046    Region$$Table       anon$$obj.o


    Execution Region RW_IRAM1 (Base: 0x20000000, Size: 0x00000a88, Max: 0x00005000, ABSOLUTE, COMPRESSED[0x000000b4])

    Base Addr    Size         Type   Attr      Idx    E Section Name        Object

    0x20000000   0x0000000e   Data   RW            2    .data               main.o
    0x2000000e   0x00000002   PAD
    0x20000010   0x00000014   Data   RW          154    .data               system_stm32f10x.o
    0x20000024   0x00000014   Data   RW          435    .data               stm32f10x_rcc.o
    0x20000038   0x00000028   Data   RW          534    .data               timer.o
    0x20000060   0x00000002   Data   RW          579    .data               dma.o
    0x20000062   0x00000004   Data   RW          625    .data               delay.o
    0x20000066   0x00000004   Data   RW          639    .data               usb_core.o
    0x2000006a   0x00000002   PAD
    0x2000006c   0x00000014   Data   RW          655    .data               usb_init.o
    0x20000080   0x00000004   Data   RW          677    .data               usb_int.o
    0x20000084   0x0000001a   Data   RW          761    .data               usb_desc.o
    0x2000009e   0x00000001   Data   RW          775    .data               usb_endp.o
    0x2000009f   0x00000001   PAD
    0x200000a0   0x00000022   Data   RW          790    .data               usb_istr.o
    0x200000c2   0x00000002   PAD
    0x200000c4   0x0000009c   Data   RW          811    .data               usb_prop.o
    0x20000160   0x00000007   Data   RW          834    .data               usb_pwr.o
    0x20000167   0x00000001   PAD
    0x20000168   0x00000212   Zero   RW          533    .bss                timer.o
    0x2000037a   0x00000002   PAD
    0x2000037c   0x0000002c   Zero   RW          578    .bss                dma.o
    0x200003a8   0x0000001c   Zero   RW          654    .bss                usb_init.o
    0x200003c4   0x00000064   Zero   RW          774    .bss                usb_endp.o
    0x20000428   0x00000060   Zero   RW          923    .bss                c_w.l(libspace.o)
    0x20000488   0x00000200   Zero   RW          183    HEAP                startup_stm32f10x_md.o
    0x20000688   0x00000400   Zero   RW          182    STACK               startup_stm32f10x_md.o


==============================================================================

Image component sizes


      Code (inc. data)   RO Data    RW Data    ZI Data      Debug   Object Name

       500         16          0          0          0       1596   adc.o
         0          0          0          0          0         32   core_cm3.o
       208         18          0          4          0        895   delay.o
       224          8          0          2         44       1711   dma.o
       316         22          0          0          0       2257   hw_config.o
       212         32          0         14          0     270120   main.o
       220         20          0          0          0     215941   misc.o
        64         26        236          0       1536        736   startup_stm32f10x_md.o
      1084         26          0          0          0      10693   stm32f10x_adc.o
       592          8          0          0          0       4202   stm32f10x_dma.o
       284         10          0          0          0       2115   stm32f10x_exti.o
       856         40          0          0          0       5529   stm32f10x_gpio.o
        34          0          0          0          0       1609   stm32f10x_it.o
       924         44          0         20          0       8640   stm32f10x_rcc.o
      3610         88          0          0          0      22012   stm32f10x_tim.o
      1032         22          0          0          0       8252   stm32f10x_usart.o
        12          0          0          0          0        393   sys.o
       456         36          0         20          0       1571   system_stm32f10x.o
       544         46          0         40        530       2062   timer.o
       212          8          0          0          0        794   usart.o
      2804        102          0          4          0       7815   usb_core.o
         0          0        166         26          0        928   usb_desc.o
        40         10          0          1        100       1017   usb_endp.o
        60         24          0         20         28       3730   usb_init.o
       720         26          0          4          0       1557   usb_int.o
       248         26          0         34          0       1082   usb_istr.o
        92          6          0          0          0       1194   usb_mem.o
       656         50          0        156          0       7343   usb_prop.o
       308         22          0          7          0       2297   usb_pwr.o
      1948         16          0          0          0      11353   usb_regs.o

    ----------------------------------------------------------------------
     18264        752        434        360       2240     599476   Object Totals
         0          0         32          0          0          0   (incl. Generated)
         4          0          0          8          2          0   (incl. Padding)

    ----------------------------------------------------------------------

      Code (inc. data)   RO Data    RW Data    ZI Data      Debug   Library Member Name

        90          0          0          0          0          0   __dczerorl2.o
         8          0          0          0          0         68   __main.o
        52          8          0          0          0          0   __scatter.o
        28          0          0          0          0          0   __scatter_zi.o
        12          0          0          0          0         72   exit.o
         6          0          0          0          0        152   heapauxi.o
         0          0          0          0          0          0   indicate_semi.o
         2          0          0          0          0          0   libinit.o
         2          0          0          0          0          0   libinit2.o
         2          0          0          0          0          0   libshutdown.o
         2          0          0          0          0          0   libshutdown2.o
         8          4          0          0         96         68   libspace.o
         0          0          0          0          0          0   rtentry.o
        12          0          0          0          0          0   rtentry2.o
         6          0          0          0          0          0   rtentry4.o
         2          0          0          0          0          0   rtexit.o
        10          0          0          0          0          0   rtexit2.o
        12          4          0          0          0         68   sys_exit.o
        74          0          0          0          0         80   sys_stackheap_outer.o
         2          0          0          0          0         68   use_no_semi.o

    ----------------------------------------------------------------------
       334         16          0          0         96        576   Library Totals
         4          0          0          0          0          0   (incl. Padding)

    ----------------------------------------------------------------------

      Code (inc. data)   RO Data    RW Data    ZI Data      Debug   Library Name

       330         16          0          0         96        576   c_w.l

    ----------------------------------------------------------------------
       334         16          0          0         96        576   Library Totals

    ----------------------------------------------------------------------

==============================================================================


      Code (inc. data)   RO Data    RW Data    ZI Data      Debug   

     18598        768        434        360       2336     597036   Grand Totals
     18598        768        434        180       2336     597036   ELF Image Totals (compressed)
     18598        768        434        180          0          0   ROM Totals

==============================================================================

    Total RO  Size (Code + RO Data)                19032 (  18.59kB)
    Total RW  Size (RW Data + ZI Data)              2696 (   2.63kB)
    Total ROM Size (Code + RO Data + RW Data)      19212 (  18.76kB)

==============================================================================

